[0.020s] Invoking command in '/home/mahmudch/Desktop/ROS_udemy/code/rosCode/ros2_ws/build/simple_interfaces_pkg': CMAKE_PREFIX_PATH=${CMAKE_PREFIX_PATH}:/home/mahmudch/robot_ws/install/robot_node_py_pkg:/opt/ros/humble /usr/bin/cmake /home/mahmudch/Desktop/ROS_udemy/code/rosCode/ros2_ws/src/simple_interfaces_pkg -DCMAKE_INSTALL_PREFIX=/home/mahmudch/Desktop/ROS_udemy/code/rosCode/ros2_ws/install/simple_interfaces_pkg
[0.337s] -- Found ament_cmake: 1.3.12 (/opt/ros/humble/share/ament_cmake/cmake)
[0.337s] -- Override CMake install command with custom implementation using symlinks instead of copying resources
[0.338s] -- Found rosidl_default_generators: 1.2.0 (/opt/ros/humble/share/rosidl_default_generators/cmake)
[0.338s] -- Using all available rosidl_typesupport_c: rosidl_typesupport_fastrtps_c;rosidl_typesupport_introspection_c
[0.338s] -- Found rosidl_adapter: 3.1.8 (/opt/ros/humble/share/rosidl_adapter/cmake)
[0.338s] -- Using all available rosidl_typesupport_cpp: rosidl_typesupport_fastrtps_cpp;rosidl_typesupport_introspection_cpp
[0.500s] -- Found ament_cmake_ros: 0.10.0 (/opt/ros/humble/share/ament_cmake_ros/cmake)
[0.718s] -- Using all available rosidl_typesupport_c: rosidl_typesupport_fastrtps_c;rosidl_typesupport_introspection_c
[0.950s] -- Using all available rosidl_typesupport_cpp: rosidl_typesupport_fastrtps_cpp;rosidl_typesupport_introspection_cpp
[0.969s] -- Found python_cmake_module: 0.10.0 (/opt/ros/humble/share/python_cmake_module/cmake)
[0.988s] -- Using PYTHON_EXECUTABLE: /usr/bin/python3
[0.988s] -- Using PYTHON_INCLUDE_DIRS: /usr/include/python3.10
[0.988s] -- Using PYTHON_LIBRARIES: /usr/lib/x86_64-linux-gnu/libpython3.10.so
[1.005s] -- Configuring done
[1.030s] -- Generating done
[1.043s] -- Build files have been written to: /home/mahmudch/Desktop/ROS_udemy/code/rosCode/ros2_ws/build/simple_interfaces_pkg
[1.049s] Invoked command in '/home/mahmudch/Desktop/ROS_udemy/code/rosCode/ros2_ws/build/simple_interfaces_pkg' returned '0': CMAKE_PREFIX_PATH=${CMAKE_PREFIX_PATH}:/home/mahmudch/robot_ws/install/robot_node_py_pkg:/opt/ros/humble /usr/bin/cmake /home/mahmudch/Desktop/ROS_udemy/code/rosCode/ros2_ws/src/simple_interfaces_pkg -DCMAKE_INSTALL_PREFIX=/home/mahmudch/Desktop/ROS_udemy/code/rosCode/ros2_ws/install/simple_interfaces_pkg
[1.050s] Invoking command in '/home/mahmudch/Desktop/ROS_udemy/code/rosCode/ros2_ws/build/simple_interfaces_pkg': CMAKE_PREFIX_PATH=${CMAKE_PREFIX_PATH}:/home/mahmudch/robot_ws/install/robot_node_py_pkg:/opt/ros/humble /usr/bin/cmake --build /home/mahmudch/Desktop/ROS_udemy/code/rosCode/ros2_ws/build/simple_interfaces_pkg -- -j12 -l12
[1.082s] [35m[1mConsolidate compiler generated dependencies of target simple_interfaces_pkg__rosidl_generator_c[0m
[1.091s] [  2%] Built target simple_interfaces_pkg__cpp
[1.093s] [ 12%] Built target simple_interfaces_pkg__rosidl_generator_c
[1.100s] [ 12%] Built target ament_cmake_python_symlink_simple_interfaces_pkg
[1.101s] [35m[1mConsolidate compiler generated dependencies of target simple_interfaces_pkg__rosidl_typesupport_cpp[0m
[1.102s] [35m[1mConsolidate compiler generated dependencies of target simple_interfaces_pkg__rosidl_typesupport_fastrtps_cpp[0m
[1.104s] [35m[1mConsolidate compiler generated dependencies of target simple_interfaces_pkg__rosidl_typesupport_fastrtps_c[0m
[1.106s] [35m[1mConsolidate compiler generated dependencies of target simple_interfaces_pkg__rosidl_typesupport_introspection_cpp[0m
[1.108s] [35m[1mConsolidate compiler generated dependencies of target simple_interfaces_pkg__rosidl_typesupport_c[0m
[1.108s] [35m[1mConsolidate compiler generated dependencies of target simple_interfaces_pkg__rosidl_typesupport_introspection_c[0m
[1.115s] [ 23%] Built target simple_interfaces_pkg__rosidl_typesupport_cpp
[1.116s] [ 33%] Built target simple_interfaces_pkg__rosidl_typesupport_fastrtps_cpp
[1.121s] [ 43%] Built target simple_interfaces_pkg__rosidl_typesupport_c
[1.122s] [ 58%] Built target simple_interfaces_pkg__rosidl_typesupport_introspection_c
[1.122s] [ 64%] Built target simple_interfaces_pkg__rosidl_typesupport_fastrtps_c
[1.122s] [ 74%] Built target simple_interfaces_pkg__rosidl_typesupport_introspection_cpp
[1.146s] [ 74%] Built target simple_interfaces_pkg
[1.165s] [ 76%] Built target simple_interfaces_pkg__py
[1.174s] [35m[1mConsolidate compiler generated dependencies of target simple_interfaces_pkg__rosidl_generator_py[0m
[1.185s] [ 84%] Built target simple_interfaces_pkg__rosidl_generator_py
[1.195s] [35m[1mConsolidate compiler generated dependencies of target simple_interfaces_pkg__rosidl_typesupport_fastrtps_c__pyext[0m
[1.196s] [35m[1mConsolidate compiler generated dependencies of target simple_interfaces_pkg__rosidl_typesupport_introspection_c__pyext[0m
[1.196s] [35m[1mConsolidate compiler generated dependencies of target simple_interfaces_pkg__rosidl_typesupport_c__pyext[0m
[1.207s] [100%] Built target simple_interfaces_pkg__rosidl_typesupport_fastrtps_c__pyext
[1.207s] [100%] Built target simple_interfaces_pkg__rosidl_typesupport_introspection_c__pyext
[1.208s] [100%] Built target simple_interfaces_pkg__rosidl_typesupport_c__pyext
[1.364s] running egg_info
[1.365s] writing simple_interfaces_pkg.egg-info/PKG-INFO
[1.365s] writing dependency_links to simple_interfaces_pkg.egg-info/dependency_links.txt
[1.365s] writing top-level names to simple_interfaces_pkg.egg-info/top_level.txt
[1.367s] reading manifest file 'simple_interfaces_pkg.egg-info/SOURCES.txt'
[1.368s] writing manifest file 'simple_interfaces_pkg.egg-info/SOURCES.txt'
[1.388s] [100%] Built target ament_cmake_python_build_simple_interfaces_pkg_egg
[1.396s] Invoked command in '/home/mahmudch/Desktop/ROS_udemy/code/rosCode/ros2_ws/build/simple_interfaces_pkg' returned '0': CMAKE_PREFIX_PATH=${CMAKE_PREFIX_PATH}:/home/mahmudch/robot_ws/install/robot_node_py_pkg:/opt/ros/humble /usr/bin/cmake --build /home/mahmudch/Desktop/ROS_udemy/code/rosCode/ros2_ws/build/simple_interfaces_pkg -- -j12 -l12
[1.397s] Invoking command in '/home/mahmudch/Desktop/ROS_udemy/code/rosCode/ros2_ws/build/simple_interfaces_pkg': CMAKE_PREFIX_PATH=${CMAKE_PREFIX_PATH}:/home/mahmudch/robot_ws/install/robot_node_py_pkg:/opt/ros/humble /usr/bin/cmake --install /home/mahmudch/Desktop/ROS_udemy/code/rosCode/ros2_ws/build/simple_interfaces_pkg
[1.403s] -- Install configuration: ""
[1.403s] -- Execute custom install script
[1.404s] -- Up-to-date symlink: /home/mahmudch/Desktop/ROS_udemy/code/rosCode/ros2_ws/install/simple_interfaces_pkg/share/ament_index/resource_index/rosidl_interfaces/simple_interfaces_pkg
[1.404s] -- Up-to-date symlink: /home/mahmudch/Desktop/ROS_udemy/code/rosCode/ros2_ws/install/simple_interfaces_pkg/include/simple_interfaces_pkg/simple_interfaces_pkg/msg/components_status.h
[1.404s] -- Up-to-date symlink: /home/mahmudch/Desktop/ROS_udemy/code/rosCode/ros2_ws/install/simple_interfaces_pkg/include/simple_interfaces_pkg/simple_interfaces_pkg/msg/detail/components_status__functions.h
[1.404s] -- Up-to-date symlink: /home/mahmudch/Desktop/ROS_udemy/code/rosCode/ros2_ws/install/simple_interfaces_pkg/include/simple_interfaces_pkg/simple_interfaces_pkg/msg/detail/components_status__struct.h
[1.404s] -- Up-to-date symlink: /home/mahmudch/Desktop/ROS_udemy/code/rosCode/ros2_ws/install/simple_interfaces_pkg/include/simple_interfaces_pkg/simple_interfaces_pkg/msg/detail/components_status__type_support.h
[1.404s] -- Up-to-date symlink: /home/mahmudch/Desktop/ROS_udemy/code/rosCode/ros2_ws/install/simple_interfaces_pkg/include/simple_interfaces_pkg/simple_interfaces_pkg/msg/rosidl_generator_c__visibility_control.h
[1.405s] -- Up-to-date symlink: /home/mahmudch/Desktop/ROS_udemy/code/rosCode/ros2_ws/install/simple_interfaces_pkg/include/simple_interfaces_pkg/simple_interfaces_pkg/srv/detail/multiply_two_ints__functions.h
[1.405s] -- Up-to-date symlink: /home/mahmudch/Desktop/ROS_udemy/code/rosCode/ros2_ws/install/simple_interfaces_pkg/include/simple_interfaces_pkg/simple_interfaces_pkg/srv/detail/multiply_two_ints__struct.h
[1.405s] -- Up-to-date symlink: /home/mahmudch/Desktop/ROS_udemy/code/rosCode/ros2_ws/install/simple_interfaces_pkg/include/simple_interfaces_pkg/simple_interfaces_pkg/srv/detail/multiply_two_ints__type_support.h
[1.405s] -- Up-to-date symlink: /home/mahmudch/Desktop/ROS_udemy/code/rosCode/ros2_ws/install/simple_interfaces_pkg/include/simple_interfaces_pkg/simple_interfaces_pkg/srv/multiply_two_ints.h
[1.405s] -- Up-to-date symlink: /home/mahmudch/Desktop/ROS_udemy/code/rosCode/ros2_ws/install/simple_interfaces_pkg/share/simple_interfaces_pkg/environment/library_path.sh
[1.405s] -- Up-to-date symlink: /home/mahmudch/Desktop/ROS_udemy/code/rosCode/ros2_ws/install/simple_interfaces_pkg/share/simple_interfaces_pkg/environment/library_path.dsv
[1.406s] -- Up-to-date symlink: /home/mahmudch/Desktop/ROS_udemy/code/rosCode/ros2_ws/install/simple_interfaces_pkg/include/simple_interfaces_pkg/simple_interfaces_pkg/msg/detail/components_status__rosidl_typesupport_fastrtps_c.h
[1.406s] -- Up-to-date symlink: /home/mahmudch/Desktop/ROS_udemy/code/rosCode/ros2_ws/install/simple_interfaces_pkg/include/simple_interfaces_pkg/simple_interfaces_pkg/msg/rosidl_typesupport_fastrtps_c__visibility_control.h
[1.406s] -- Up-to-date symlink: /home/mahmudch/Desktop/ROS_udemy/code/rosCode/ros2_ws/install/simple_interfaces_pkg/include/simple_interfaces_pkg/simple_interfaces_pkg/srv/detail/multiply_two_ints__rosidl_typesupport_fastrtps_c.h
[1.406s] -- Up-to-date symlink: /home/mahmudch/Desktop/ROS_udemy/code/rosCode/ros2_ws/install/simple_interfaces_pkg/include/simple_interfaces_pkg/simple_interfaces_pkg/msg/detail/components_status__rosidl_typesupport_introspection_c.h
[1.406s] -- Up-to-date symlink: /home/mahmudch/Desktop/ROS_udemy/code/rosCode/ros2_ws/install/simple_interfaces_pkg/include/simple_interfaces_pkg/simple_interfaces_pkg/msg/rosidl_typesupport_introspection_c__visibility_control.h
[1.407s] -- Up-to-date symlink: /home/mahmudch/Desktop/ROS_udemy/code/rosCode/ros2_ws/install/simple_interfaces_pkg/include/simple_interfaces_pkg/simple_interfaces_pkg/srv/detail/multiply_two_ints__rosidl_typesupport_introspection_c.h
[1.407s] -- Up-to-date symlink: /home/mahmudch/Desktop/ROS_udemy/code/rosCode/ros2_ws/install/simple_interfaces_pkg/include/simple_interfaces_pkg/simple_interfaces_pkg/msg/components_status.hpp
[1.407s] -- Up-to-date symlink: /home/mahmudch/Desktop/ROS_udemy/code/rosCode/ros2_ws/install/simple_interfaces_pkg/include/simple_interfaces_pkg/simple_interfaces_pkg/msg/detail/components_status__builder.hpp
[1.407s] -- Up-to-date symlink: /home/mahmudch/Desktop/ROS_udemy/code/rosCode/ros2_ws/install/simple_interfaces_pkg/include/simple_interfaces_pkg/simple_interfaces_pkg/msg/detail/components_status__struct.hpp
[1.407s] -- Up-to-date symlink: /home/mahmudch/Desktop/ROS_udemy/code/rosCode/ros2_ws/install/simple_interfaces_pkg/include/simple_interfaces_pkg/simple_interfaces_pkg/msg/detail/components_status__traits.hpp
[1.407s] -- Up-to-date symlink: /home/mahmudch/Desktop/ROS_udemy/code/rosCode/ros2_ws/install/simple_interfaces_pkg/include/simple_interfaces_pkg/simple_interfaces_pkg/msg/detail/components_status__type_support.hpp
[1.408s] -- Up-to-date symlink: /home/mahmudch/Desktop/ROS_udemy/code/rosCode/ros2_ws/install/simple_interfaces_pkg/include/simple_interfaces_pkg/simple_interfaces_pkg/msg/rosidl_generator_cpp__visibility_control.hpp
[1.408s] -- Up-to-date symlink: /home/mahmudch/Desktop/ROS_udemy/code/rosCode/ros2_ws/install/simple_interfaces_pkg/include/simple_interfaces_pkg/simple_interfaces_pkg/srv/detail/multiply_two_ints__builder.hpp
[1.408s] -- Up-to-date symlink: /home/mahmudch/Desktop/ROS_udemy/code/rosCode/ros2_ws/install/simple_interfaces_pkg/include/simple_interfaces_pkg/simple_interfaces_pkg/srv/detail/multiply_two_ints__struct.hpp
[1.408s] -- Up-to-date symlink: /home/mahmudch/Desktop/ROS_udemy/code/rosCode/ros2_ws/install/simple_interfaces_pkg/include/simple_interfaces_pkg/simple_interfaces_pkg/srv/detail/multiply_two_ints__traits.hpp
[1.408s] -- Up-to-date symlink: /home/mahmudch/Desktop/ROS_udemy/code/rosCode/ros2_ws/install/simple_interfaces_pkg/include/simple_interfaces_pkg/simple_interfaces_pkg/srv/detail/multiply_two_ints__type_support.hpp
[1.408s] -- Up-to-date symlink: /home/mahmudch/Desktop/ROS_udemy/code/rosCode/ros2_ws/install/simple_interfaces_pkg/include/simple_interfaces_pkg/simple_interfaces_pkg/srv/multiply_two_ints.hpp
[1.409s] -- Up-to-date symlink: /home/mahmudch/Desktop/ROS_udemy/code/rosCode/ros2_ws/install/simple_interfaces_pkg/include/simple_interfaces_pkg/simple_interfaces_pkg/msg/detail/components_status__rosidl_typesupport_fastrtps_cpp.hpp
[1.409s] -- Up-to-date symlink: /home/mahmudch/Desktop/ROS_udemy/code/rosCode/ros2_ws/install/simple_interfaces_pkg/include/simple_interfaces_pkg/simple_interfaces_pkg/msg/rosidl_typesupport_fastrtps_cpp__visibility_control.h
[1.409s] -- Up-to-date symlink: /home/mahmudch/Desktop/ROS_udemy/code/rosCode/ros2_ws/install/simple_interfaces_pkg/include/simple_interfaces_pkg/simple_interfaces_pkg/srv/detail/multiply_two_ints__rosidl_typesupport_fastrtps_cpp.hpp
[1.409s] -- Up-to-date symlink: /home/mahmudch/Desktop/ROS_udemy/code/rosCode/ros2_ws/install/simple_interfaces_pkg/include/simple_interfaces_pkg/simple_interfaces_pkg/msg/detail/components_status__rosidl_typesupport_introspection_cpp.hpp
[1.409s] -- Up-to-date symlink: /home/mahmudch/Desktop/ROS_udemy/code/rosCode/ros2_ws/install/simple_interfaces_pkg/include/simple_interfaces_pkg/simple_interfaces_pkg/srv/detail/multiply_two_ints__rosidl_typesupport_introspection_cpp.hpp
[1.410s] -- Up-to-date symlink: /home/mahmudch/Desktop/ROS_udemy/code/rosCode/ros2_ws/install/simple_interfaces_pkg/share/simple_interfaces_pkg/environment/pythonpath.sh
[1.410s] -- Up-to-date symlink: /home/mahmudch/Desktop/ROS_udemy/code/rosCode/ros2_ws/install/simple_interfaces_pkg/share/simple_interfaces_pkg/environment/pythonpath.dsv
[1.410s] -- Up-to-date symlink: /home/mahmudch/Desktop/ROS_udemy/code/rosCode/ros2_ws/install/simple_interfaces_pkg/local/lib/python3.10/dist-packages/simple_interfaces_pkg-0.0.0-py3.10.egg-info/PKG-INFO
[1.410s] -- Up-to-date symlink: /home/mahmudch/Desktop/ROS_udemy/code/rosCode/ros2_ws/install/simple_interfaces_pkg/local/lib/python3.10/dist-packages/simple_interfaces_pkg-0.0.0-py3.10.egg-info/SOURCES.txt
[1.410s] -- Up-to-date symlink: /home/mahmudch/Desktop/ROS_udemy/code/rosCode/ros2_ws/install/simple_interfaces_pkg/local/lib/python3.10/dist-packages/simple_interfaces_pkg-0.0.0-py3.10.egg-info/dependency_links.txt
[1.410s] -- Up-to-date symlink: /home/mahmudch/Desktop/ROS_udemy/code/rosCode/ros2_ws/install/simple_interfaces_pkg/local/lib/python3.10/dist-packages/simple_interfaces_pkg-0.0.0-py3.10.egg-info/top_level.txt
[1.411s] -- Up-to-date symlink: /home/mahmudch/Desktop/ROS_udemy/code/rosCode/ros2_ws/install/simple_interfaces_pkg/local/lib/python3.10/dist-packages/simple_interfaces_pkg/__init__.py
[1.411s] -- Up-to-date symlink: /home/mahmudch/Desktop/ROS_udemy/code/rosCode/ros2_ws/install/simple_interfaces_pkg/local/lib/python3.10/dist-packages/simple_interfaces_pkg/_simple_interfaces_pkg_s.ep.rosidl_typesupport_c.c
[1.411s] -- Up-to-date symlink: /home/mahmudch/Desktop/ROS_udemy/code/rosCode/ros2_ws/install/simple_interfaces_pkg/local/lib/python3.10/dist-packages/simple_interfaces_pkg/_simple_interfaces_pkg_s.ep.rosidl_typesupport_fastrtps_c.c
[1.411s] -- Up-to-date symlink: /home/mahmudch/Desktop/ROS_udemy/code/rosCode/ros2_ws/install/simple_interfaces_pkg/local/lib/python3.10/dist-packages/simple_interfaces_pkg/_simple_interfaces_pkg_s.ep.rosidl_typesupport_introspection_c.c
[1.412s] -- Up-to-date symlink: /home/mahmudch/Desktop/ROS_udemy/code/rosCode/ros2_ws/install/simple_interfaces_pkg/local/lib/python3.10/dist-packages/simple_interfaces_pkg/libsimple_interfaces_pkg__rosidl_generator_py.so
[1.412s] -- Up-to-date symlink: /home/mahmudch/Desktop/ROS_udemy/code/rosCode/ros2_ws/install/simple_interfaces_pkg/local/lib/python3.10/dist-packages/simple_interfaces_pkg/msg/__init__.py
[1.412s] -- Up-to-date symlink: /home/mahmudch/Desktop/ROS_udemy/code/rosCode/ros2_ws/install/simple_interfaces_pkg/local/lib/python3.10/dist-packages/simple_interfaces_pkg/msg/_components_status.py
[1.412s] -- Up-to-date symlink: /home/mahmudch/Desktop/ROS_udemy/code/rosCode/ros2_ws/install/simple_interfaces_pkg/local/lib/python3.10/dist-packages/simple_interfaces_pkg/msg/_components_status_s.c
[1.412s] -- Up-to-date symlink: /home/mahmudch/Desktop/ROS_udemy/code/rosCode/ros2_ws/install/simple_interfaces_pkg/local/lib/python3.10/dist-packages/simple_interfaces_pkg/simple_interfaces_pkg_s__rosidl_typesupport_c.cpython-310-x86_64-linux-gnu.so
[1.412s] -- Up-to-date symlink: /home/mahmudch/Desktop/ROS_udemy/code/rosCode/ros2_ws/install/simple_interfaces_pkg/local/lib/python3.10/dist-packages/simple_interfaces_pkg/simple_interfaces_pkg_s__rosidl_typesupport_fastrtps_c.cpython-310-x86_64-linux-gnu.so
[1.412s] -- Up-to-date symlink: /home/mahmudch/Desktop/ROS_udemy/code/rosCode/ros2_ws/install/simple_interfaces_pkg/local/lib/python3.10/dist-packages/simple_interfaces_pkg/simple_interfaces_pkg_s__rosidl_typesupport_introspection_c.cpython-310-x86_64-linux-gnu.so
[1.412s] -- Up-to-date symlink: /home/mahmudch/Desktop/ROS_udemy/code/rosCode/ros2_ws/install/simple_interfaces_pkg/local/lib/python3.10/dist-packages/simple_interfaces_pkg/srv/__init__.py
[1.412s] -- Up-to-date symlink: /home/mahmudch/Desktop/ROS_udemy/code/rosCode/ros2_ws/install/simple_interfaces_pkg/local/lib/python3.10/dist-packages/simple_interfaces_pkg/srv/_multiply_two_ints.py
[1.412s] -- Up-to-date symlink: /home/mahmudch/Desktop/ROS_udemy/code/rosCode/ros2_ws/install/simple_interfaces_pkg/local/lib/python3.10/dist-packages/simple_interfaces_pkg/srv/_multiply_two_ints_s.c
[1.413s] -- Up-to-date symlink: /home/mahmudch/Desktop/ROS_udemy/code/rosCode/ros2_ws/install/simple_interfaces_pkg/local/lib/python3.10/dist-packages/simple_interfaces_pkg/simple_interfaces_pkg_s__rosidl_typesupport_fastrtps_c.cpython-310-x86_64-linux-gnu.so
[1.413s] -- Up-to-date symlink: /home/mahmudch/Desktop/ROS_udemy/code/rosCode/ros2_ws/install/simple_interfaces_pkg/local/lib/python3.10/dist-packages/simple_interfaces_pkg/simple_interfaces_pkg_s__rosidl_typesupport_introspection_c.cpython-310-x86_64-linux-gnu.so
[1.413s] -- Up-to-date symlink: /home/mahmudch/Desktop/ROS_udemy/code/rosCode/ros2_ws/install/simple_interfaces_pkg/local/lib/python3.10/dist-packages/simple_interfaces_pkg/simple_interfaces_pkg_s__rosidl_typesupport_c.cpython-310-x86_64-linux-gnu.so
[1.413s] -- Up-to-date symlink: /home/mahmudch/Desktop/ROS_udemy/code/rosCode/ros2_ws/install/simple_interfaces_pkg/share/simple_interfaces_pkg/msg/ComponentsStatus.idl
[1.414s] -- Up-to-date symlink: /home/mahmudch/Desktop/ROS_udemy/code/rosCode/ros2_ws/install/simple_interfaces_pkg/share/simple_interfaces_pkg/srv/MultiplyTwoInts.idl
[1.414s] -- Up-to-date symlink: /home/mahmudch/Desktop/ROS_udemy/code/rosCode/ros2_ws/install/simple_interfaces_pkg/share/simple_interfaces_pkg/msg/ComponentsStatus.msg
[1.414s] -- Up-to-date symlink: /home/mahmudch/Desktop/ROS_udemy/code/rosCode/ros2_ws/install/simple_interfaces_pkg/share/simple_interfaces_pkg/srv/MultiplyTwoInts.srv
[1.414s] -- Up-to-date symlink: /home/mahmudch/Desktop/ROS_udemy/code/rosCode/ros2_ws/install/simple_interfaces_pkg/share/simple_interfaces_pkg/srv/MultiplyTwoInts_Request.msg
[1.414s] -- Up-to-date symlink: /home/mahmudch/Desktop/ROS_udemy/code/rosCode/ros2_ws/install/simple_interfaces_pkg/share/simple_interfaces_pkg/srv/MultiplyTwoInts_Response.msg
[1.414s] -- Up-to-date symlink: /home/mahmudch/Desktop/ROS_udemy/code/rosCode/ros2_ws/install/simple_interfaces_pkg/share/ament_index/resource_index/package_run_dependencies/simple_interfaces_pkg
[1.414s] -- Up-to-date symlink: /home/mahmudch/Desktop/ROS_udemy/code/rosCode/ros2_ws/install/simple_interfaces_pkg/share/ament_index/resource_index/parent_prefix_path/simple_interfaces_pkg
[1.415s] -- Up-to-date symlink: /home/mahmudch/Desktop/ROS_udemy/code/rosCode/ros2_ws/install/simple_interfaces_pkg/share/simple_interfaces_pkg/environment/ament_prefix_path.sh
[1.415s] -- Up-to-date symlink: /home/mahmudch/Desktop/ROS_udemy/code/rosCode/ros2_ws/install/simple_interfaces_pkg/share/simple_interfaces_pkg/environment/ament_prefix_path.dsv
[1.415s] -- Up-to-date symlink: /home/mahmudch/Desktop/ROS_udemy/code/rosCode/ros2_ws/install/simple_interfaces_pkg/share/simple_interfaces_pkg/environment/path.sh
[1.415s] -- Up-to-date symlink: /home/mahmudch/Desktop/ROS_udemy/code/rosCode/ros2_ws/install/simple_interfaces_pkg/share/simple_interfaces_pkg/environment/path.dsv
[1.415s] -- Up-to-date symlink: /home/mahmudch/Desktop/ROS_udemy/code/rosCode/ros2_ws/install/simple_interfaces_pkg/share/simple_interfaces_pkg/local_setup.bash
[1.415s] -- Up-to-date symlink: /home/mahmudch/Desktop/ROS_udemy/code/rosCode/ros2_ws/install/simple_interfaces_pkg/share/simple_interfaces_pkg/local_setup.sh
[1.416s] -- Up-to-date symlink: /home/mahmudch/Desktop/ROS_udemy/code/rosCode/ros2_ws/install/simple_interfaces_pkg/share/simple_interfaces_pkg/local_setup.zsh
[1.416s] -- Up-to-date symlink: /home/mahmudch/Desktop/ROS_udemy/code/rosCode/ros2_ws/install/simple_interfaces_pkg/share/simple_interfaces_pkg/local_setup.dsv
[1.416s] -- Symlinking: /home/mahmudch/Desktop/ROS_udemy/code/rosCode/ros2_ws/install/simple_interfaces_pkg/share/simple_interfaces_pkg/package.dsv
[1.422s] -- Up-to-date symlink: /home/mahmudch/Desktop/ROS_udemy/code/rosCode/ros2_ws/install/simple_interfaces_pkg/share/ament_index/resource_index/packages/simple_interfaces_pkg
[1.423s] -- Up-to-date symlink: /home/mahmudch/Desktop/ROS_udemy/code/rosCode/ros2_ws/install/simple_interfaces_pkg/share/simple_interfaces_pkg/cmake/rosidl_cmake-extras.cmake
[1.423s] -- Up-to-date symlink: /home/mahmudch/Desktop/ROS_udemy/code/rosCode/ros2_ws/install/simple_interfaces_pkg/share/simple_interfaces_pkg/cmake/ament_cmake_export_include_directories-extras.cmake
[1.423s] -- Up-to-date symlink: /home/mahmudch/Desktop/ROS_udemy/code/rosCode/ros2_ws/install/simple_interfaces_pkg/share/simple_interfaces_pkg/cmake/ament_cmake_export_libraries-extras.cmake
[1.423s] -- Up-to-date symlink: /home/mahmudch/Desktop/ROS_udemy/code/rosCode/ros2_ws/install/simple_interfaces_pkg/share/simple_interfaces_pkg/cmake/ament_cmake_export_targets-extras.cmake
[1.423s] -- Up-to-date symlink: /home/mahmudch/Desktop/ROS_udemy/code/rosCode/ros2_ws/install/simple_interfaces_pkg/share/simple_interfaces_pkg/cmake/rosidl_cmake_export_typesupport_targets-extras.cmake
[1.423s] -- Up-to-date symlink: /home/mahmudch/Desktop/ROS_udemy/code/rosCode/ros2_ws/install/simple_interfaces_pkg/share/simple_interfaces_pkg/cmake/ament_cmake_export_dependencies-extras.cmake
[1.423s] -- Up-to-date symlink: /home/mahmudch/Desktop/ROS_udemy/code/rosCode/ros2_ws/install/simple_interfaces_pkg/share/simple_interfaces_pkg/cmake/rosidl_cmake_export_typesupport_libraries-extras.cmake
[1.424s] -- Up-to-date symlink: /home/mahmudch/Desktop/ROS_udemy/code/rosCode/ros2_ws/install/simple_interfaces_pkg/share/simple_interfaces_pkg/cmake/simple_interfaces_pkgConfig.cmake
[1.424s] -- Up-to-date symlink: /home/mahmudch/Desktop/ROS_udemy/code/rosCode/ros2_ws/install/simple_interfaces_pkg/share/simple_interfaces_pkg/cmake/simple_interfaces_pkgConfig-version.cmake
[1.424s] -- Up-to-date symlink: /home/mahmudch/Desktop/ROS_udemy/code/rosCode/ros2_ws/install/simple_interfaces_pkg/share/simple_interfaces_pkg/package.xml
[1.424s] -- Up-to-date: /home/mahmudch/Desktop/ROS_udemy/code/rosCode/ros2_ws/install/simple_interfaces_pkg/lib/libsimple_interfaces_pkg__rosidl_generator_c.so
[1.424s] -- Up-to-date: /home/mahmudch/Desktop/ROS_udemy/code/rosCode/ros2_ws/install/simple_interfaces_pkg/lib/libsimple_interfaces_pkg__rosidl_typesupport_fastrtps_c.so
[1.425s] -- Up-to-date: /home/mahmudch/Desktop/ROS_udemy/code/rosCode/ros2_ws/install/simple_interfaces_pkg/lib/libsimple_interfaces_pkg__rosidl_typesupport_introspection_c.so
[1.425s] -- Up-to-date: /home/mahmudch/Desktop/ROS_udemy/code/rosCode/ros2_ws/install/simple_interfaces_pkg/lib/libsimple_interfaces_pkg__rosidl_typesupport_c.so
[1.425s] -- Up-to-date: /home/mahmudch/Desktop/ROS_udemy/code/rosCode/ros2_ws/install/simple_interfaces_pkg/lib/libsimple_interfaces_pkg__rosidl_typesupport_fastrtps_cpp.so
[1.425s] -- Up-to-date: /home/mahmudch/Desktop/ROS_udemy/code/rosCode/ros2_ws/install/simple_interfaces_pkg/lib/libsimple_interfaces_pkg__rosidl_typesupport_introspection_cpp.so
[1.426s] -- Up-to-date: /home/mahmudch/Desktop/ROS_udemy/code/rosCode/ros2_ws/install/simple_interfaces_pkg/lib/libsimple_interfaces_pkg__rosidl_typesupport_cpp.so
[1.457s] Listing '/home/mahmudch/Desktop/ROS_udemy/code/rosCode/ros2_ws/install/simple_interfaces_pkg/local/lib/python3.10/dist-packages/simple_interfaces_pkg'...
[1.458s] Compiling '/home/mahmudch/Desktop/ROS_udemy/code/rosCode/ros2_ws/install/simple_interfaces_pkg/local/lib/python3.10/dist-packages/simple_interfaces_pkg/__init__.py'...
[1.458s] Listing '/home/mahmudch/Desktop/ROS_udemy/code/rosCode/ros2_ws/install/simple_interfaces_pkg/local/lib/python3.10/dist-packages/simple_interfaces_pkg/msg'...
[1.458s] Listing '/home/mahmudch/Desktop/ROS_udemy/code/rosCode/ros2_ws/install/simple_interfaces_pkg/local/lib/python3.10/dist-packages/simple_interfaces_pkg/srv'...
[1.463s] -- Up-to-date: /home/mahmudch/Desktop/ROS_udemy/code/rosCode/ros2_ws/install/simple_interfaces_pkg/lib/libsimple_interfaces_pkg__rosidl_generator_py.so
[1.463s] -- Up-to-date: /home/mahmudch/Desktop/ROS_udemy/code/rosCode/ros2_ws/install/simple_interfaces_pkg/share/simple_interfaces_pkg/cmake/export_simple_interfaces_pkg__rosidl_generator_cExport.cmake
[1.463s] -- Up-to-date: /home/mahmudch/Desktop/ROS_udemy/code/rosCode/ros2_ws/install/simple_interfaces_pkg/share/simple_interfaces_pkg/cmake/export_simple_interfaces_pkg__rosidl_generator_cExport-noconfig.cmake
[1.463s] -- Up-to-date: /home/mahmudch/Desktop/ROS_udemy/code/rosCode/ros2_ws/install/simple_interfaces_pkg/share/simple_interfaces_pkg/cmake/export_simple_interfaces_pkg__rosidl_typesupport_fastrtps_cExport.cmake
[1.463s] -- Up-to-date: /home/mahmudch/Desktop/ROS_udemy/code/rosCode/ros2_ws/install/simple_interfaces_pkg/share/simple_interfaces_pkg/cmake/export_simple_interfaces_pkg__rosidl_typesupport_fastrtps_cExport-noconfig.cmake
[1.463s] -- Up-to-date: /home/mahmudch/Desktop/ROS_udemy/code/rosCode/ros2_ws/install/simple_interfaces_pkg/share/simple_interfaces_pkg/cmake/simple_interfaces_pkg__rosidl_typesupport_introspection_cExport.cmake
[1.463s] -- Up-to-date: /home/mahmudch/Desktop/ROS_udemy/code/rosCode/ros2_ws/install/simple_interfaces_pkg/share/simple_interfaces_pkg/cmake/simple_interfaces_pkg__rosidl_typesupport_introspection_cExport-noconfig.cmake
[1.463s] -- Up-to-date: /home/mahmudch/Desktop/ROS_udemy/code/rosCode/ros2_ws/install/simple_interfaces_pkg/share/simple_interfaces_pkg/cmake/simple_interfaces_pkg__rosidl_typesupport_cExport.cmake
[1.463s] -- Up-to-date: /home/mahmudch/Desktop/ROS_udemy/code/rosCode/ros2_ws/install/simple_interfaces_pkg/share/simple_interfaces_pkg/cmake/simple_interfaces_pkg__rosidl_typesupport_cExport-noconfig.cmake
[1.463s] -- Up-to-date: /home/mahmudch/Desktop/ROS_udemy/code/rosCode/ros2_ws/install/simple_interfaces_pkg/share/simple_interfaces_pkg/cmake/export_simple_interfaces_pkg__rosidl_generator_cppExport.cmake
[1.464s] -- Up-to-date: /home/mahmudch/Desktop/ROS_udemy/code/rosCode/ros2_ws/install/simple_interfaces_pkg/share/simple_interfaces_pkg/cmake/export_simple_interfaces_pkg__rosidl_typesupport_fastrtps_cppExport.cmake
[1.464s] -- Up-to-date: /home/mahmudch/Desktop/ROS_udemy/code/rosCode/ros2_ws/install/simple_interfaces_pkg/share/simple_interfaces_pkg/cmake/export_simple_interfaces_pkg__rosidl_typesupport_fastrtps_cppExport-noconfig.cmake
[1.464s] -- Up-to-date: /home/mahmudch/Desktop/ROS_udemy/code/rosCode/ros2_ws/install/simple_interfaces_pkg/share/simple_interfaces_pkg/cmake/simple_interfaces_pkg__rosidl_typesupport_introspection_cppExport.cmake
[1.464s] -- Up-to-date: /home/mahmudch/Desktop/ROS_udemy/code/rosCode/ros2_ws/install/simple_interfaces_pkg/share/simple_interfaces_pkg/cmake/simple_interfaces_pkg__rosidl_typesupport_introspection_cppExport-noconfig.cmake
[1.464s] -- Up-to-date: /home/mahmudch/Desktop/ROS_udemy/code/rosCode/ros2_ws/install/simple_interfaces_pkg/share/simple_interfaces_pkg/cmake/simple_interfaces_pkg__rosidl_typesupport_cppExport.cmake
[1.464s] -- Up-to-date: /home/mahmudch/Desktop/ROS_udemy/code/rosCode/ros2_ws/install/simple_interfaces_pkg/share/simple_interfaces_pkg/cmake/simple_interfaces_pkg__rosidl_typesupport_cppExport-noconfig.cmake
[1.464s] -- Up-to-date: /home/mahmudch/Desktop/ROS_udemy/code/rosCode/ros2_ws/install/simple_interfaces_pkg/share/simple_interfaces_pkg/cmake/export_simple_interfaces_pkg__rosidl_generator_pyExport.cmake
[1.464s] -- Up-to-date: /home/mahmudch/Desktop/ROS_udemy/code/rosCode/ros2_ws/install/simple_interfaces_pkg/share/simple_interfaces_pkg/cmake/export_simple_interfaces_pkg__rosidl_generator_pyExport-noconfig.cmake
[1.466s] Invoked command in '/home/mahmudch/Desktop/ROS_udemy/code/rosCode/ros2_ws/build/simple_interfaces_pkg' returned '0': CMAKE_PREFIX_PATH=${CMAKE_PREFIX_PATH}:/home/mahmudch/robot_ws/install/robot_node_py_pkg:/opt/ros/humble /usr/bin/cmake --install /home/mahmudch/Desktop/ROS_udemy/code/rosCode/ros2_ws/build/simple_interfaces_pkg
