-- The C compiler identification is GNU 11.4.0
-- The CXX compiler identification is GNU 11.4.0
-- Detecting C compiler ABI info
-- Detecting C compiler ABI info - done
-- Check for working C compiler: /usr/bin/cc - skipped
-- Detecting C compile features
-- Detecting C compile features - done
-- Detecting CXX compiler ABI info
-- Detecting CXX compiler ABI info - done
-- Check for working CXX compiler: /usr/bin/c++ - skipped
-- Detecting CXX compile features
-- Detecting CXX compile features - done
-- Found ament_cmake: 1.3.12 (/opt/ros/humble/share/ament_cmake/cmake)
-- Found Python3: /usr/bin/python3 (found version "3.10.12") found components: Interpreter 
-- Override CMake install command with custom implementation using symlinks instead of copying resources
-- Configuring done
-- Generating done
-- Build files have been written to: /home/mahmudch/Desktop/ROS_udemy/code/rosCode/ros2_ws/build/car_homework_bringup
-- Install configuration: ""
-- Execute custom install script
-- Symlinking: /home/mahmudch/Desktop/ROS_udemy/code/rosCode/ros2_ws/install/car_homework_bringup/share/car_homework_bringup//launch/car_homework.launch.xml
-- Symlinking: /home/mahmudch/Desktop/ROS_udemy/code/rosCode/ros2_ws/install/car_homework_bringup/share/car_homework_bringup//rviz/urdf_config.rviz
-- Symlinking: /home/mahmudch/Desktop/ROS_udemy/code/rosCode/ros2_ws/install/car_homework_bringup/share/car_homework_bringup//worlds/test_world.world
-- Symlinking: /home/mahmudch/Desktop/ROS_udemy/code/rosCode/ros2_ws/install/car_homework_bringup/share/ament_index/resource_index/package_run_dependencies/car_homework_bringup
-- Symlinking: /home/mahmudch/Desktop/ROS_udemy/code/rosCode/ros2_ws/install/car_homework_bringup/share/ament_index/resource_index/parent_prefix_path/car_homework_bringup
-- Symlinking: /home/mahmudch/Desktop/ROS_udemy/code/rosCode/ros2_ws/install/car_homework_bringup/share/car_homework_bringup/environment/ament_prefix_path.sh
-- Symlinking: /home/mahmudch/Desktop/ROS_udemy/code/rosCode/ros2_ws/install/car_homework_bringup/share/car_homework_bringup/environment/ament_prefix_path.dsv
-- Symlinking: /home/mahmudch/Desktop/ROS_udemy/code/rosCode/ros2_ws/install/car_homework_bringup/share/car_homework_bringup/environment/path.sh
-- Symlinking: /home/mahmudch/Desktop/ROS_udemy/code/rosCode/ros2_ws/install/car_homework_bringup/share/car_homework_bringup/environment/path.dsv
-- Symlinking: /home/mahmudch/Desktop/ROS_udemy/code/rosCode/ros2_ws/install/car_homework_bringup/share/car_homework_bringup/local_setup.bash
-- Symlinking: /home/mahmudch/Desktop/ROS_udemy/code/rosCode/ros2_ws/install/car_homework_bringup/share/car_homework_bringup/local_setup.sh
-- Symlinking: /home/mahmudch/Desktop/ROS_udemy/code/rosCode/ros2_ws/install/car_homework_bringup/share/car_homework_bringup/local_setup.zsh
-- Symlinking: /home/mahmudch/Desktop/ROS_udemy/code/rosCode/ros2_ws/install/car_homework_bringup/share/car_homework_bringup/local_setup.dsv
-- Symlinking: /home/mahmudch/Desktop/ROS_udemy/code/rosCode/ros2_ws/install/car_homework_bringup/share/car_homework_bringup/package.dsv
-- Symlinking: /home/mahmudch/Desktop/ROS_udemy/code/rosCode/ros2_ws/install/car_homework_bringup/share/ament_index/resource_index/packages/car_homework_bringup
-- Symlinking: /home/mahmudch/Desktop/ROS_udemy/code/rosCode/ros2_ws/install/car_homework_bringup/share/car_homework_bringup/cmake/car_homework_bringupConfig.cmake
-- Symlinking: /home/mahmudch/Desktop/ROS_udemy/code/rosCode/ros2_ws/install/car_homework_bringup/share/car_homework_bringup/cmake/car_homework_bringupConfig-version.cmake
-- Symlinking: /home/mahmudch/Desktop/ROS_udemy/code/rosCode/ros2_ws/install/car_homework_bringup/share/car_homework_bringup/package.xml
