[0.008s] Invoking command in '/home/mahmudch/Desktop/ROS_udemy/code/rosCode/ros2_ws/build/car_homework_bringup': AMENT_PREFIX_PATH=/home/mahmudch/Desktop/ROS_udemy/code/rosCode/ros2_ws/install/car_homework_description:${AMENT_PREFIX_PATH} CMAKE_PREFIX_PATH=/home/mahmudch/Desktop/ROS_udemy/code/rosCode/ros2_ws/install/car_homework_description:/home/mahmudch/robot_ws/install/car_discription:/home/mahmudch/robot_ws/install/robot_node_py_pkg:/opt/ros/humble /usr/bin/cmake /home/mahmudch/Desktop/ROS_udemy/code/rosCode/ros2_ws/src/car_homework_bringup -DAMENT_CMAKE_SYMLINK_INSTALL=1 -DCMAKE_INSTALL_PREFIX=/home/mahmudch/Desktop/ROS_udemy/code/rosCode/ros2_ws/install/car_homework_bringup
[0.062s] -- The C compiler identification is GNU 11.4.0
[0.120s] -- The CXX compiler identification is GNU 11.4.0
[0.130s] -- Detecting C compiler ABI info
[0.199s] -- Detecting C compiler ABI info - done
[0.208s] -- Check for working C compiler: /usr/bin/cc - skipped
[0.208s] -- Detecting C compile features
[0.208s] -- Detecting C compile features - done
[0.212s] -- Detecting CXX compiler ABI info
[0.282s] -- Detecting CXX compiler ABI info - done
[0.290s] -- Check for working CXX compiler: /usr/bin/c++ - skipped
[0.291s] -- Detecting CXX compile features
[0.291s] -- Detecting CXX compile features - done
[0.294s] -- Found ament_cmake: 1.3.12 (/opt/ros/humble/share/ament_cmake/cmake)
[0.454s] -- Found Python3: /usr/bin/python3 (found version "3.10.12") found components: Interpreter 
[0.510s] -- Override CMake install command with custom implementation using symlinks instead of copying resources
[0.594s] -- Configuring done
[0.596s] -- Generating done
[0.598s] -- Build files have been written to: /home/mahmudch/Desktop/ROS_udemy/code/rosCode/ros2_ws/build/car_homework_bringup
[0.602s] Invoked command in '/home/mahmudch/Desktop/ROS_udemy/code/rosCode/ros2_ws/build/car_homework_bringup' returned '0': AMENT_PREFIX_PATH=/home/mahmudch/Desktop/ROS_udemy/code/rosCode/ros2_ws/install/car_homework_description:${AMENT_PREFIX_PATH} CMAKE_PREFIX_PATH=/home/mahmudch/Desktop/ROS_udemy/code/rosCode/ros2_ws/install/car_homework_description:/home/mahmudch/robot_ws/install/car_discription:/home/mahmudch/robot_ws/install/robot_node_py_pkg:/opt/ros/humble /usr/bin/cmake /home/mahmudch/Desktop/ROS_udemy/code/rosCode/ros2_ws/src/car_homework_bringup -DAMENT_CMAKE_SYMLINK_INSTALL=1 -DCMAKE_INSTALL_PREFIX=/home/mahmudch/Desktop/ROS_udemy/code/rosCode/ros2_ws/install/car_homework_bringup
[0.603s] Invoking command in '/home/mahmudch/Desktop/ROS_udemy/code/rosCode/ros2_ws/build/car_homework_bringup': AMENT_PREFIX_PATH=/home/mahmudch/Desktop/ROS_udemy/code/rosCode/ros2_ws/install/car_homework_description:${AMENT_PREFIX_PATH} CMAKE_PREFIX_PATH=/home/mahmudch/Desktop/ROS_udemy/code/rosCode/ros2_ws/install/car_homework_description:/home/mahmudch/robot_ws/install/car_discription:/home/mahmudch/robot_ws/install/robot_node_py_pkg:/opt/ros/humble /usr/bin/cmake --build /home/mahmudch/Desktop/ROS_udemy/code/rosCode/ros2_ws/build/car_homework_bringup -- -j12 -l12
[0.634s] Invoked command in '/home/mahmudch/Desktop/ROS_udemy/code/rosCode/ros2_ws/build/car_homework_bringup' returned '0': AMENT_PREFIX_PATH=/home/mahmudch/Desktop/ROS_udemy/code/rosCode/ros2_ws/install/car_homework_description:${AMENT_PREFIX_PATH} CMAKE_PREFIX_PATH=/home/mahmudch/Desktop/ROS_udemy/code/rosCode/ros2_ws/install/car_homework_description:/home/mahmudch/robot_ws/install/car_discription:/home/mahmudch/robot_ws/install/robot_node_py_pkg:/opt/ros/humble /usr/bin/cmake --build /home/mahmudch/Desktop/ROS_udemy/code/rosCode/ros2_ws/build/car_homework_bringup -- -j12 -l12
[0.635s] Invoking command in '/home/mahmudch/Desktop/ROS_udemy/code/rosCode/ros2_ws/build/car_homework_bringup': AMENT_PREFIX_PATH=/home/mahmudch/Desktop/ROS_udemy/code/rosCode/ros2_ws/install/car_homework_description:${AMENT_PREFIX_PATH} CMAKE_PREFIX_PATH=/home/mahmudch/Desktop/ROS_udemy/code/rosCode/ros2_ws/install/car_homework_description:/home/mahmudch/robot_ws/install/car_discription:/home/mahmudch/robot_ws/install/robot_node_py_pkg:/opt/ros/humble /usr/bin/cmake --install /home/mahmudch/Desktop/ROS_udemy/code/rosCode/ros2_ws/build/car_homework_bringup
[0.640s] -- Install configuration: ""
[0.641s] -- Execute custom install script
[0.641s] -- Symlinking: /home/mahmudch/Desktop/ROS_udemy/code/rosCode/ros2_ws/install/car_homework_bringup/share/car_homework_bringup//launch/car_homework.launch.xml
[0.647s] -- Symlinking: /home/mahmudch/Desktop/ROS_udemy/code/rosCode/ros2_ws/install/car_homework_bringup/share/car_homework_bringup//rviz/urdf_config.rviz
[0.654s] -- Symlinking: /home/mahmudch/Desktop/ROS_udemy/code/rosCode/ros2_ws/install/car_homework_bringup/share/car_homework_bringup//worlds/test_world.world
[0.660s] -- Symlinking: /home/mahmudch/Desktop/ROS_udemy/code/rosCode/ros2_ws/install/car_homework_bringup/share/ament_index/resource_index/package_run_dependencies/car_homework_bringup
[0.668s] -- Symlinking: /home/mahmudch/Desktop/ROS_udemy/code/rosCode/ros2_ws/install/car_homework_bringup/share/ament_index/resource_index/parent_prefix_path/car_homework_bringup
[0.674s] -- Symlinking: /home/mahmudch/Desktop/ROS_udemy/code/rosCode/ros2_ws/install/car_homework_bringup/share/car_homework_bringup/environment/ament_prefix_path.sh
[0.680s] -- Symlinking: /home/mahmudch/Desktop/ROS_udemy/code/rosCode/ros2_ws/install/car_homework_bringup/share/car_homework_bringup/environment/ament_prefix_path.dsv
[0.687s] -- Symlinking: /home/mahmudch/Desktop/ROS_udemy/code/rosCode/ros2_ws/install/car_homework_bringup/share/car_homework_bringup/environment/path.sh
[0.694s] -- Symlinking: /home/mahmudch/Desktop/ROS_udemy/code/rosCode/ros2_ws/install/car_homework_bringup/share/car_homework_bringup/environment/path.dsv
[0.702s] -- Symlinking: /home/mahmudch/Desktop/ROS_udemy/code/rosCode/ros2_ws/install/car_homework_bringup/share/car_homework_bringup/local_setup.bash
[0.710s] -- Symlinking: /home/mahmudch/Desktop/ROS_udemy/code/rosCode/ros2_ws/install/car_homework_bringup/share/car_homework_bringup/local_setup.sh
[0.719s] -- Symlinking: /home/mahmudch/Desktop/ROS_udemy/code/rosCode/ros2_ws/install/car_homework_bringup/share/car_homework_bringup/local_setup.zsh
[0.731s] -- Symlinking: /home/mahmudch/Desktop/ROS_udemy/code/rosCode/ros2_ws/install/car_homework_bringup/share/car_homework_bringup/local_setup.dsv
[0.739s] -- Symlinking: /home/mahmudch/Desktop/ROS_udemy/code/rosCode/ros2_ws/install/car_homework_bringup/share/car_homework_bringup/package.dsv
[0.747s] -- Symlinking: /home/mahmudch/Desktop/ROS_udemy/code/rosCode/ros2_ws/install/car_homework_bringup/share/ament_index/resource_index/packages/car_homework_bringup
[0.756s] -- Symlinking: /home/mahmudch/Desktop/ROS_udemy/code/rosCode/ros2_ws/install/car_homework_bringup/share/car_homework_bringup/cmake/car_homework_bringupConfig.cmake
[0.764s] -- Symlinking: /home/mahmudch/Desktop/ROS_udemy/code/rosCode/ros2_ws/install/car_homework_bringup/share/car_homework_bringup/cmake/car_homework_bringupConfig-version.cmake
[0.773s] -- Symlinking: /home/mahmudch/Desktop/ROS_udemy/code/rosCode/ros2_ws/install/car_homework_bringup/share/car_homework_bringup/package.xml
[0.783s] Invoked command in '/home/mahmudch/Desktop/ROS_udemy/code/rosCode/ros2_ws/build/car_homework_bringup' returned '0': AMENT_PREFIX_PATH=/home/mahmudch/Desktop/ROS_udemy/code/rosCode/ros2_ws/install/car_homework_description:${AMENT_PREFIX_PATH} CMAKE_PREFIX_PATH=/home/mahmudch/Desktop/ROS_udemy/code/rosCode/ros2_ws/install/car_homework_description:/home/mahmudch/robot_ws/install/car_discription:/home/mahmudch/robot_ws/install/robot_node_py_pkg:/opt/ros/humble /usr/bin/cmake --install /home/mahmudch/Desktop/ROS_udemy/code/rosCode/ros2_ws/build/car_homework_bringup
