[0.330s] Invoking command in '/home/mahmudch/Desktop/ROS_udemy/code/rosCode/ros2_ws/build/simple_robot_description': CMAKE_PREFIX_PATH=${CMAKE_PREFIX_PATH}:/home/mahmudch/robot_ws/install/robot_node_py_pkg:/opt/ros/humble /usr/bin/cmake /home/mahmudch/Desktop/ROS_udemy/code/rosCode/ros2_ws/src/simple_robot_description -DCMAKE_INSTALL_PREFIX=/home/mahmudch/Desktop/ROS_udemy/code/rosCode/ros2_ws/install/simple_robot_description
[0.340s] -- Found ament_cmake: 1.3.12 (/opt/ros/humble/share/ament_cmake/cmake)
[0.477s] -- Override CMake install command with custom implementation using symlinks instead of copying resources
[0.564s] -- Configuring done
[0.567s] -- Generating done
[0.569s] -- Build files have been written to: /home/mahmudch/Desktop/ROS_udemy/code/rosCode/ros2_ws/build/simple_robot_description
[0.571s] Invoked command in '/home/mahmudch/Desktop/ROS_udemy/code/rosCode/ros2_ws/build/simple_robot_description' returned '0': CMAKE_PREFIX_PATH=${CMAKE_PREFIX_PATH}:/home/mahmudch/robot_ws/install/robot_node_py_pkg:/opt/ros/humble /usr/bin/cmake /home/mahmudch/Desktop/ROS_udemy/code/rosCode/ros2_ws/src/simple_robot_description -DCMAKE_INSTALL_PREFIX=/home/mahmudch/Desktop/ROS_udemy/code/rosCode/ros2_ws/install/simple_robot_description
[0.572s] Invoking command in '/home/mahmudch/Desktop/ROS_udemy/code/rosCode/ros2_ws/build/simple_robot_description': CMAKE_PREFIX_PATH=${CMAKE_PREFIX_PATH}:/home/mahmudch/robot_ws/install/robot_node_py_pkg:/opt/ros/humble /usr/bin/cmake --build /home/mahmudch/Desktop/ROS_udemy/code/rosCode/ros2_ws/build/simple_robot_description -- -j12 -l12
[0.608s] Invoked command in '/home/mahmudch/Desktop/ROS_udemy/code/rosCode/ros2_ws/build/simple_robot_description' returned '0': CMAKE_PREFIX_PATH=${CMAKE_PREFIX_PATH}:/home/mahmudch/robot_ws/install/robot_node_py_pkg:/opt/ros/humble /usr/bin/cmake --build /home/mahmudch/Desktop/ROS_udemy/code/rosCode/ros2_ws/build/simple_robot_description -- -j12 -l12
[0.609s] Invoking command in '/home/mahmudch/Desktop/ROS_udemy/code/rosCode/ros2_ws/build/simple_robot_description': CMAKE_PREFIX_PATH=${CMAKE_PREFIX_PATH}:/home/mahmudch/robot_ws/install/robot_node_py_pkg:/opt/ros/humble /usr/bin/cmake --install /home/mahmudch/Desktop/ROS_udemy/code/rosCode/ros2_ws/build/simple_robot_description
[0.618s] -- Install configuration: ""
[0.618s] -- Execute custom install script
[0.619s] -- Up-to-date symlink: /home/mahmudch/Desktop/ROS_udemy/code/rosCode/ros2_ws/install/simple_robot_description/share/simple_robot_description//urdf/simple_robot.urdf
[0.619s] -- Up-to-date symlink: /home/mahmudch/Desktop/ROS_udemy/code/rosCode/ros2_ws/install/simple_robot_description/share/simple_robot_description//launch/display.launch.py
[0.619s] -- Up-to-date symlink: /home/mahmudch/Desktop/ROS_udemy/code/rosCode/ros2_ws/install/simple_robot_description/share/simple_robot_description//launch/display.launch.xml
[0.620s] -- Up-to-date symlink: /home/mahmudch/Desktop/ROS_udemy/code/rosCode/ros2_ws/install/simple_robot_description/share/ament_index/resource_index/package_run_dependencies/simple_robot_description
[0.620s] -- Up-to-date symlink: /home/mahmudch/Desktop/ROS_udemy/code/rosCode/ros2_ws/install/simple_robot_description/share/ament_index/resource_index/parent_prefix_path/simple_robot_description
[0.620s] -- Up-to-date symlink: /home/mahmudch/Desktop/ROS_udemy/code/rosCode/ros2_ws/install/simple_robot_description/share/simple_robot_description/environment/ament_prefix_path.sh
[0.621s] -- Up-to-date symlink: /home/mahmudch/Desktop/ROS_udemy/code/rosCode/ros2_ws/install/simple_robot_description/share/simple_robot_description/environment/ament_prefix_path.dsv
[0.621s] -- Up-to-date symlink: /home/mahmudch/Desktop/ROS_udemy/code/rosCode/ros2_ws/install/simple_robot_description/share/simple_robot_description/environment/path.sh
[0.621s] -- Up-to-date symlink: /home/mahmudch/Desktop/ROS_udemy/code/rosCode/ros2_ws/install/simple_robot_description/share/simple_robot_description/environment/path.dsv
[0.622s] -- Up-to-date symlink: /home/mahmudch/Desktop/ROS_udemy/code/rosCode/ros2_ws/install/simple_robot_description/share/simple_robot_description/local_setup.bash
[0.622s] -- Up-to-date symlink: /home/mahmudch/Desktop/ROS_udemy/code/rosCode/ros2_ws/install/simple_robot_description/share/simple_robot_description/local_setup.sh
[0.622s] -- Up-to-date symlink: /home/mahmudch/Desktop/ROS_udemy/code/rosCode/ros2_ws/install/simple_robot_description/share/simple_robot_description/local_setup.zsh
[0.622s] -- Up-to-date symlink: /home/mahmudch/Desktop/ROS_udemy/code/rosCode/ros2_ws/install/simple_robot_description/share/simple_robot_description/local_setup.dsv
[0.622s] -- Symlinking: /home/mahmudch/Desktop/ROS_udemy/code/rosCode/ros2_ws/install/simple_robot_description/share/simple_robot_description/package.dsv
[0.634s] -- Up-to-date symlink: /home/mahmudch/Desktop/ROS_udemy/code/rosCode/ros2_ws/install/simple_robot_description/share/ament_index/resource_index/packages/simple_robot_description
[0.635s] -- Up-to-date symlink: /home/mahmudch/Desktop/ROS_udemy/code/rosCode/ros2_ws/install/simple_robot_description/share/simple_robot_description/cmake/simple_robot_descriptionConfig.cmake
[0.635s] -- Up-to-date symlink: /home/mahmudch/Desktop/ROS_udemy/code/rosCode/ros2_ws/install/simple_robot_description/share/simple_robot_description/cmake/simple_robot_descriptionConfig-version.cmake
[0.635s] -- Up-to-date symlink: /home/mahmudch/Desktop/ROS_udemy/code/rosCode/ros2_ws/install/simple_robot_description/share/simple_robot_description/package.xml
[0.637s] Invoked command in '/home/mahmudch/Desktop/ROS_udemy/code/rosCode/ros2_ws/build/simple_robot_description' returned '0': CMAKE_PREFIX_PATH=${CMAKE_PREFIX_PATH}:/home/mahmudch/robot_ws/install/robot_node_py_pkg:/opt/ros/humble /usr/bin/cmake --install /home/mahmudch/Desktop/ROS_udemy/code/rosCode/ros2_ws/build/simple_robot_description
