[0.010s] Invoking command in '/home/mahmudch/Desktop/ROS_udemy/code/rosCode/ros2_ws/build/car_homework_bringup': AMENT_PREFIX_PATH=/home/mahmudch/Desktop/ROS_udemy/code/rosCode/ros2_ws/install/car_homework_description:${AMENT_PREFIX_PATH} CMAKE_PREFIX_PATH=/home/mahmudch/Desktop/ROS_udemy/code/rosCode/ros2_ws/install/car_homework_description:/home/mahmudch/robot_ws/install/car_discription:/home/mahmudch/robot_ws/install/robot_node_py_pkg:/opt/ros/humble /usr/bin/cmake /home/mahmudch/Desktop/ROS_udemy/code/rosCode/ros2_ws/src/car_homework_bringup -DCMAKE_INSTALL_PREFIX=/home/mahmudch/Desktop/ROS_udemy/code/rosCode/ros2_ws/install/car_homework_bringup
[0.024s] -- Found ament_cmake: 1.3.12 (/opt/ros/humble/share/ament_cmake/cmake)
[0.173s] -- Override CMake install command with custom implementation using symlinks instead of copying resources
[0.264s] -- Configuring done
[0.267s] -- Generating done
[0.270s] -- Build files have been written to: /home/mahmudch/Desktop/ROS_udemy/code/rosCode/ros2_ws/build/car_homework_bringup
[0.272s] Invoked command in '/home/mahmudch/Desktop/ROS_udemy/code/rosCode/ros2_ws/build/car_homework_bringup' returned '0': AMENT_PREFIX_PATH=/home/mahmudch/Desktop/ROS_udemy/code/rosCode/ros2_ws/install/car_homework_description:${AMENT_PREFIX_PATH} CMAKE_PREFIX_PATH=/home/mahmudch/Desktop/ROS_udemy/code/rosCode/ros2_ws/install/car_homework_description:/home/mahmudch/robot_ws/install/car_discription:/home/mahmudch/robot_ws/install/robot_node_py_pkg:/opt/ros/humble /usr/bin/cmake /home/mahmudch/Desktop/ROS_udemy/code/rosCode/ros2_ws/src/car_homework_bringup -DCMAKE_INSTALL_PREFIX=/home/mahmudch/Desktop/ROS_udemy/code/rosCode/ros2_ws/install/car_homework_bringup
[0.274s] Invoking command in '/home/mahmudch/Desktop/ROS_udemy/code/rosCode/ros2_ws/build/car_homework_bringup': AMENT_PREFIX_PATH=/home/mahmudch/Desktop/ROS_udemy/code/rosCode/ros2_ws/install/car_homework_description:${AMENT_PREFIX_PATH} CMAKE_PREFIX_PATH=/home/mahmudch/Desktop/ROS_udemy/code/rosCode/ros2_ws/install/car_homework_description:/home/mahmudch/robot_ws/install/car_discription:/home/mahmudch/robot_ws/install/robot_node_py_pkg:/opt/ros/humble /usr/bin/cmake --build /home/mahmudch/Desktop/ROS_udemy/code/rosCode/ros2_ws/build/car_homework_bringup -- -j12 -l12
[0.313s] Invoked command in '/home/mahmudch/Desktop/ROS_udemy/code/rosCode/ros2_ws/build/car_homework_bringup' returned '0': AMENT_PREFIX_PATH=/home/mahmudch/Desktop/ROS_udemy/code/rosCode/ros2_ws/install/car_homework_description:${AMENT_PREFIX_PATH} CMAKE_PREFIX_PATH=/home/mahmudch/Desktop/ROS_udemy/code/rosCode/ros2_ws/install/car_homework_description:/home/mahmudch/robot_ws/install/car_discription:/home/mahmudch/robot_ws/install/robot_node_py_pkg:/opt/ros/humble /usr/bin/cmake --build /home/mahmudch/Desktop/ROS_udemy/code/rosCode/ros2_ws/build/car_homework_bringup -- -j12 -l12
[0.315s] Invoking command in '/home/mahmudch/Desktop/ROS_udemy/code/rosCode/ros2_ws/build/car_homework_bringup': AMENT_PREFIX_PATH=/home/mahmudch/Desktop/ROS_udemy/code/rosCode/ros2_ws/install/car_homework_description:${AMENT_PREFIX_PATH} CMAKE_PREFIX_PATH=/home/mahmudch/Desktop/ROS_udemy/code/rosCode/ros2_ws/install/car_homework_description:/home/mahmudch/robot_ws/install/car_discription:/home/mahmudch/robot_ws/install/robot_node_py_pkg:/opt/ros/humble /usr/bin/cmake --install /home/mahmudch/Desktop/ROS_udemy/code/rosCode/ros2_ws/build/car_homework_bringup
[0.321s] -- Install configuration: ""
[0.322s] -- Execute custom install script
[0.322s] -- Up-to-date symlink: /home/mahmudch/Desktop/ROS_udemy/code/rosCode/ros2_ws/install/car_homework_bringup/share/car_homework_bringup//launch/car_homework.launch.xml
[0.322s] -- Up-to-date symlink: /home/mahmudch/Desktop/ROS_udemy/code/rosCode/ros2_ws/install/car_homework_bringup/share/car_homework_bringup//rviz/urdf_config.rviz
[0.323s] -- Up-to-date symlink: /home/mahmudch/Desktop/ROS_udemy/code/rosCode/ros2_ws/install/car_homework_bringup/share/car_homework_bringup//worlds/test_world.world
[0.323s] -- Up-to-date symlink: /home/mahmudch/Desktop/ROS_udemy/code/rosCode/ros2_ws/install/car_homework_bringup/share/ament_index/resource_index/package_run_dependencies/car_homework_bringup
[0.323s] -- Up-to-date symlink: /home/mahmudch/Desktop/ROS_udemy/code/rosCode/ros2_ws/install/car_homework_bringup/share/ament_index/resource_index/parent_prefix_path/car_homework_bringup
[0.323s] -- Up-to-date symlink: /home/mahmudch/Desktop/ROS_udemy/code/rosCode/ros2_ws/install/car_homework_bringup/share/car_homework_bringup/environment/ament_prefix_path.sh
[0.323s] -- Up-to-date symlink: /home/mahmudch/Desktop/ROS_udemy/code/rosCode/ros2_ws/install/car_homework_bringup/share/car_homework_bringup/environment/ament_prefix_path.dsv
[0.323s] -- Up-to-date symlink: /home/mahmudch/Desktop/ROS_udemy/code/rosCode/ros2_ws/install/car_homework_bringup/share/car_homework_bringup/environment/path.sh
[0.324s] -- Up-to-date symlink: /home/mahmudch/Desktop/ROS_udemy/code/rosCode/ros2_ws/install/car_homework_bringup/share/car_homework_bringup/environment/path.dsv
[0.324s] -- Up-to-date symlink: /home/mahmudch/Desktop/ROS_udemy/code/rosCode/ros2_ws/install/car_homework_bringup/share/car_homework_bringup/local_setup.bash
[0.324s] -- Up-to-date symlink: /home/mahmudch/Desktop/ROS_udemy/code/rosCode/ros2_ws/install/car_homework_bringup/share/car_homework_bringup/local_setup.sh
[0.324s] -- Up-to-date symlink: /home/mahmudch/Desktop/ROS_udemy/code/rosCode/ros2_ws/install/car_homework_bringup/share/car_homework_bringup/local_setup.zsh
[0.324s] -- Up-to-date symlink: /home/mahmudch/Desktop/ROS_udemy/code/rosCode/ros2_ws/install/car_homework_bringup/share/car_homework_bringup/local_setup.dsv
[0.324s] -- Symlinking: /home/mahmudch/Desktop/ROS_udemy/code/rosCode/ros2_ws/install/car_homework_bringup/share/car_homework_bringup/package.dsv
[0.332s] -- Up-to-date symlink: /home/mahmudch/Desktop/ROS_udemy/code/rosCode/ros2_ws/install/car_homework_bringup/share/ament_index/resource_index/packages/car_homework_bringup
[0.332s] -- Up-to-date symlink: /home/mahmudch/Desktop/ROS_udemy/code/rosCode/ros2_ws/install/car_homework_bringup/share/car_homework_bringup/cmake/car_homework_bringupConfig.cmake
[0.332s] -- Up-to-date symlink: /home/mahmudch/Desktop/ROS_udemy/code/rosCode/ros2_ws/install/car_homework_bringup/share/car_homework_bringup/cmake/car_homework_bringupConfig-version.cmake
[0.332s] -- Up-to-date symlink: /home/mahmudch/Desktop/ROS_udemy/code/rosCode/ros2_ws/install/car_homework_bringup/share/car_homework_bringup/package.xml
[0.335s] Invoked command in '/home/mahmudch/Desktop/ROS_udemy/code/rosCode/ros2_ws/build/car_homework_bringup' returned '0': AMENT_PREFIX_PATH=/home/mahmudch/Desktop/ROS_udemy/code/rosCode/ros2_ws/install/car_homework_description:${AMENT_PREFIX_PATH} CMAKE_PREFIX_PATH=/home/mahmudch/Desktop/ROS_udemy/code/rosCode/ros2_ws/install/car_homework_description:/home/mahmudch/robot_ws/install/car_discription:/home/mahmudch/robot_ws/install/robot_node_py_pkg:/opt/ros/humble /usr/bin/cmake --install /home/mahmudch/Desktop/ROS_udemy/code/rosCode/ros2_ws/build/car_homework_bringup
