running develop
Removing /home/mahmudch/Desktop/ROS_udemy/code/rosCode/ros2_ws/install/simple_py_pkg/lib/python3.10/site-packages/simple-py-pkg.egg-link (link to .)
running egg_info
writing ../../build/simple_py_pkg/simple_py_pkg.egg-info/PKG-INFO
writing dependency_links to ../../build/simple_py_pkg/simple_py_pkg.egg-info/dependency_links.txt
writing entry points to ../../build/simple_py_pkg/simple_py_pkg.egg-info/entry_points.txt
writing requirements to ../../build/simple_py_pkg/simple_py_pkg.egg-info/requires.txt
writing top-level names to ../../build/simple_py_pkg/simple_py_pkg.egg-info/top_level.txt
reading manifest file '../../build/simple_py_pkg/simple_py_pkg.egg-info/SOURCES.txt'
writing manifest file '../../build/simple_py_pkg/simple_py_pkg.egg-info/SOURCES.txt'
running build
running build_py
creating /home/mahmudch/Desktop/ROS_udemy/code/rosCode/ros2_ws/build/simple_py_pkg/build
creating /home/mahmudch/Desktop/ROS_udemy/code/rosCode/ros2_ws/build/simple_py_pkg/build/lib
creating /home/mahmudch/Desktop/ROS_udemy/code/rosCode/ros2_ws/build/simple_py_pkg/build/lib/simple_py_pkg
copying simple_py_pkg/add_two_ints_server.py -> /home/mahmudch/Desktop/ROS_udemy/code/rosCode/ros2_ws/build/simple_py_pkg/build/lib/simple_py_pkg
copying simple_py_pkg/television.py -> /home/mahmudch/Desktop/ROS_udemy/code/rosCode/ros2_ws/build/simple_py_pkg/build/lib/simple_py_pkg
copying simple_py_pkg/__init__.py -> /home/mahmudch/Desktop/ROS_udemy/code/rosCode/ros2_ws/build/simple_py_pkg/build/lib/simple_py_pkg
copying simple_py_pkg/add_two_ints_client.py -> /home/mahmudch/Desktop/ROS_udemy/code/rosCode/ros2_ws/build/simple_py_pkg/build/lib/simple_py_pkg
copying simple_py_pkg/components_status_publisher.py -> /home/mahmudch/Desktop/ROS_udemy/code/rosCode/ros2_ws/build/simple_py_pkg/build/lib/simple_py_pkg
copying simple_py_pkg/remote_controller.py -> /home/mahmudch/Desktop/ROS_udemy/code/rosCode/ros2_ws/build/simple_py_pkg/build/lib/simple_py_pkg
copying simple_py_pkg/add_two_ints_client_oop.py -> /home/mahmudch/Desktop/ROS_udemy/code/rosCode/ros2_ws/build/simple_py_pkg/build/lib/simple_py_pkg
copying simple_py_pkg/template_node.py -> /home/mahmudch/Desktop/ROS_udemy/code/rosCode/ros2_ws/build/simple_py_pkg/build/lib/simple_py_pkg
copying simple_py_pkg/multiply_two_ints_server.py -> /home/mahmudch/Desktop/ROS_udemy/code/rosCode/ros2_ws/build/simple_py_pkg/build/lib/simple_py_pkg
copying simple_py_pkg/simple_py_node.py -> /home/mahmudch/Desktop/ROS_udemy/code/rosCode/ros2_ws/build/simple_py_pkg/build/lib/simple_py_pkg
copying simple_py_pkg/robot_command.py -> /home/mahmudch/Desktop/ROS_udemy/code/rosCode/ros2_ws/build/simple_py_pkg/build/lib/simple_py_pkg
copying simple_py_pkg/multiply_two_ints_client.py -> /home/mahmudch/Desktop/ROS_udemy/code/rosCode/ros2_ws/build/simple_py_pkg/build/lib/simple_py_pkg
copying simple_py_pkg/counter_node.py -> /home/mahmudch/Desktop/ROS_udemy/code/rosCode/ros2_ws/build/simple_py_pkg/build/lib/simple_py_pkg
running install
running install_lib
creating /home/mahmudch/Desktop/ROS_udemy/code/rosCode/ros2_ws/install/simple_py_pkg/lib/python3.10/site-packages/simple_py_pkg
copying /home/mahmudch/Desktop/ROS_udemy/code/rosCode/ros2_ws/build/simple_py_pkg/build/lib/simple_py_pkg/add_two_ints_server.py -> /home/mahmudch/Desktop/ROS_udemy/code/rosCode/ros2_ws/install/simple_py_pkg/lib/python3.10/site-packages/simple_py_pkg
copying /home/mahmudch/Desktop/ROS_udemy/code/rosCode/ros2_ws/build/simple_py_pkg/build/lib/simple_py_pkg/television.py -> /home/mahmudch/Desktop/ROS_udemy/code/rosCode/ros2_ws/install/simple_py_pkg/lib/python3.10/site-packages/simple_py_pkg
copying /home/mahmudch/Desktop/ROS_udemy/code/rosCode/ros2_ws/build/simple_py_pkg/build/lib/simple_py_pkg/__init__.py -> /home/mahmudch/Desktop/ROS_udemy/code/rosCode/ros2_ws/install/simple_py_pkg/lib/python3.10/site-packages/simple_py_pkg
copying /home/mahmudch/Desktop/ROS_udemy/code/rosCode/ros2_ws/build/simple_py_pkg/build/lib/simple_py_pkg/add_two_ints_client.py -> /home/mahmudch/Desktop/ROS_udemy/code/rosCode/ros2_ws/install/simple_py_pkg/lib/python3.10/site-packages/simple_py_pkg
copying /home/mahmudch/Desktop/ROS_udemy/code/rosCode/ros2_ws/build/simple_py_pkg/build/lib/simple_py_pkg/components_status_publisher.py -> /home/mahmudch/Desktop/ROS_udemy/code/rosCode/ros2_ws/install/simple_py_pkg/lib/python3.10/site-packages/simple_py_pkg
copying /home/mahmudch/Desktop/ROS_udemy/code/rosCode/ros2_ws/build/simple_py_pkg/build/lib/simple_py_pkg/remote_controller.py -> /home/mahmudch/Desktop/ROS_udemy/code/rosCode/ros2_ws/install/simple_py_pkg/lib/python3.10/site-packages/simple_py_pkg
copying /home/mahmudch/Desktop/ROS_udemy/code/rosCode/ros2_ws/build/simple_py_pkg/build/lib/simple_py_pkg/add_two_ints_client_oop.py -> /home/mahmudch/Desktop/ROS_udemy/code/rosCode/ros2_ws/install/simple_py_pkg/lib/python3.10/site-packages/simple_py_pkg
copying /home/mahmudch/Desktop/ROS_udemy/code/rosCode/ros2_ws/build/simple_py_pkg/build/lib/simple_py_pkg/template_node.py -> /home/mahmudch/Desktop/ROS_udemy/code/rosCode/ros2_ws/install/simple_py_pkg/lib/python3.10/site-packages/simple_py_pkg
copying /home/mahmudch/Desktop/ROS_udemy/code/rosCode/ros2_ws/build/simple_py_pkg/build/lib/simple_py_pkg/multiply_two_ints_server.py -> /home/mahmudch/Desktop/ROS_udemy/code/rosCode/ros2_ws/install/simple_py_pkg/lib/python3.10/site-packages/simple_py_pkg
copying /home/mahmudch/Desktop/ROS_udemy/code/rosCode/ros2_ws/build/simple_py_pkg/build/lib/simple_py_pkg/simple_py_node.py -> /home/mahmudch/Desktop/ROS_udemy/code/rosCode/ros2_ws/install/simple_py_pkg/lib/python3.10/site-packages/simple_py_pkg
copying /home/mahmudch/Desktop/ROS_udemy/code/rosCode/ros2_ws/build/simple_py_pkg/build/lib/simple_py_pkg/robot_command.py -> /home/mahmudch/Desktop/ROS_udemy/code/rosCode/ros2_ws/install/simple_py_pkg/lib/python3.10/site-packages/simple_py_pkg
copying /home/mahmudch/Desktop/ROS_udemy/code/rosCode/ros2_ws/build/simple_py_pkg/build/lib/simple_py_pkg/multiply_two_ints_client.py -> /home/mahmudch/Desktop/ROS_udemy/code/rosCode/ros2_ws/install/simple_py_pkg/lib/python3.10/site-packages/simple_py_pkg
copying /home/mahmudch/Desktop/ROS_udemy/code/rosCode/ros2_ws/build/simple_py_pkg/build/lib/simple_py_pkg/counter_node.py -> /home/mahmudch/Desktop/ROS_udemy/code/rosCode/ros2_ws/install/simple_py_pkg/lib/python3.10/site-packages/simple_py_pkg
byte-compiling /home/mahmudch/Desktop/ROS_udemy/code/rosCode/ros2_ws/install/simple_py_pkg/lib/python3.10/site-packages/simple_py_pkg/add_two_ints_server.py to add_two_ints_server.cpython-310.pyc
byte-compiling /home/mahmudch/Desktop/ROS_udemy/code/rosCode/ros2_ws/install/simple_py_pkg/lib/python3.10/site-packages/simple_py_pkg/television.py to television.cpython-310.pyc
byte-compiling /home/mahmudch/Desktop/ROS_udemy/code/rosCode/ros2_ws/install/simple_py_pkg/lib/python3.10/site-packages/simple_py_pkg/__init__.py to __init__.cpython-310.pyc
byte-compiling /home/mahmudch/Desktop/ROS_udemy/code/rosCode/ros2_ws/install/simple_py_pkg/lib/python3.10/site-packages/simple_py_pkg/add_two_ints_client.py to add_two_ints_client.cpython-310.pyc
byte-compiling /home/mahmudch/Desktop/ROS_udemy/code/rosCode/ros2_ws/install/simple_py_pkg/lib/python3.10/site-packages/simple_py_pkg/components_status_publisher.py to components_status_publisher.cpython-310.pyc
byte-compiling /home/mahmudch/Desktop/ROS_udemy/code/rosCode/ros2_ws/install/simple_py_pkg/lib/python3.10/site-packages/simple_py_pkg/remote_controller.py to remote_controller.cpython-310.pyc
byte-compiling /home/mahmudch/Desktop/ROS_udemy/code/rosCode/ros2_ws/install/simple_py_pkg/lib/python3.10/site-packages/simple_py_pkg/add_two_ints_client_oop.py to add_two_ints_client_oop.cpython-310.pyc
byte-compiling /home/mahmudch/Desktop/ROS_udemy/code/rosCode/ros2_ws/install/simple_py_pkg/lib/python3.10/site-packages/simple_py_pkg/template_node.py to template_node.cpython-310.pyc
byte-compiling /home/mahmudch/Desktop/ROS_udemy/code/rosCode/ros2_ws/install/simple_py_pkg/lib/python3.10/site-packages/simple_py_pkg/multiply_two_ints_server.py to multiply_two_ints_server.cpython-310.pyc
byte-compiling /home/mahmudch/Desktop/ROS_udemy/code/rosCode/ros2_ws/install/simple_py_pkg/lib/python3.10/site-packages/simple_py_pkg/simple_py_node.py to simple_py_node.cpython-310.pyc
byte-compiling /home/mahmudch/Desktop/ROS_udemy/code/rosCode/ros2_ws/install/simple_py_pkg/lib/python3.10/site-packages/simple_py_pkg/robot_command.py to robot_command.cpython-310.pyc
byte-compiling /home/mahmudch/Desktop/ROS_udemy/code/rosCode/ros2_ws/install/simple_py_pkg/lib/python3.10/site-packages/simple_py_pkg/multiply_two_ints_client.py to multiply_two_ints_client.cpython-310.pyc
byte-compiling /home/mahmudch/Desktop/ROS_udemy/code/rosCode/ros2_ws/install/simple_py_pkg/lib/python3.10/site-packages/simple_py_pkg/counter_node.py to counter_node.cpython-310.pyc
running install_data
copying resource/simple_py_pkg -> /home/mahmudch/Desktop/ROS_udemy/code/rosCode/ros2_ws/install/simple_py_pkg/share/ament_index/resource_index/packages
copying package.xml -> /home/mahmudch/Desktop/ROS_udemy/code/rosCode/ros2_ws/install/simple_py_pkg/share/simple_py_pkg
running install_egg_info
Copying ../../build/simple_py_pkg/simple_py_pkg.egg-info to /home/mahmudch/Desktop/ROS_udemy/code/rosCode/ros2_ws/install/simple_py_pkg/lib/python3.10/site-packages/simple_py_pkg-0.0.0-py3.10.egg-info
running install_scripts
Installing add_two_ints_client_node script to /home/mahmudch/Desktop/ROS_udemy/code/rosCode/ros2_ws/install/simple_py_pkg/lib/simple_py_pkg
Installing add_two_ints_client_oop_node script to /home/mahmudch/Desktop/ROS_udemy/code/rosCode/ros2_ws/install/simple_py_pkg/lib/simple_py_pkg
Installing add_two_ints_server_node script to /home/mahmudch/Desktop/ROS_udemy/code/rosCode/ros2_ws/install/simple_py_pkg/lib/simple_py_pkg
Installing components_status_publisher script to /home/mahmudch/Desktop/ROS_udemy/code/rosCode/ros2_ws/install/simple_py_pkg/lib/simple_py_pkg
Installing counter_node script to /home/mahmudch/Desktop/ROS_udemy/code/rosCode/ros2_ws/install/simple_py_pkg/lib/simple_py_pkg
Installing multiply_two_ints_client script to /home/mahmudch/Desktop/ROS_udemy/code/rosCode/ros2_ws/install/simple_py_pkg/lib/simple_py_pkg
Installing multiply_two_ints_server script to /home/mahmudch/Desktop/ROS_udemy/code/rosCode/ros2_ws/install/simple_py_pkg/lib/simple_py_pkg
Installing py_node script to /home/mahmudch/Desktop/ROS_udemy/code/rosCode/ros2_ws/install/simple_py_pkg/lib/simple_py_pkg
Installing remote_controller script to /home/mahmudch/Desktop/ROS_udemy/code/rosCode/ros2_ws/install/simple_py_pkg/lib/simple_py_pkg
Installing robot_command_publisher script to /home/mahmudch/Desktop/ROS_udemy/code/rosCode/ros2_ws/install/simple_py_pkg/lib/simple_py_pkg
Installing television_node script to /home/mahmudch/Desktop/ROS_udemy/code/rosCode/ros2_ws/install/simple_py_pkg/lib/simple_py_pkg
writing list of installed files to '/home/mahmudch/Desktop/ROS_udemy/code/rosCode/ros2_ws/build/simple_py_pkg/install.log'
