[0.547s] Invoking command in '/home/mahmudch/Desktop/ROS_udemy/code/rosCode/ros2_ws/build/simple_py_pkg': AMENT_PREFIX_PATH=/home/mahmudch/Desktop/ROS_udemy/code/rosCode/ros2_ws/install/simple_interfaces_pkg:${AMENT_PREFIX_PATH} CMAKE_PREFIX_PATH=/home/mahmudch/Desktop/ROS_udemy/code/rosCode/ros2_ws/install/simple_interfaces_pkg:${CMAKE_PREFIX_PATH} LD_LIBRARY_PATH=/home/mahmudch/Desktop/ROS_udemy/code/rosCode/ros2_ws/install/simple_interfaces_pkg/lib:${LD_LIBRARY_PATH} PYTHONPATH=/home/mahmudch/Desktop/ROS_udemy/code/rosCode/ros2_ws/build/simple_py_pkg/prefix_override:/usr/lib/python3/dist-packages/colcon_core/task/python/colcon_distutils_commands:/home/mahmudch/Desktop/ROS_udemy/code/rosCode/ros2_ws/install/simple_py_pkg/lib/python3.10/site-packages:/home/mahmudch/Desktop/ROS_udemy/code/rosCode/ros2_ws/install/simple_interfaces_pkg/local/lib/python3.10/dist-packages:${PYTHONPATH} /usr/bin/python3 -W ignore:setup.py install is deprecated -W ignore:easy_install command is deprecated setup.py develop --uninstall --editable --build-directory /home/mahmudch/Desktop/ROS_udemy/code/rosCode/ros2_ws/build/simple_py_pkg/build
[0.767s] running develop
[0.906s] Removing /home/mahmudch/Desktop/ROS_udemy/code/rosCode/ros2_ws/install/simple_py_pkg/lib/python3.10/site-packages/simple-py-pkg.egg-link (link to .)
[0.922s] Invoked command in '/home/mahmudch/Desktop/ROS_udemy/code/rosCode/ros2_ws/build/simple_py_pkg' returned '0': AMENT_PREFIX_PATH=/home/mahmudch/Desktop/ROS_udemy/code/rosCode/ros2_ws/install/simple_interfaces_pkg:${AMENT_PREFIX_PATH} CMAKE_PREFIX_PATH=/home/mahmudch/Desktop/ROS_udemy/code/rosCode/ros2_ws/install/simple_interfaces_pkg:${CMAKE_PREFIX_PATH} LD_LIBRARY_PATH=/home/mahmudch/Desktop/ROS_udemy/code/rosCode/ros2_ws/install/simple_interfaces_pkg/lib:${LD_LIBRARY_PATH} PYTHONPATH=/home/mahmudch/Desktop/ROS_udemy/code/rosCode/ros2_ws/build/simple_py_pkg/prefix_override:/usr/lib/python3/dist-packages/colcon_core/task/python/colcon_distutils_commands:/home/mahmudch/Desktop/ROS_udemy/code/rosCode/ros2_ws/install/simple_py_pkg/lib/python3.10/site-packages:/home/mahmudch/Desktop/ROS_udemy/code/rosCode/ros2_ws/install/simple_interfaces_pkg/local/lib/python3.10/dist-packages:${PYTHONPATH} /usr/bin/python3 -W ignore:setup.py install is deprecated -W ignore:easy_install command is deprecated setup.py develop --uninstall --editable --build-directory /home/mahmudch/Desktop/ROS_udemy/code/rosCode/ros2_ws/build/simple_py_pkg/build
[0.923s] Invoking command in '/home/mahmudch/Desktop/ROS_udemy/code/rosCode/ros2_ws/src/simple_py_pkg': AMENT_PREFIX_PATH=/home/mahmudch/Desktop/ROS_udemy/code/rosCode/ros2_ws/install/simple_interfaces_pkg:${AMENT_PREFIX_PATH} CMAKE_PREFIX_PATH=/home/mahmudch/Desktop/ROS_udemy/code/rosCode/ros2_ws/install/simple_interfaces_pkg:${CMAKE_PREFIX_PATH} LD_LIBRARY_PATH=/home/mahmudch/Desktop/ROS_udemy/code/rosCode/ros2_ws/install/simple_interfaces_pkg/lib:${LD_LIBRARY_PATH} PYTHONPATH=/home/mahmudch/Desktop/ROS_udemy/code/rosCode/ros2_ws/build/simple_py_pkg/prefix_override:/usr/lib/python3/dist-packages/colcon_core/task/python/colcon_distutils_commands:/home/mahmudch/Desktop/ROS_udemy/code/rosCode/ros2_ws/install/simple_py_pkg/lib/python3.10/site-packages:/home/mahmudch/Desktop/ROS_udemy/code/rosCode/ros2_ws/install/simple_interfaces_pkg/local/lib/python3.10/dist-packages:${PYTHONPATH} /usr/bin/python3 -W ignore:setup.py install is deprecated -W ignore:easy_install command is deprecated setup.py egg_info --egg-base ../../build/simple_py_pkg build --build-base /home/mahmudch/Desktop/ROS_udemy/code/rosCode/ros2_ws/build/simple_py_pkg/build install --record /home/mahmudch/Desktop/ROS_udemy/code/rosCode/ros2_ws/build/simple_py_pkg/install.log --single-version-externally-managed install_data --force
[1.117s] running egg_info
[1.117s] writing ../../build/simple_py_pkg/simple_py_pkg.egg-info/PKG-INFO
[1.117s] writing dependency_links to ../../build/simple_py_pkg/simple_py_pkg.egg-info/dependency_links.txt
[1.117s] writing entry points to ../../build/simple_py_pkg/simple_py_pkg.egg-info/entry_points.txt
[1.118s] writing requirements to ../../build/simple_py_pkg/simple_py_pkg.egg-info/requires.txt
[1.118s] writing top-level names to ../../build/simple_py_pkg/simple_py_pkg.egg-info/top_level.txt
[1.119s] reading manifest file '../../build/simple_py_pkg/simple_py_pkg.egg-info/SOURCES.txt'
[1.120s] writing manifest file '../../build/simple_py_pkg/simple_py_pkg.egg-info/SOURCES.txt'
[1.120s] running build
[1.120s] running build_py
[1.120s] creating /home/mahmudch/Desktop/ROS_udemy/code/rosCode/ros2_ws/build/simple_py_pkg/build
[1.120s] creating /home/mahmudch/Desktop/ROS_udemy/code/rosCode/ros2_ws/build/simple_py_pkg/build/lib
[1.120s] creating /home/mahmudch/Desktop/ROS_udemy/code/rosCode/ros2_ws/build/simple_py_pkg/build/lib/simple_py_pkg
[1.120s] copying simple_py_pkg/add_two_ints_server.py -> /home/mahmudch/Desktop/ROS_udemy/code/rosCode/ros2_ws/build/simple_py_pkg/build/lib/simple_py_pkg
[1.120s] copying simple_py_pkg/television.py -> /home/mahmudch/Desktop/ROS_udemy/code/rosCode/ros2_ws/build/simple_py_pkg/build/lib/simple_py_pkg
[1.120s] copying simple_py_pkg/__init__.py -> /home/mahmudch/Desktop/ROS_udemy/code/rosCode/ros2_ws/build/simple_py_pkg/build/lib/simple_py_pkg
[1.120s] copying simple_py_pkg/add_two_ints_client.py -> /home/mahmudch/Desktop/ROS_udemy/code/rosCode/ros2_ws/build/simple_py_pkg/build/lib/simple_py_pkg
[1.120s] copying simple_py_pkg/components_status_publisher.py -> /home/mahmudch/Desktop/ROS_udemy/code/rosCode/ros2_ws/build/simple_py_pkg/build/lib/simple_py_pkg
[1.120s] copying simple_py_pkg/remote_controller.py -> /home/mahmudch/Desktop/ROS_udemy/code/rosCode/ros2_ws/build/simple_py_pkg/build/lib/simple_py_pkg
[1.121s] copying simple_py_pkg/add_two_ints_client_oop.py -> /home/mahmudch/Desktop/ROS_udemy/code/rosCode/ros2_ws/build/simple_py_pkg/build/lib/simple_py_pkg
[1.121s] copying simple_py_pkg/template_node.py -> /home/mahmudch/Desktop/ROS_udemy/code/rosCode/ros2_ws/build/simple_py_pkg/build/lib/simple_py_pkg
[1.121s] copying simple_py_pkg/multiply_two_ints_server.py -> /home/mahmudch/Desktop/ROS_udemy/code/rosCode/ros2_ws/build/simple_py_pkg/build/lib/simple_py_pkg
[1.121s] copying simple_py_pkg/simple_py_node.py -> /home/mahmudch/Desktop/ROS_udemy/code/rosCode/ros2_ws/build/simple_py_pkg/build/lib/simple_py_pkg
[1.121s] copying simple_py_pkg/robot_command.py -> /home/mahmudch/Desktop/ROS_udemy/code/rosCode/ros2_ws/build/simple_py_pkg/build/lib/simple_py_pkg
[1.121s] copying simple_py_pkg/multiply_two_ints_client.py -> /home/mahmudch/Desktop/ROS_udemy/code/rosCode/ros2_ws/build/simple_py_pkg/build/lib/simple_py_pkg
[1.121s] copying simple_py_pkg/counter_node.py -> /home/mahmudch/Desktop/ROS_udemy/code/rosCode/ros2_ws/build/simple_py_pkg/build/lib/simple_py_pkg
[1.121s] running install
[1.122s] running install_lib
[1.122s] creating /home/mahmudch/Desktop/ROS_udemy/code/rosCode/ros2_ws/install/simple_py_pkg/lib/python3.10/site-packages/simple_py_pkg
[1.122s] copying /home/mahmudch/Desktop/ROS_udemy/code/rosCode/ros2_ws/build/simple_py_pkg/build/lib/simple_py_pkg/add_two_ints_server.py -> /home/mahmudch/Desktop/ROS_udemy/code/rosCode/ros2_ws/install/simple_py_pkg/lib/python3.10/site-packages/simple_py_pkg
[1.122s] copying /home/mahmudch/Desktop/ROS_udemy/code/rosCode/ros2_ws/build/simple_py_pkg/build/lib/simple_py_pkg/television.py -> /home/mahmudch/Desktop/ROS_udemy/code/rosCode/ros2_ws/install/simple_py_pkg/lib/python3.10/site-packages/simple_py_pkg
[1.123s] copying /home/mahmudch/Desktop/ROS_udemy/code/rosCode/ros2_ws/build/simple_py_pkg/build/lib/simple_py_pkg/__init__.py -> /home/mahmudch/Desktop/ROS_udemy/code/rosCode/ros2_ws/install/simple_py_pkg/lib/python3.10/site-packages/simple_py_pkg
[1.123s] copying /home/mahmudch/Desktop/ROS_udemy/code/rosCode/ros2_ws/build/simple_py_pkg/build/lib/simple_py_pkg/add_two_ints_client.py -> /home/mahmudch/Desktop/ROS_udemy/code/rosCode/ros2_ws/install/simple_py_pkg/lib/python3.10/site-packages/simple_py_pkg
[1.123s] copying /home/mahmudch/Desktop/ROS_udemy/code/rosCode/ros2_ws/build/simple_py_pkg/build/lib/simple_py_pkg/components_status_publisher.py -> /home/mahmudch/Desktop/ROS_udemy/code/rosCode/ros2_ws/install/simple_py_pkg/lib/python3.10/site-packages/simple_py_pkg
[1.123s] copying /home/mahmudch/Desktop/ROS_udemy/code/rosCode/ros2_ws/build/simple_py_pkg/build/lib/simple_py_pkg/remote_controller.py -> /home/mahmudch/Desktop/ROS_udemy/code/rosCode/ros2_ws/install/simple_py_pkg/lib/python3.10/site-packages/simple_py_pkg
[1.123s] copying /home/mahmudch/Desktop/ROS_udemy/code/rosCode/ros2_ws/build/simple_py_pkg/build/lib/simple_py_pkg/add_two_ints_client_oop.py -> /home/mahmudch/Desktop/ROS_udemy/code/rosCode/ros2_ws/install/simple_py_pkg/lib/python3.10/site-packages/simple_py_pkg
[1.123s] copying /home/mahmudch/Desktop/ROS_udemy/code/rosCode/ros2_ws/build/simple_py_pkg/build/lib/simple_py_pkg/template_node.py -> /home/mahmudch/Desktop/ROS_udemy/code/rosCode/ros2_ws/install/simple_py_pkg/lib/python3.10/site-packages/simple_py_pkg
[1.123s] copying /home/mahmudch/Desktop/ROS_udemy/code/rosCode/ros2_ws/build/simple_py_pkg/build/lib/simple_py_pkg/multiply_two_ints_server.py -> /home/mahmudch/Desktop/ROS_udemy/code/rosCode/ros2_ws/install/simple_py_pkg/lib/python3.10/site-packages/simple_py_pkg
[1.123s] copying /home/mahmudch/Desktop/ROS_udemy/code/rosCode/ros2_ws/build/simple_py_pkg/build/lib/simple_py_pkg/simple_py_node.py -> /home/mahmudch/Desktop/ROS_udemy/code/rosCode/ros2_ws/install/simple_py_pkg/lib/python3.10/site-packages/simple_py_pkg
[1.123s] copying /home/mahmudch/Desktop/ROS_udemy/code/rosCode/ros2_ws/build/simple_py_pkg/build/lib/simple_py_pkg/robot_command.py -> /home/mahmudch/Desktop/ROS_udemy/code/rosCode/ros2_ws/install/simple_py_pkg/lib/python3.10/site-packages/simple_py_pkg
[1.123s] copying /home/mahmudch/Desktop/ROS_udemy/code/rosCode/ros2_ws/build/simple_py_pkg/build/lib/simple_py_pkg/multiply_two_ints_client.py -> /home/mahmudch/Desktop/ROS_udemy/code/rosCode/ros2_ws/install/simple_py_pkg/lib/python3.10/site-packages/simple_py_pkg
[1.123s] copying /home/mahmudch/Desktop/ROS_udemy/code/rosCode/ros2_ws/build/simple_py_pkg/build/lib/simple_py_pkg/counter_node.py -> /home/mahmudch/Desktop/ROS_udemy/code/rosCode/ros2_ws/install/simple_py_pkg/lib/python3.10/site-packages/simple_py_pkg
[1.124s] byte-compiling /home/mahmudch/Desktop/ROS_udemy/code/rosCode/ros2_ws/install/simple_py_pkg/lib/python3.10/site-packages/simple_py_pkg/add_two_ints_server.py to add_two_ints_server.cpython-310.pyc
[1.124s] byte-compiling /home/mahmudch/Desktop/ROS_udemy/code/rosCode/ros2_ws/install/simple_py_pkg/lib/python3.10/site-packages/simple_py_pkg/television.py to television.cpython-310.pyc
[1.124s] byte-compiling /home/mahmudch/Desktop/ROS_udemy/code/rosCode/ros2_ws/install/simple_py_pkg/lib/python3.10/site-packages/simple_py_pkg/__init__.py to __init__.cpython-310.pyc
[1.124s] byte-compiling /home/mahmudch/Desktop/ROS_udemy/code/rosCode/ros2_ws/install/simple_py_pkg/lib/python3.10/site-packages/simple_py_pkg/add_two_ints_client.py to add_two_ints_client.cpython-310.pyc
[1.125s] byte-compiling /home/mahmudch/Desktop/ROS_udemy/code/rosCode/ros2_ws/install/simple_py_pkg/lib/python3.10/site-packages/simple_py_pkg/components_status_publisher.py to components_status_publisher.cpython-310.pyc
[1.125s] byte-compiling /home/mahmudch/Desktop/ROS_udemy/code/rosCode/ros2_ws/install/simple_py_pkg/lib/python3.10/site-packages/simple_py_pkg/remote_controller.py to remote_controller.cpython-310.pyc
[1.125s] byte-compiling /home/mahmudch/Desktop/ROS_udemy/code/rosCode/ros2_ws/install/simple_py_pkg/lib/python3.10/site-packages/simple_py_pkg/add_two_ints_client_oop.py to add_two_ints_client_oop.cpython-310.pyc
[1.126s] byte-compiling /home/mahmudch/Desktop/ROS_udemy/code/rosCode/ros2_ws/install/simple_py_pkg/lib/python3.10/site-packages/simple_py_pkg/template_node.py to template_node.cpython-310.pyc
[1.126s] byte-compiling /home/mahmudch/Desktop/ROS_udemy/code/rosCode/ros2_ws/install/simple_py_pkg/lib/python3.10/site-packages/simple_py_pkg/multiply_two_ints_server.py to multiply_two_ints_server.cpython-310.pyc
[1.126s] byte-compiling /home/mahmudch/Desktop/ROS_udemy/code/rosCode/ros2_ws/install/simple_py_pkg/lib/python3.10/site-packages/simple_py_pkg/simple_py_node.py to simple_py_node.cpython-310.pyc
[1.126s] byte-compiling /home/mahmudch/Desktop/ROS_udemy/code/rosCode/ros2_ws/install/simple_py_pkg/lib/python3.10/site-packages/simple_py_pkg/robot_command.py to robot_command.cpython-310.pyc
[1.127s] byte-compiling /home/mahmudch/Desktop/ROS_udemy/code/rosCode/ros2_ws/install/simple_py_pkg/lib/python3.10/site-packages/simple_py_pkg/multiply_two_ints_client.py to multiply_two_ints_client.cpython-310.pyc
[1.127s] byte-compiling /home/mahmudch/Desktop/ROS_udemy/code/rosCode/ros2_ws/install/simple_py_pkg/lib/python3.10/site-packages/simple_py_pkg/counter_node.py to counter_node.cpython-310.pyc
[1.127s] running install_data
[1.127s] copying resource/simple_py_pkg -> /home/mahmudch/Desktop/ROS_udemy/code/rosCode/ros2_ws/install/simple_py_pkg/share/ament_index/resource_index/packages
[1.127s] copying package.xml -> /home/mahmudch/Desktop/ROS_udemy/code/rosCode/ros2_ws/install/simple_py_pkg/share/simple_py_pkg
[1.127s] running install_egg_info
[1.129s] Copying ../../build/simple_py_pkg/simple_py_pkg.egg-info to /home/mahmudch/Desktop/ROS_udemy/code/rosCode/ros2_ws/install/simple_py_pkg/lib/python3.10/site-packages/simple_py_pkg-0.0.0-py3.10.egg-info
[1.129s] running install_scripts
[1.145s] Installing add_two_ints_client_node script to /home/mahmudch/Desktop/ROS_udemy/code/rosCode/ros2_ws/install/simple_py_pkg/lib/simple_py_pkg
[1.145s] Installing add_two_ints_client_oop_node script to /home/mahmudch/Desktop/ROS_udemy/code/rosCode/ros2_ws/install/simple_py_pkg/lib/simple_py_pkg
[1.145s] Installing add_two_ints_server_node script to /home/mahmudch/Desktop/ROS_udemy/code/rosCode/ros2_ws/install/simple_py_pkg/lib/simple_py_pkg
[1.145s] Installing components_status_publisher script to /home/mahmudch/Desktop/ROS_udemy/code/rosCode/ros2_ws/install/simple_py_pkg/lib/simple_py_pkg
[1.145s] Installing counter_node script to /home/mahmudch/Desktop/ROS_udemy/code/rosCode/ros2_ws/install/simple_py_pkg/lib/simple_py_pkg
[1.145s] Installing multiply_two_ints_client script to /home/mahmudch/Desktop/ROS_udemy/code/rosCode/ros2_ws/install/simple_py_pkg/lib/simple_py_pkg
[1.145s] Installing multiply_two_ints_server script to /home/mahmudch/Desktop/ROS_udemy/code/rosCode/ros2_ws/install/simple_py_pkg/lib/simple_py_pkg
[1.145s] Installing py_node script to /home/mahmudch/Desktop/ROS_udemy/code/rosCode/ros2_ws/install/simple_py_pkg/lib/simple_py_pkg
[1.145s] Installing remote_controller script to /home/mahmudch/Desktop/ROS_udemy/code/rosCode/ros2_ws/install/simple_py_pkg/lib/simple_py_pkg
[1.145s] Installing robot_command_publisher script to /home/mahmudch/Desktop/ROS_udemy/code/rosCode/ros2_ws/install/simple_py_pkg/lib/simple_py_pkg
[1.145s] Installing television_node script to /home/mahmudch/Desktop/ROS_udemy/code/rosCode/ros2_ws/install/simple_py_pkg/lib/simple_py_pkg
[1.146s] writing list of installed files to '/home/mahmudch/Desktop/ROS_udemy/code/rosCode/ros2_ws/build/simple_py_pkg/install.log'
[1.168s] Invoked command in '/home/mahmudch/Desktop/ROS_udemy/code/rosCode/ros2_ws/src/simple_py_pkg' returned '0': AMENT_PREFIX_PATH=/home/mahmudch/Desktop/ROS_udemy/code/rosCode/ros2_ws/install/simple_interfaces_pkg:${AMENT_PREFIX_PATH} CMAKE_PREFIX_PATH=/home/mahmudch/Desktop/ROS_udemy/code/rosCode/ros2_ws/install/simple_interfaces_pkg:${CMAKE_PREFIX_PATH} LD_LIBRARY_PATH=/home/mahmudch/Desktop/ROS_udemy/code/rosCode/ros2_ws/install/simple_interfaces_pkg/lib:${LD_LIBRARY_PATH} PYTHONPATH=/home/mahmudch/Desktop/ROS_udemy/code/rosCode/ros2_ws/build/simple_py_pkg/prefix_override:/usr/lib/python3/dist-packages/colcon_core/task/python/colcon_distutils_commands:/home/mahmudch/Desktop/ROS_udemy/code/rosCode/ros2_ws/install/simple_py_pkg/lib/python3.10/site-packages:/home/mahmudch/Desktop/ROS_udemy/code/rosCode/ros2_ws/install/simple_interfaces_pkg/local/lib/python3.10/dist-packages:${PYTHONPATH} /usr/bin/python3 -W ignore:setup.py install is deprecated -W ignore:easy_install command is deprecated setup.py egg_info --egg-base ../../build/simple_py_pkg build --build-base /home/mahmudch/Desktop/ROS_udemy/code/rosCode/ros2_ws/build/simple_py_pkg/build install --record /home/mahmudch/Desktop/ROS_udemy/code/rosCode/ros2_ws/build/simple_py_pkg/install.log --single-version-externally-managed install_data --force
