running develop
running egg_info
creating simple_py_pkg.egg-info
writing simple_py_pkg.egg-info/PKG-INFO
writing dependency_links to simple_py_pkg.egg-info/dependency_links.txt
writing entry points to simple_py_pkg.egg-info/entry_points.txt
writing requirements to simple_py_pkg.egg-info/requires.txt
writing top-level names to simple_py_pkg.egg-info/top_level.txt
writing manifest file 'simple_py_pkg.egg-info/SOURCES.txt'
reading manifest file 'simple_py_pkg.egg-info/SOURCES.txt'
writing manifest file 'simple_py_pkg.egg-info/SOURCES.txt'
running build_ext
Creating /home/mahmudch/Desktop/ROS_udemy/code/rosCode/ros2_ws/install/simple_py_pkg/lib/python3.10/site-packages/simple-py-pkg.egg-link (link to .)
Installing add_two_ints_client_node script to /home/mahmudch/Desktop/ROS_udemy/code/rosCode/ros2_ws/install/simple_py_pkg/lib/simple_py_pkg
Installing add_two_ints_client_oop_node script to /home/mahmudch/Desktop/ROS_udemy/code/rosCode/ros2_ws/install/simple_py_pkg/lib/simple_py_pkg
Installing add_two_ints_server_node script to /home/mahmudch/Desktop/ROS_udemy/code/rosCode/ros2_ws/install/simple_py_pkg/lib/simple_py_pkg
Installing components_status_publisher script to /home/mahmudch/Desktop/ROS_udemy/code/rosCode/ros2_ws/install/simple_py_pkg/lib/simple_py_pkg
Installing counter_node script to /home/mahmudch/Desktop/ROS_udemy/code/rosCode/ros2_ws/install/simple_py_pkg/lib/simple_py_pkg
Installing multiply_two_ints_client script to /home/mahmudch/Desktop/ROS_udemy/code/rosCode/ros2_ws/install/simple_py_pkg/lib/simple_py_pkg
Installing multiply_two_ints_server script to /home/mahmudch/Desktop/ROS_udemy/code/rosCode/ros2_ws/install/simple_py_pkg/lib/simple_py_pkg
Installing py_node script to /home/mahmudch/Desktop/ROS_udemy/code/rosCode/ros2_ws/install/simple_py_pkg/lib/simple_py_pkg
Installing remote_controller script to /home/mahmudch/Desktop/ROS_udemy/code/rosCode/ros2_ws/install/simple_py_pkg/lib/simple_py_pkg
Installing robot_command_publisher script to /home/mahmudch/Desktop/ROS_udemy/code/rosCode/ros2_ws/install/simple_py_pkg/lib/simple_py_pkg
Installing television_node script to /home/mahmudch/Desktop/ROS_udemy/code/rosCode/ros2_ws/install/simple_py_pkg/lib/simple_py_pkg

Installed /home/mahmudch/Desktop/ROS_udemy/code/rosCode/ros2_ws/build/simple_py_pkg
running symlink_data
creating /home/mahmudch/Desktop/ROS_udemy/code/rosCode/ros2_ws/install/simple_py_pkg/share/ament_index
creating /home/mahmudch/Desktop/ROS_udemy/code/rosCode/ros2_ws/install/simple_py_pkg/share/ament_index/resource_index
creating /home/mahmudch/Desktop/ROS_udemy/code/rosCode/ros2_ws/install/simple_py_pkg/share/ament_index/resource_index/packages
symbolically linking /home/mahmudch/Desktop/ROS_udemy/code/rosCode/ros2_ws/build/simple_py_pkg/resource/simple_py_pkg -> /home/mahmudch/Desktop/ROS_udemy/code/rosCode/ros2_ws/install/simple_py_pkg/share/ament_index/resource_index/packages
symbolically linking /home/mahmudch/Desktop/ROS_udemy/code/rosCode/ros2_ws/build/simple_py_pkg/package.xml -> /home/mahmudch/Desktop/ROS_udemy/code/rosCode/ros2_ws/install/simple_py_pkg/share/simple_py_pkg
