running develop
running egg_info
creating lidar_py_pkg.egg-info
writing lidar_py_pkg.egg-info/PKG-INFO
writing dependency_links to lidar_py_pkg.egg-info/dependency_links.txt
writing entry points to lidar_py_pkg.egg-info/entry_points.txt
writing requirements to lidar_py_pkg.egg-info/requires.txt
writing top-level names to lidar_py_pkg.egg-info/top_level.txt
writing manifest file 'lidar_py_pkg.egg-info/SOURCES.txt'
reading manifest file 'lidar_py_pkg.egg-info/SOURCES.txt'
writing manifest file 'lidar_py_pkg.egg-info/SOURCES.txt'
running build_ext
Creating /home/mahmudch/Desktop/ROS_udemy/code/rosCode/ros2_ws/install/lidar_py_pkg/lib/python3.10/site-packages/lidar-py-pkg.egg-link (link to .)
Installing lidar_data_node script to /home/mahmudch/Desktop/ROS_udemy/code/rosCode/ros2_ws/install/lidar_py_pkg/lib/lidar_py_pkg

Installed /home/mahmudch/Desktop/ROS_udemy/code/rosCode/ros2_ws/build/lidar_py_pkg
running symlink_data
creating /home/mahmudch/Desktop/ROS_udemy/code/rosCode/ros2_ws/install/lidar_py_pkg/share/ament_index
creating /home/mahmudch/Desktop/ROS_udemy/code/rosCode/ros2_ws/install/lidar_py_pkg/share/ament_index/resource_index
creating /home/mahmudch/Desktop/ROS_udemy/code/rosCode/ros2_ws/install/lidar_py_pkg/share/ament_index/resource_index/packages
symbolically linking /home/mahmudch/Desktop/ROS_udemy/code/rosCode/ros2_ws/build/lidar_py_pkg/resource/lidar_py_pkg -> /home/mahmudch/Desktop/ROS_udemy/code/rosCode/ros2_ws/install/lidar_py_pkg/share/ament_index/resource_index/packages
symbolically linking /home/mahmudch/Desktop/ROS_udemy/code/rosCode/ros2_ws/build/lidar_py_pkg/package.xml -> /home/mahmudch/Desktop/ROS_udemy/code/rosCode/ros2_ws/install/lidar_py_pkg/share/lidar_py_pkg
