[0.736s] Invoking command in '/home/mahmudch/Desktop/ROS_udemy/code/rosCode/ros2_ws/build/lidar_py_pkg': PYTHONPATH=/home/mahmudch/Desktop/ROS_udemy/code/rosCode/ros2_ws/build/lidar_py_pkg/prefix_override:/usr/lib/python3/dist-packages/colcon_core/task/python/colcon_distutils_commands:/home/mahmudch/Desktop/ROS_udemy/code/rosCode/ros2_ws/install/lidar_py_pkg/lib/python3.10/site-packages:${PYTHONPATH} /usr/bin/python3 -W ignore:setup.py install is deprecated -W ignore:easy_install command is deprecated setup.py develop --editable --build-directory /home/mahmudch/Desktop/ROS_udemy/code/rosCode/ros2_ws/build/lidar_py_pkg/build --no-deps symlink_data
[1.073s] running develop
[1.296s] running egg_info
[1.296s] creating lidar_py_pkg.egg-info
[1.296s] writing lidar_py_pkg.egg-info/PKG-INFO
[1.297s] writing dependency_links to lidar_py_pkg.egg-info/dependency_links.txt
[1.297s] writing entry points to lidar_py_pkg.egg-info/entry_points.txt
[1.297s] writing requirements to lidar_py_pkg.egg-info/requires.txt
[1.297s] writing top-level names to lidar_py_pkg.egg-info/top_level.txt
[1.297s] writing manifest file 'lidar_py_pkg.egg-info/SOURCES.txt'
[1.299s] reading manifest file 'lidar_py_pkg.egg-info/SOURCES.txt'
[1.299s] writing manifest file 'lidar_py_pkg.egg-info/SOURCES.txt'
[1.301s] running build_ext
[1.301s] Creating /home/mahmudch/Desktop/ROS_udemy/code/rosCode/ros2_ws/install/lidar_py_pkg/lib/python3.10/site-packages/lidar-py-pkg.egg-link (link to .)
[1.301s] Installing lidar_data_node script to /home/mahmudch/Desktop/ROS_udemy/code/rosCode/ros2_ws/install/lidar_py_pkg/lib/lidar_py_pkg
[1.302s] 
[1.302s] Installed /home/mahmudch/Desktop/ROS_udemy/code/rosCode/ros2_ws/build/lidar_py_pkg
[1.302s] running symlink_data
[1.302s] creating /home/mahmudch/Desktop/ROS_udemy/code/rosCode/ros2_ws/install/lidar_py_pkg/share/ament_index
[1.302s] creating /home/mahmudch/Desktop/ROS_udemy/code/rosCode/ros2_ws/install/lidar_py_pkg/share/ament_index/resource_index
[1.302s] creating /home/mahmudch/Desktop/ROS_udemy/code/rosCode/ros2_ws/install/lidar_py_pkg/share/ament_index/resource_index/packages
[1.302s] symbolically linking /home/mahmudch/Desktop/ROS_udemy/code/rosCode/ros2_ws/build/lidar_py_pkg/resource/lidar_py_pkg -> /home/mahmudch/Desktop/ROS_udemy/code/rosCode/ros2_ws/install/lidar_py_pkg/share/ament_index/resource_index/packages
[1.302s] symbolically linking /home/mahmudch/Desktop/ROS_udemy/code/rosCode/ros2_ws/build/lidar_py_pkg/package.xml -> /home/mahmudch/Desktop/ROS_udemy/code/rosCode/ros2_ws/install/lidar_py_pkg/share/lidar_py_pkg
[1.331s] Invoked command in '/home/mahmudch/Desktop/ROS_udemy/code/rosCode/ros2_ws/build/lidar_py_pkg' returned '0': PYTHONPATH=/home/mahmudch/Desktop/ROS_udemy/code/rosCode/ros2_ws/build/lidar_py_pkg/prefix_override:/usr/lib/python3/dist-packages/colcon_core/task/python/colcon_distutils_commands:/home/mahmudch/Desktop/ROS_udemy/code/rosCode/ros2_ws/install/lidar_py_pkg/lib/python3.10/site-packages:${PYTHONPATH} /usr/bin/python3 -W ignore:setup.py install is deprecated -W ignore:easy_install command is deprecated setup.py develop --editable --build-directory /home/mahmudch/Desktop/ROS_udemy/code/rosCode/ros2_ws/build/lidar_py_pkg/build --no-deps symlink_data
