-- Found ament_cmake: 1.3.12 (/opt/ros/humble/share/ament_cmake/cmake)
-- Override CMake install command with custom implementation using symlinks instead of copying resources
-- Configuring done
-- Generating done
-- Build files have been written to: /home/mahmudch/Desktop/ROS_udemy/code/rosCode/ros2_ws/build/simple_bringup
-- Install configuration: ""
-- Execute custom install script
-- Up-to-date symlink: /home/mahmudch/Desktop/ROS_udemy/code/rosCode/ros2_ws/install/simple_bringup/share/simple_bringup/launch/television_app.launch.py
-- Up-to-date symlink: /home/mahmudch/Desktop/ROS_udemy/code/rosCode/ros2_ws/install/simple_bringup/share/ament_index/resource_index/package_run_dependencies/simple_bringup
-- Up-to-date symlink: /home/mahmudch/Desktop/ROS_udemy/code/rosCode/ros2_ws/install/simple_bringup/share/ament_index/resource_index/parent_prefix_path/simple_bringup
-- Up-to-date symlink: /home/mahmudch/Desktop/ROS_udemy/code/rosCode/ros2_ws/install/simple_bringup/share/simple_bringup/environment/ament_prefix_path.sh
-- Up-to-date symlink: /home/mahmudch/Desktop/ROS_udemy/code/rosCode/ros2_ws/install/simple_bringup/share/simple_bringup/environment/ament_prefix_path.dsv
-- Up-to-date symlink: /home/mahmudch/Desktop/ROS_udemy/code/rosCode/ros2_ws/install/simple_bringup/share/simple_bringup/environment/path.sh
-- Up-to-date symlink: /home/mahmudch/Desktop/ROS_udemy/code/rosCode/ros2_ws/install/simple_bringup/share/simple_bringup/environment/path.dsv
-- Up-to-date symlink: /home/mahmudch/Desktop/ROS_udemy/code/rosCode/ros2_ws/install/simple_bringup/share/simple_bringup/local_setup.bash
-- Up-to-date symlink: /home/mahmudch/Desktop/ROS_udemy/code/rosCode/ros2_ws/install/simple_bringup/share/simple_bringup/local_setup.sh
-- Up-to-date symlink: /home/mahmudch/Desktop/ROS_udemy/code/rosCode/ros2_ws/install/simple_bringup/share/simple_bringup/local_setup.zsh
-- Up-to-date symlink: /home/mahmudch/Desktop/ROS_udemy/code/rosCode/ros2_ws/install/simple_bringup/share/simple_bringup/local_setup.dsv
-- Symlinking: /home/mahmudch/Desktop/ROS_udemy/code/rosCode/ros2_ws/install/simple_bringup/share/simple_bringup/package.dsv
-- Up-to-date symlink: /home/mahmudch/Desktop/ROS_udemy/code/rosCode/ros2_ws/install/simple_bringup/share/ament_index/resource_index/packages/simple_bringup
-- Up-to-date symlink: /home/mahmudch/Desktop/ROS_udemy/code/rosCode/ros2_ws/install/simple_bringup/share/simple_bringup/cmake/simple_bringupConfig.cmake
-- Up-to-date symlink: /home/mahmudch/Desktop/ROS_udemy/code/rosCode/ros2_ws/install/simple_bringup/share/simple_bringup/cmake/simple_bringupConfig-version.cmake
-- Up-to-date symlink: /home/mahmudch/Desktop/ROS_udemy/code/rosCode/ros2_ws/install/simple_bringup/share/simple_bringup/package.xml
