[0.008s] Invoking command in '/home/mahmudch/Desktop/ROS_udemy/code/rosCode/ros2_ws/build/simple_bringup': AMENT_PREFIX_PATH=/home/mahmudch/Desktop/ROS_udemy/code/rosCode/ros2_ws/install/simple_py_pkg:/home/mahmudch/Desktop/ROS_udemy/code/rosCode/ros2_ws/install/simple_interfaces_pkg:${AMENT_PREFIX_PATH} CMAKE_PREFIX_PATH=/home/mahmudch/Desktop/ROS_udemy/code/rosCode/ros2_ws/install/simple_interfaces_pkg:/home/mahmudch/robot_ws/install/car_discription:/home/mahmudch/robot_ws/install/robot_node_py_pkg:/opt/ros/humble LD_LIBRARY_PATH=/home/mahmudch/Desktop/ROS_udemy/code/rosCode/ros2_ws/install/simple_interfaces_pkg/lib:${LD_LIBRARY_PATH} PYTHONPATH=/home/mahmudch/Desktop/ROS_udemy/code/rosCode/ros2_ws/build/simple_py_pkg:/home/mahmudch/Desktop/ROS_udemy/code/rosCode/ros2_ws/install/simple_py_pkg/lib/python3.10/site-packages:/home/mahmudch/Desktop/ROS_udemy/code/rosCode/ros2_ws/install/simple_interfaces_pkg/local/lib/python3.10/dist-packages:${PYTHONPATH} /usr/bin/cmake /home/mahmudch/Desktop/ROS_udemy/code/rosCode/ros2_ws/src/simple_bringup -DAMENT_CMAKE_SYMLINK_INSTALL=1 -DCMAKE_INSTALL_PREFIX=/home/mahmudch/Desktop/ROS_udemy/code/rosCode/ros2_ws/install/simple_bringup
[0.052s] -- The C compiler identification is GNU 11.4.0
[0.091s] -- The CXX compiler identification is GNU 11.4.0
[0.095s] -- Detecting C compiler ABI info
[0.149s] -- Detecting C compiler ABI info - done
[0.155s] -- Check for working C compiler: /usr/bin/cc - skipped
[0.155s] -- Detecting C compile features
[0.156s] -- Detecting C compile features - done
[0.158s] -- Detecting CXX compiler ABI info
[0.211s] -- Detecting CXX compiler ABI info - done
[0.218s] -- Check for working CXX compiler: /usr/bin/c++ - skipped
[0.218s] -- Detecting CXX compile features
[0.218s] -- Detecting CXX compile features - done
[0.220s] -- Found ament_cmake: 1.3.12 (/opt/ros/humble/share/ament_cmake/cmake)
[0.347s] -- Found Python3: /usr/bin/python3 (found version "3.10.12") found components: Interpreter 
[0.396s] -- Override CMake install command with custom implementation using symlinks instead of copying resources
[0.471s] -- Configuring done
[0.472s] -- Generating done
[0.473s] -- Build files have been written to: /home/mahmudch/Desktop/ROS_udemy/code/rosCode/ros2_ws/build/simple_bringup
[0.477s] Invoked command in '/home/mahmudch/Desktop/ROS_udemy/code/rosCode/ros2_ws/build/simple_bringup' returned '0': AMENT_PREFIX_PATH=/home/mahmudch/Desktop/ROS_udemy/code/rosCode/ros2_ws/install/simple_py_pkg:/home/mahmudch/Desktop/ROS_udemy/code/rosCode/ros2_ws/install/simple_interfaces_pkg:${AMENT_PREFIX_PATH} CMAKE_PREFIX_PATH=/home/mahmudch/Desktop/ROS_udemy/code/rosCode/ros2_ws/install/simple_interfaces_pkg:/home/mahmudch/robot_ws/install/car_discription:/home/mahmudch/robot_ws/install/robot_node_py_pkg:/opt/ros/humble LD_LIBRARY_PATH=/home/mahmudch/Desktop/ROS_udemy/code/rosCode/ros2_ws/install/simple_interfaces_pkg/lib:${LD_LIBRARY_PATH} PYTHONPATH=/home/mahmudch/Desktop/ROS_udemy/code/rosCode/ros2_ws/build/simple_py_pkg:/home/mahmudch/Desktop/ROS_udemy/code/rosCode/ros2_ws/install/simple_py_pkg/lib/python3.10/site-packages:/home/mahmudch/Desktop/ROS_udemy/code/rosCode/ros2_ws/install/simple_interfaces_pkg/local/lib/python3.10/dist-packages:${PYTHONPATH} /usr/bin/cmake /home/mahmudch/Desktop/ROS_udemy/code/rosCode/ros2_ws/src/simple_bringup -DAMENT_CMAKE_SYMLINK_INSTALL=1 -DCMAKE_INSTALL_PREFIX=/home/mahmudch/Desktop/ROS_udemy/code/rosCode/ros2_ws/install/simple_bringup
[0.477s] Invoking command in '/home/mahmudch/Desktop/ROS_udemy/code/rosCode/ros2_ws/build/simple_bringup': AMENT_PREFIX_PATH=/home/mahmudch/Desktop/ROS_udemy/code/rosCode/ros2_ws/install/simple_py_pkg:/home/mahmudch/Desktop/ROS_udemy/code/rosCode/ros2_ws/install/simple_interfaces_pkg:${AMENT_PREFIX_PATH} CMAKE_PREFIX_PATH=/home/mahmudch/Desktop/ROS_udemy/code/rosCode/ros2_ws/install/simple_interfaces_pkg:/home/mahmudch/robot_ws/install/car_discription:/home/mahmudch/robot_ws/install/robot_node_py_pkg:/opt/ros/humble LD_LIBRARY_PATH=/home/mahmudch/Desktop/ROS_udemy/code/rosCode/ros2_ws/install/simple_interfaces_pkg/lib:${LD_LIBRARY_PATH} PYTHONPATH=/home/mahmudch/Desktop/ROS_udemy/code/rosCode/ros2_ws/build/simple_py_pkg:/home/mahmudch/Desktop/ROS_udemy/code/rosCode/ros2_ws/install/simple_py_pkg/lib/python3.10/site-packages:/home/mahmudch/Desktop/ROS_udemy/code/rosCode/ros2_ws/install/simple_interfaces_pkg/local/lib/python3.10/dist-packages:${PYTHONPATH} /usr/bin/cmake --build /home/mahmudch/Desktop/ROS_udemy/code/rosCode/ros2_ws/build/simple_bringup -- -j12 -l12
[0.501s] Invoked command in '/home/mahmudch/Desktop/ROS_udemy/code/rosCode/ros2_ws/build/simple_bringup' returned '0': AMENT_PREFIX_PATH=/home/mahmudch/Desktop/ROS_udemy/code/rosCode/ros2_ws/install/simple_py_pkg:/home/mahmudch/Desktop/ROS_udemy/code/rosCode/ros2_ws/install/simple_interfaces_pkg:${AMENT_PREFIX_PATH} CMAKE_PREFIX_PATH=/home/mahmudch/Desktop/ROS_udemy/code/rosCode/ros2_ws/install/simple_interfaces_pkg:/home/mahmudch/robot_ws/install/car_discription:/home/mahmudch/robot_ws/install/robot_node_py_pkg:/opt/ros/humble LD_LIBRARY_PATH=/home/mahmudch/Desktop/ROS_udemy/code/rosCode/ros2_ws/install/simple_interfaces_pkg/lib:${LD_LIBRARY_PATH} PYTHONPATH=/home/mahmudch/Desktop/ROS_udemy/code/rosCode/ros2_ws/build/simple_py_pkg:/home/mahmudch/Desktop/ROS_udemy/code/rosCode/ros2_ws/install/simple_py_pkg/lib/python3.10/site-packages:/home/mahmudch/Desktop/ROS_udemy/code/rosCode/ros2_ws/install/simple_interfaces_pkg/local/lib/python3.10/dist-packages:${PYTHONPATH} /usr/bin/cmake --build /home/mahmudch/Desktop/ROS_udemy/code/rosCode/ros2_ws/build/simple_bringup -- -j12 -l12
[0.502s] Invoking command in '/home/mahmudch/Desktop/ROS_udemy/code/rosCode/ros2_ws/build/simple_bringup': AMENT_PREFIX_PATH=/home/mahmudch/Desktop/ROS_udemy/code/rosCode/ros2_ws/install/simple_py_pkg:/home/mahmudch/Desktop/ROS_udemy/code/rosCode/ros2_ws/install/simple_interfaces_pkg:${AMENT_PREFIX_PATH} CMAKE_PREFIX_PATH=/home/mahmudch/Desktop/ROS_udemy/code/rosCode/ros2_ws/install/simple_interfaces_pkg:/home/mahmudch/robot_ws/install/car_discription:/home/mahmudch/robot_ws/install/robot_node_py_pkg:/opt/ros/humble LD_LIBRARY_PATH=/home/mahmudch/Desktop/ROS_udemy/code/rosCode/ros2_ws/install/simple_interfaces_pkg/lib:${LD_LIBRARY_PATH} PYTHONPATH=/home/mahmudch/Desktop/ROS_udemy/code/rosCode/ros2_ws/build/simple_py_pkg:/home/mahmudch/Desktop/ROS_udemy/code/rosCode/ros2_ws/install/simple_py_pkg/lib/python3.10/site-packages:/home/mahmudch/Desktop/ROS_udemy/code/rosCode/ros2_ws/install/simple_interfaces_pkg/local/lib/python3.10/dist-packages:${PYTHONPATH} /usr/bin/cmake --install /home/mahmudch/Desktop/ROS_udemy/code/rosCode/ros2_ws/build/simple_bringup
[0.507s] -- Install configuration: ""
[0.507s] -- Execute custom install script
[0.507s] -- Symlinking: /home/mahmudch/Desktop/ROS_udemy/code/rosCode/ros2_ws/install/simple_bringup/share/simple_bringup/launch/television_app.launch.py
[0.513s] -- Symlinking: /home/mahmudch/Desktop/ROS_udemy/code/rosCode/ros2_ws/install/simple_bringup/share/ament_index/resource_index/package_run_dependencies/simple_bringup
[0.519s] -- Symlinking: /home/mahmudch/Desktop/ROS_udemy/code/rosCode/ros2_ws/install/simple_bringup/share/ament_index/resource_index/parent_prefix_path/simple_bringup
[0.525s] -- Symlinking: /home/mahmudch/Desktop/ROS_udemy/code/rosCode/ros2_ws/install/simple_bringup/share/simple_bringup/environment/ament_prefix_path.sh
[0.535s] -- Symlinking: /home/mahmudch/Desktop/ROS_udemy/code/rosCode/ros2_ws/install/simple_bringup/share/simple_bringup/environment/ament_prefix_path.dsv
[0.540s] -- Symlinking: /home/mahmudch/Desktop/ROS_udemy/code/rosCode/ros2_ws/install/simple_bringup/share/simple_bringup/environment/path.sh
[0.546s] -- Symlinking: /home/mahmudch/Desktop/ROS_udemy/code/rosCode/ros2_ws/install/simple_bringup/share/simple_bringup/environment/path.dsv
[0.551s] -- Symlinking: /home/mahmudch/Desktop/ROS_udemy/code/rosCode/ros2_ws/install/simple_bringup/share/simple_bringup/local_setup.bash
[0.556s] -- Symlinking: /home/mahmudch/Desktop/ROS_udemy/code/rosCode/ros2_ws/install/simple_bringup/share/simple_bringup/local_setup.sh
[0.562s] -- Symlinking: /home/mahmudch/Desktop/ROS_udemy/code/rosCode/ros2_ws/install/simple_bringup/share/simple_bringup/local_setup.zsh
[0.567s] -- Symlinking: /home/mahmudch/Desktop/ROS_udemy/code/rosCode/ros2_ws/install/simple_bringup/share/simple_bringup/local_setup.dsv
[0.572s] -- Symlinking: /home/mahmudch/Desktop/ROS_udemy/code/rosCode/ros2_ws/install/simple_bringup/share/simple_bringup/package.dsv
[0.578s] -- Symlinking: /home/mahmudch/Desktop/ROS_udemy/code/rosCode/ros2_ws/install/simple_bringup/share/ament_index/resource_index/packages/simple_bringup
[0.583s] -- Symlinking: /home/mahmudch/Desktop/ROS_udemy/code/rosCode/ros2_ws/install/simple_bringup/share/simple_bringup/cmake/simple_bringupConfig.cmake
[0.589s] -- Symlinking: /home/mahmudch/Desktop/ROS_udemy/code/rosCode/ros2_ws/install/simple_bringup/share/simple_bringup/cmake/simple_bringupConfig-version.cmake
[0.594s] -- Symlinking: /home/mahmudch/Desktop/ROS_udemy/code/rosCode/ros2_ws/install/simple_bringup/share/simple_bringup/package.xml
[0.601s] Invoked command in '/home/mahmudch/Desktop/ROS_udemy/code/rosCode/ros2_ws/build/simple_bringup' returned '0': AMENT_PREFIX_PATH=/home/mahmudch/Desktop/ROS_udemy/code/rosCode/ros2_ws/install/simple_py_pkg:/home/mahmudch/Desktop/ROS_udemy/code/rosCode/ros2_ws/install/simple_interfaces_pkg:${AMENT_PREFIX_PATH} CMAKE_PREFIX_PATH=/home/mahmudch/Desktop/ROS_udemy/code/rosCode/ros2_ws/install/simple_interfaces_pkg:/home/mahmudch/robot_ws/install/car_discription:/home/mahmudch/robot_ws/install/robot_node_py_pkg:/opt/ros/humble LD_LIBRARY_PATH=/home/mahmudch/Desktop/ROS_udemy/code/rosCode/ros2_ws/install/simple_interfaces_pkg/lib:${LD_LIBRARY_PATH} PYTHONPATH=/home/mahmudch/Desktop/ROS_udemy/code/rosCode/ros2_ws/build/simple_py_pkg:/home/mahmudch/Desktop/ROS_udemy/code/rosCode/ros2_ws/install/simple_py_pkg/lib/python3.10/site-packages:/home/mahmudch/Desktop/ROS_udemy/code/rosCode/ros2_ws/install/simple_interfaces_pkg/local/lib/python3.10/dist-packages:${PYTHONPATH} /usr/bin/cmake --install /home/mahmudch/Desktop/ROS_udemy/code/rosCode/ros2_ws/build/simple_bringup
