[0.295s] Invoking command in '/home/mahmudch/Desktop/ROS_udemy/code/rosCode/ros2_ws/build/simple_robot_description': CMAKE_PREFIX_PATH=${CMAKE_PREFIX_PATH}:/home/mahmudch/robot_ws/install/robot_node_py_pkg:/opt/ros/humble /usr/bin/cmake /home/mahmudch/Desktop/ROS_udemy/code/rosCode/ros2_ws/src/simple_robot_description -DAMENT_CMAKE_SYMLINK_INSTALL=1 -DCMAKE_INSTALL_PREFIX=/home/mahmudch/Desktop/ROS_udemy/code/rosCode/ros2_ws/install/simple_robot_description
[0.347s] -- The C compiler identification is GNU 11.4.0
[0.402s] -- The CXX compiler identification is GNU 11.4.0
[0.409s] -- Detecting C compiler ABI info
[0.476s] -- Detecting C compiler ABI info - done
[0.485s] -- Check for working C compiler: /usr/bin/cc - skipped
[0.486s] -- Detecting C compile features
[0.486s] -- Detecting C compile features - done
[0.490s] -- Detecting CXX compiler ABI info
[0.569s] -- Detecting CXX compiler ABI info - done
[0.578s] -- Check for working CXX compiler: /usr/bin/c++ - skipped
[0.578s] -- Detecting CXX compile features
[0.578s] -- Detecting CXX compile features - done
[0.581s] -- Found ament_cmake: 1.3.12 (/opt/ros/humble/share/ament_cmake/cmake)
[0.745s] -- Found Python3: /usr/bin/python3 (found version "3.10.12") found components: Interpreter 
[0.813s] -- Override CMake install command with custom implementation using symlinks instead of copying resources
[0.917s] -- Configuring done
[0.920s] -- Generating done
[0.922s] -- Build files have been written to: /home/mahmudch/Desktop/ROS_udemy/code/rosCode/ros2_ws/build/simple_robot_description
[0.928s] Invoked command in '/home/mahmudch/Desktop/ROS_udemy/code/rosCode/ros2_ws/build/simple_robot_description' returned '0': CMAKE_PREFIX_PATH=${CMAKE_PREFIX_PATH}:/home/mahmudch/robot_ws/install/robot_node_py_pkg:/opt/ros/humble /usr/bin/cmake /home/mahmudch/Desktop/ROS_udemy/code/rosCode/ros2_ws/src/simple_robot_description -DAMENT_CMAKE_SYMLINK_INSTALL=1 -DCMAKE_INSTALL_PREFIX=/home/mahmudch/Desktop/ROS_udemy/code/rosCode/ros2_ws/install/simple_robot_description
[0.929s] Invoking command in '/home/mahmudch/Desktop/ROS_udemy/code/rosCode/ros2_ws/build/simple_robot_description': CMAKE_PREFIX_PATH=${CMAKE_PREFIX_PATH}:/home/mahmudch/robot_ws/install/robot_node_py_pkg:/opt/ros/humble /usr/bin/cmake --build /home/mahmudch/Desktop/ROS_udemy/code/rosCode/ros2_ws/build/simple_robot_description -- -j12 -l12
[0.963s] Invoked command in '/home/mahmudch/Desktop/ROS_udemy/code/rosCode/ros2_ws/build/simple_robot_description' returned '0': CMAKE_PREFIX_PATH=${CMAKE_PREFIX_PATH}:/home/mahmudch/robot_ws/install/robot_node_py_pkg:/opt/ros/humble /usr/bin/cmake --build /home/mahmudch/Desktop/ROS_udemy/code/rosCode/ros2_ws/build/simple_robot_description -- -j12 -l12
[0.965s] Invoking command in '/home/mahmudch/Desktop/ROS_udemy/code/rosCode/ros2_ws/build/simple_robot_description': CMAKE_PREFIX_PATH=${CMAKE_PREFIX_PATH}:/home/mahmudch/robot_ws/install/robot_node_py_pkg:/opt/ros/humble /usr/bin/cmake --install /home/mahmudch/Desktop/ROS_udemy/code/rosCode/ros2_ws/build/simple_robot_description
[0.972s] -- Install configuration: ""
[0.972s] -- Execute custom install script
[0.972s] -- Symlinking: /home/mahmudch/Desktop/ROS_udemy/code/rosCode/ros2_ws/install/simple_robot_description/share/simple_robot_description//urdf/simple_robot.urdf
[0.980s] -- Symlinking: /home/mahmudch/Desktop/ROS_udemy/code/rosCode/ros2_ws/install/simple_robot_description/share/simple_robot_description//launch/display.launch.py
[0.988s] -- Symlinking: /home/mahmudch/Desktop/ROS_udemy/code/rosCode/ros2_ws/install/simple_robot_description/share/simple_robot_description//launch/display.launch.xml
[0.996s] -- Symlinking: /home/mahmudch/Desktop/ROS_udemy/code/rosCode/ros2_ws/install/simple_robot_description/share/ament_index/resource_index/package_run_dependencies/simple_robot_description
[1.004s] -- Symlinking: /home/mahmudch/Desktop/ROS_udemy/code/rosCode/ros2_ws/install/simple_robot_description/share/ament_index/resource_index/parent_prefix_path/simple_robot_description
[1.013s] -- Symlinking: /home/mahmudch/Desktop/ROS_udemy/code/rosCode/ros2_ws/install/simple_robot_description/share/simple_robot_description/environment/ament_prefix_path.sh
[1.024s] -- Symlinking: /home/mahmudch/Desktop/ROS_udemy/code/rosCode/ros2_ws/install/simple_robot_description/share/simple_robot_description/environment/ament_prefix_path.dsv
[1.034s] -- Symlinking: /home/mahmudch/Desktop/ROS_udemy/code/rosCode/ros2_ws/install/simple_robot_description/share/simple_robot_description/environment/path.sh
[1.043s] -- Symlinking: /home/mahmudch/Desktop/ROS_udemy/code/rosCode/ros2_ws/install/simple_robot_description/share/simple_robot_description/environment/path.dsv
[1.051s] -- Symlinking: /home/mahmudch/Desktop/ROS_udemy/code/rosCode/ros2_ws/install/simple_robot_description/share/simple_robot_description/local_setup.bash
[1.059s] -- Symlinking: /home/mahmudch/Desktop/ROS_udemy/code/rosCode/ros2_ws/install/simple_robot_description/share/simple_robot_description/local_setup.sh
[1.067s] -- Symlinking: /home/mahmudch/Desktop/ROS_udemy/code/rosCode/ros2_ws/install/simple_robot_description/share/simple_robot_description/local_setup.zsh
[1.075s] -- Symlinking: /home/mahmudch/Desktop/ROS_udemy/code/rosCode/ros2_ws/install/simple_robot_description/share/simple_robot_description/local_setup.dsv
[1.083s] -- Symlinking: /home/mahmudch/Desktop/ROS_udemy/code/rosCode/ros2_ws/install/simple_robot_description/share/simple_robot_description/package.dsv
[1.091s] -- Symlinking: /home/mahmudch/Desktop/ROS_udemy/code/rosCode/ros2_ws/install/simple_robot_description/share/ament_index/resource_index/packages/simple_robot_description
[1.100s] -- Symlinking: /home/mahmudch/Desktop/ROS_udemy/code/rosCode/ros2_ws/install/simple_robot_description/share/simple_robot_description/cmake/simple_robot_descriptionConfig.cmake
[1.110s] -- Symlinking: /home/mahmudch/Desktop/ROS_udemy/code/rosCode/ros2_ws/install/simple_robot_description/share/simple_robot_description/cmake/simple_robot_descriptionConfig-version.cmake
[1.119s] -- Symlinking: /home/mahmudch/Desktop/ROS_udemy/code/rosCode/ros2_ws/install/simple_robot_description/share/simple_robot_description/package.xml
[1.134s] Invoked command in '/home/mahmudch/Desktop/ROS_udemy/code/rosCode/ros2_ws/build/simple_robot_description' returned '0': CMAKE_PREFIX_PATH=${CMAKE_PREFIX_PATH}:/home/mahmudch/robot_ws/install/robot_node_py_pkg:/opt/ros/humble /usr/bin/cmake --install /home/mahmudch/Desktop/ROS_udemy/code/rosCode/ros2_ws/build/simple_robot_description
