[0.083s] DEBUG:colcon:Command line arguments: ['/usr/bin/colcon', 'build', '--symlink-install']
[0.083s] DEBUG:colcon:Parsed command line arguments: Namespace(log_base=None, log_level=None, verb_name='build', build_base='build', install_base='install', merge_install=False, symlink_install=True, test_result_base=None, continue_on_error=False, executor='parallel', parallel_workers=12, event_handlers=None, ignore_user_meta=False, metas=['./colcon.meta'], base_paths=['.'], packages_ignore=None, packages_ignore_regex=None, paths=None, packages_up_to=None, packages_up_to_regex=None, packages_above=None, packages_above_and_dependencies=None, packages_above_depth=None, packages_select_by_dep=None, packages_skip_by_dep=None, packages_skip_up_to=None, packages_select_build_failed=False, packages_skip_build_finished=False, packages_select_test_failures=False, packages_skip_test_passed=False, packages_select=None, packages_skip=None, packages_select_regex=None, packages_skip_regex=None, packages_start=None, packages_end=None, allow_overriding=[], cmake_args=None, cmake_target=None, cmake_target_skip_unavailable=False, cmake_clean_cache=False, cmake_clean_first=False, cmake_force_configure=False, ament_cmake_args=None, catkin_cmake_args=None, catkin_skip_building_tests=False, verb_parser=<colcon_defaults.argument_parser.defaults.DefaultArgumentsDecorator object at 0x75d9e4954e50>, verb_extension=<colcon_core.verb.build.BuildVerb object at 0x75d9e4954850>, main=<bound method BuildVerb.main of <colcon_core.verb.build.BuildVerb object at 0x75d9e4954850>>)
[0.223s] Level 1:colcon.colcon_core.package_discovery:discover_packages(colcon_meta) check parameters
[0.223s] Level 1:colcon.colcon_core.package_discovery:discover_packages(recursive) check parameters
[0.223s] Level 1:colcon.colcon_core.package_discovery:discover_packages(ignore) check parameters
[0.223s] Level 1:colcon.colcon_core.package_discovery:discover_packages(path) check parameters
[0.223s] Level 1:colcon.colcon_core.package_discovery:discover_packages(colcon_meta) discover
[0.223s] Level 1:colcon.colcon_core.package_discovery:discover_packages(recursive) discover
[0.223s] INFO:colcon.colcon_core.package_discovery:Crawling recursively for packages in '/home/mahmudch/Desktop/ROS_udemy/code/rosCode/ros2_ws'
[0.223s] Level 1:colcon.colcon_core.package_identification:_identify(.) by extensions ['ignore', 'ignore_ament_install']
[0.223s] Level 1:colcon.colcon_core.package_identification:_identify(.) by extension 'ignore'
[0.223s] Level 1:colcon.colcon_core.package_identification:_identify(.) by extension 'ignore_ament_install'
[0.223s] Level 1:colcon.colcon_core.package_identification:_identify(.) by extensions ['colcon_pkg']
[0.223s] Level 1:colcon.colcon_core.package_identification:_identify(.) by extension 'colcon_pkg'
[0.223s] Level 1:colcon.colcon_core.package_identification:_identify(.) by extensions ['colcon_meta']
[0.223s] Level 1:colcon.colcon_core.package_identification:_identify(.) by extension 'colcon_meta'
[0.223s] Level 1:colcon.colcon_core.package_identification:_identify(.) by extensions ['ros']
[0.223s] Level 1:colcon.colcon_core.package_identification:_identify(.) by extension 'ros'
[0.232s] Level 1:colcon.colcon_core.package_identification:_identify(.) by extensions ['cmake', 'python']
[0.232s] Level 1:colcon.colcon_core.package_identification:_identify(.) by extension 'cmake'
[0.232s] Level 1:colcon.colcon_core.package_identification:_identify(.) by extension 'python'
[0.232s] Level 1:colcon.colcon_core.package_identification:_identify(.) by extensions ['python_setup_py']
[0.232s] Level 1:colcon.colcon_core.package_identification:_identify(.) by extension 'python_setup_py'
[0.232s] Level 1:colcon.colcon_core.package_identification:_identify(build) by extensions ['ignore', 'ignore_ament_install']
[0.232s] Level 1:colcon.colcon_core.package_identification:_identify(build) by extension 'ignore'
[0.232s] Level 1:colcon.colcon_core.package_identification:_identify(build) ignored
[0.232s] Level 1:colcon.colcon_core.package_identification:_identify(install) by extensions ['ignore', 'ignore_ament_install']
[0.232s] Level 1:colcon.colcon_core.package_identification:_identify(install) by extension 'ignore'
[0.232s] Level 1:colcon.colcon_core.package_identification:_identify(install) ignored
[0.232s] Level 1:colcon.colcon_core.package_identification:_identify(log) by extensions ['ignore', 'ignore_ament_install']
[0.232s] Level 1:colcon.colcon_core.package_identification:_identify(log) by extension 'ignore'
[0.232s] Level 1:colcon.colcon_core.package_identification:_identify(log) ignored
[0.232s] Level 1:colcon.colcon_core.package_identification:_identify(src) by extensions ['ignore', 'ignore_ament_install']
[0.232s] Level 1:colcon.colcon_core.package_identification:_identify(src) by extension 'ignore'
[0.232s] Level 1:colcon.colcon_core.package_identification:_identify(src) by extension 'ignore_ament_install'
[0.232s] Level 1:colcon.colcon_core.package_identification:_identify(src) by extensions ['colcon_pkg']
[0.233s] Level 1:colcon.colcon_core.package_identification:_identify(src) by extension 'colcon_pkg'
[0.233s] Level 1:colcon.colcon_core.package_identification:_identify(src) by extensions ['colcon_meta']
[0.233s] Level 1:colcon.colcon_core.package_identification:_identify(src) by extension 'colcon_meta'
[0.233s] Level 1:colcon.colcon_core.package_identification:_identify(src) by extensions ['ros']
[0.233s] Level 1:colcon.colcon_core.package_identification:_identify(src) by extension 'ros'
[0.233s] Level 1:colcon.colcon_core.package_identification:_identify(src) by extensions ['cmake', 'python']
[0.233s] Level 1:colcon.colcon_core.package_identification:_identify(src) by extension 'cmake'
[0.233s] Level 1:colcon.colcon_core.package_identification:_identify(src) by extension 'python'
[0.233s] Level 1:colcon.colcon_core.package_identification:_identify(src) by extensions ['python_setup_py']
[0.233s] Level 1:colcon.colcon_core.package_identification:_identify(src) by extension 'python_setup_py'
[0.233s] Level 1:colcon.colcon_core.package_identification:_identify(src/car_homework_bringup) by extensions ['ignore', 'ignore_ament_install']
[0.233s] Level 1:colcon.colcon_core.package_identification:_identify(src/car_homework_bringup) by extension 'ignore'
[0.233s] Level 1:colcon.colcon_core.package_identification:_identify(src/car_homework_bringup) by extension 'ignore_ament_install'
[0.233s] Level 1:colcon.colcon_core.package_identification:_identify(src/car_homework_bringup) by extensions ['colcon_pkg']
[0.233s] Level 1:colcon.colcon_core.package_identification:_identify(src/car_homework_bringup) by extension 'colcon_pkg'
[0.233s] Level 1:colcon.colcon_core.package_identification:_identify(src/car_homework_bringup) by extensions ['colcon_meta']
[0.233s] Level 1:colcon.colcon_core.package_identification:_identify(src/car_homework_bringup) by extension 'colcon_meta'
[0.233s] Level 1:colcon.colcon_core.package_identification:_identify(src/car_homework_bringup) by extensions ['ros']
[0.233s] Level 1:colcon.colcon_core.package_identification:_identify(src/car_homework_bringup) by extension 'ros'
[0.235s] DEBUG:colcon.colcon_core.package_identification:Package 'src/car_homework_bringup' with type 'ros.ament_cmake' and name 'car_homework_bringup'
[0.235s] Level 1:colcon.colcon_core.package_identification:_identify(src/car_homework_description) by extensions ['ignore', 'ignore_ament_install']
[0.235s] Level 1:colcon.colcon_core.package_identification:_identify(src/car_homework_description) by extension 'ignore'
[0.235s] Level 1:colcon.colcon_core.package_identification:_identify(src/car_homework_description) by extension 'ignore_ament_install'
[0.235s] Level 1:colcon.colcon_core.package_identification:_identify(src/car_homework_description) by extensions ['colcon_pkg']
[0.235s] Level 1:colcon.colcon_core.package_identification:_identify(src/car_homework_description) by extension 'colcon_pkg'
[0.235s] Level 1:colcon.colcon_core.package_identification:_identify(src/car_homework_description) by extensions ['colcon_meta']
[0.235s] Level 1:colcon.colcon_core.package_identification:_identify(src/car_homework_description) by extension 'colcon_meta'
[0.235s] Level 1:colcon.colcon_core.package_identification:_identify(src/car_homework_description) by extensions ['ros']
[0.235s] Level 1:colcon.colcon_core.package_identification:_identify(src/car_homework_description) by extension 'ros'
[0.236s] DEBUG:colcon.colcon_core.package_identification:Package 'src/car_homework_description' with type 'ros.ament_cmake' and name 'car_homework_description'
[0.236s] Level 1:colcon.colcon_core.package_identification:_identify(src/lidar_py_pkg) by extensions ['ignore', 'ignore_ament_install']
[0.236s] Level 1:colcon.colcon_core.package_identification:_identify(src/lidar_py_pkg) by extension 'ignore'
[0.236s] Level 1:colcon.colcon_core.package_identification:_identify(src/lidar_py_pkg) by extension 'ignore_ament_install'
[0.236s] Level 1:colcon.colcon_core.package_identification:_identify(src/lidar_py_pkg) by extensions ['colcon_pkg']
[0.236s] Level 1:colcon.colcon_core.package_identification:_identify(src/lidar_py_pkg) by extension 'colcon_pkg'
[0.236s] Level 1:colcon.colcon_core.package_identification:_identify(src/lidar_py_pkg) by extensions ['colcon_meta']
[0.236s] Level 1:colcon.colcon_core.package_identification:_identify(src/lidar_py_pkg) by extension 'colcon_meta'
[0.236s] Level 1:colcon.colcon_core.package_identification:_identify(src/lidar_py_pkg) by extensions ['ros']
[0.236s] Level 1:colcon.colcon_core.package_identification:_identify(src/lidar_py_pkg) by extension 'ros'
[0.237s] DEBUG:colcon.colcon_core.package_identification:Package 'src/lidar_py_pkg' with type 'ros.ament_python' and name 'lidar_py_pkg'
[0.237s] Level 1:colcon.colcon_core.package_identification:_identify(src/simple_bringup) by extensions ['ignore', 'ignore_ament_install']
[0.237s] Level 1:colcon.colcon_core.package_identification:_identify(src/simple_bringup) by extension 'ignore'
[0.237s] Level 1:colcon.colcon_core.package_identification:_identify(src/simple_bringup) by extension 'ignore_ament_install'
[0.237s] Level 1:colcon.colcon_core.package_identification:_identify(src/simple_bringup) by extensions ['colcon_pkg']
[0.237s] Level 1:colcon.colcon_core.package_identification:_identify(src/simple_bringup) by extension 'colcon_pkg'
[0.237s] Level 1:colcon.colcon_core.package_identification:_identify(src/simple_bringup) by extensions ['colcon_meta']
[0.237s] Level 1:colcon.colcon_core.package_identification:_identify(src/simple_bringup) by extension 'colcon_meta'
[0.237s] Level 1:colcon.colcon_core.package_identification:_identify(src/simple_bringup) by extensions ['ros']
[0.237s] Level 1:colcon.colcon_core.package_identification:_identify(src/simple_bringup) by extension 'ros'
[0.237s] DEBUG:colcon.colcon_core.package_identification:Package 'src/simple_bringup' with type 'ros.ament_cmake' and name 'simple_bringup'
[0.238s] Level 1:colcon.colcon_core.package_identification:_identify(src/simple_interfaces_pkg) by extensions ['ignore', 'ignore_ament_install']
[0.238s] Level 1:colcon.colcon_core.package_identification:_identify(src/simple_interfaces_pkg) by extension 'ignore'
[0.238s] Level 1:colcon.colcon_core.package_identification:_identify(src/simple_interfaces_pkg) by extension 'ignore_ament_install'
[0.238s] Level 1:colcon.colcon_core.package_identification:_identify(src/simple_interfaces_pkg) by extensions ['colcon_pkg']
[0.238s] Level 1:colcon.colcon_core.package_identification:_identify(src/simple_interfaces_pkg) by extension 'colcon_pkg'
[0.238s] Level 1:colcon.colcon_core.package_identification:_identify(src/simple_interfaces_pkg) by extensions ['colcon_meta']
[0.238s] Level 1:colcon.colcon_core.package_identification:_identify(src/simple_interfaces_pkg) by extension 'colcon_meta'
[0.238s] Level 1:colcon.colcon_core.package_identification:_identify(src/simple_interfaces_pkg) by extensions ['ros']
[0.238s] Level 1:colcon.colcon_core.package_identification:_identify(src/simple_interfaces_pkg) by extension 'ros'
[0.238s] DEBUG:colcon.colcon_core.package_identification:Package 'src/simple_interfaces_pkg' with type 'ros.ament_cmake' and name 'simple_interfaces_pkg'
[0.238s] Level 1:colcon.colcon_core.package_identification:_identify(src/simple_py_pkg) by extensions ['ignore', 'ignore_ament_install']
[0.238s] Level 1:colcon.colcon_core.package_identification:_identify(src/simple_py_pkg) by extension 'ignore'
[0.238s] Level 1:colcon.colcon_core.package_identification:_identify(src/simple_py_pkg) by extension 'ignore_ament_install'
[0.239s] Level 1:colcon.colcon_core.package_identification:_identify(src/simple_py_pkg) by extensions ['colcon_pkg']
[0.239s] Level 1:colcon.colcon_core.package_identification:_identify(src/simple_py_pkg) by extension 'colcon_pkg'
[0.239s] Level 1:colcon.colcon_core.package_identification:_identify(src/simple_py_pkg) by extensions ['colcon_meta']
[0.239s] Level 1:colcon.colcon_core.package_identification:_identify(src/simple_py_pkg) by extension 'colcon_meta'
[0.239s] Level 1:colcon.colcon_core.package_identification:_identify(src/simple_py_pkg) by extensions ['ros']
[0.239s] Level 1:colcon.colcon_core.package_identification:_identify(src/simple_py_pkg) by extension 'ros'
[0.239s] DEBUG:colcon.colcon_core.package_identification:Package 'src/simple_py_pkg' with type 'ros.ament_python' and name 'simple_py_pkg'
[0.239s] Level 1:colcon.colcon_core.package_identification:_identify(src/simple_robot_description) by extensions ['ignore', 'ignore_ament_install']
[0.239s] Level 1:colcon.colcon_core.package_identification:_identify(src/simple_robot_description) by extension 'ignore'
[0.239s] Level 1:colcon.colcon_core.package_identification:_identify(src/simple_robot_description) by extension 'ignore_ament_install'
[0.239s] Level 1:colcon.colcon_core.package_identification:_identify(src/simple_robot_description) by extensions ['colcon_pkg']
[0.239s] Level 1:colcon.colcon_core.package_identification:_identify(src/simple_robot_description) by extension 'colcon_pkg'
[0.239s] Level 1:colcon.colcon_core.package_identification:_identify(src/simple_robot_description) by extensions ['colcon_meta']
[0.240s] Level 1:colcon.colcon_core.package_identification:_identify(src/simple_robot_description) by extension 'colcon_meta'
[0.240s] Level 1:colcon.colcon_core.package_identification:_identify(src/simple_robot_description) by extensions ['ros']
[0.240s] Level 1:colcon.colcon_core.package_identification:_identify(src/simple_robot_description) by extension 'ros'
[0.240s] DEBUG:colcon.colcon_core.package_identification:Package 'src/simple_robot_description' with type 'ros.ament_cmake' and name 'simple_robot_description'
[0.240s] Level 1:colcon.colcon_core.package_discovery:discover_packages(recursive) using defaults
[0.240s] Level 1:colcon.colcon_core.package_discovery:discover_packages(ignore) discover
[0.240s] Level 1:colcon.colcon_core.package_discovery:discover_packages(ignore) using defaults
[0.240s] Level 1:colcon.colcon_core.package_discovery:discover_packages(path) discover
[0.240s] Level 1:colcon.colcon_core.package_discovery:discover_packages(path) using defaults
[0.262s] Level 1:colcon.colcon_core.package_discovery:discover_packages(prefix_path) check parameters
[0.262s] Level 1:colcon.colcon_core.package_discovery:discover_packages(prefix_path) discover
[0.263s] DEBUG:colcon.colcon_installed_package_information.package_discovery:Found 2 installed packages in /home/mahmudch/robot_ws/install
[0.265s] DEBUG:colcon.colcon_installed_package_information.package_discovery:Found 443 installed packages in /opt/ros/humble
[0.266s] Level 1:colcon.colcon_core.package_discovery:discover_packages(prefix_path) using defaults
[0.311s] Level 5:colcon.colcon_core.verb:set package 'car_homework_description' build argument 'cmake_args' from command line to 'None'
[0.311s] Level 5:colcon.colcon_core.verb:set package 'car_homework_description' build argument 'cmake_target' from command line to 'None'
[0.311s] Level 5:colcon.colcon_core.verb:set package 'car_homework_description' build argument 'cmake_target_skip_unavailable' from command line to 'False'
[0.311s] Level 5:colcon.colcon_core.verb:set package 'car_homework_description' build argument 'cmake_clean_cache' from command line to 'False'
[0.311s] Level 5:colcon.colcon_core.verb:set package 'car_homework_description' build argument 'cmake_clean_first' from command line to 'False'
[0.311s] Level 5:colcon.colcon_core.verb:set package 'car_homework_description' build argument 'cmake_force_configure' from command line to 'False'
[0.311s] Level 5:colcon.colcon_core.verb:set package 'car_homework_description' build argument 'ament_cmake_args' from command line to 'None'
[0.311s] Level 5:colcon.colcon_core.verb:set package 'car_homework_description' build argument 'catkin_cmake_args' from command line to 'None'
[0.311s] Level 5:colcon.colcon_core.verb:set package 'car_homework_description' build argument 'catkin_skip_building_tests' from command line to 'False'
[0.311s] DEBUG:colcon.colcon_core.verb:Building package 'car_homework_description' with the following arguments: {'ament_cmake_args': None, 'build_base': '/home/mahmudch/Desktop/ROS_udemy/code/rosCode/ros2_ws/build/car_homework_description', 'catkin_cmake_args': None, 'catkin_skip_building_tests': False, 'cmake_args': None, 'cmake_clean_cache': False, 'cmake_clean_first': False, 'cmake_force_configure': False, 'cmake_target': None, 'cmake_target_skip_unavailable': False, 'install_base': '/home/mahmudch/Desktop/ROS_udemy/code/rosCode/ros2_ws/install/car_homework_description', 'merge_install': False, 'path': '/home/mahmudch/Desktop/ROS_udemy/code/rosCode/ros2_ws/src/car_homework_description', 'symlink_install': True, 'test_result_base': None}
[0.311s] Level 5:colcon.colcon_core.verb:set package 'lidar_py_pkg' build argument 'cmake_args' from command line to 'None'
[0.311s] Level 5:colcon.colcon_core.verb:set package 'lidar_py_pkg' build argument 'cmake_target' from command line to 'None'
[0.311s] Level 5:colcon.colcon_core.verb:set package 'lidar_py_pkg' build argument 'cmake_target_skip_unavailable' from command line to 'False'
[0.311s] Level 5:colcon.colcon_core.verb:set package 'lidar_py_pkg' build argument 'cmake_clean_cache' from command line to 'False'
[0.311s] Level 5:colcon.colcon_core.verb:set package 'lidar_py_pkg' build argument 'cmake_clean_first' from command line to 'False'
[0.311s] Level 5:colcon.colcon_core.verb:set package 'lidar_py_pkg' build argument 'cmake_force_configure' from command line to 'False'
[0.311s] Level 5:colcon.colcon_core.verb:set package 'lidar_py_pkg' build argument 'ament_cmake_args' from command line to 'None'
[0.311s] Level 5:colcon.colcon_core.verb:set package 'lidar_py_pkg' build argument 'catkin_cmake_args' from command line to 'None'
[0.311s] Level 5:colcon.colcon_core.verb:set package 'lidar_py_pkg' build argument 'catkin_skip_building_tests' from command line to 'False'
[0.312s] DEBUG:colcon.colcon_core.verb:Building package 'lidar_py_pkg' with the following arguments: {'ament_cmake_args': None, 'build_base': '/home/mahmudch/Desktop/ROS_udemy/code/rosCode/ros2_ws/build/lidar_py_pkg', 'catkin_cmake_args': None, 'catkin_skip_building_tests': False, 'cmake_args': None, 'cmake_clean_cache': False, 'cmake_clean_first': False, 'cmake_force_configure': False, 'cmake_target': None, 'cmake_target_skip_unavailable': False, 'install_base': '/home/mahmudch/Desktop/ROS_udemy/code/rosCode/ros2_ws/install/lidar_py_pkg', 'merge_install': False, 'path': '/home/mahmudch/Desktop/ROS_udemy/code/rosCode/ros2_ws/src/lidar_py_pkg', 'symlink_install': True, 'test_result_base': None}
[0.312s] Level 5:colcon.colcon_core.verb:set package 'simple_interfaces_pkg' build argument 'cmake_args' from command line to 'None'
[0.312s] Level 5:colcon.colcon_core.verb:set package 'simple_interfaces_pkg' build argument 'cmake_target' from command line to 'None'
[0.312s] Level 5:colcon.colcon_core.verb:set package 'simple_interfaces_pkg' build argument 'cmake_target_skip_unavailable' from command line to 'False'
[0.312s] Level 5:colcon.colcon_core.verb:set package 'simple_interfaces_pkg' build argument 'cmake_clean_cache' from command line to 'False'
[0.312s] Level 5:colcon.colcon_core.verb:set package 'simple_interfaces_pkg' build argument 'cmake_clean_first' from command line to 'False'
[0.312s] Level 5:colcon.colcon_core.verb:set package 'simple_interfaces_pkg' build argument 'cmake_force_configure' from command line to 'False'
[0.312s] Level 5:colcon.colcon_core.verb:set package 'simple_interfaces_pkg' build argument 'ament_cmake_args' from command line to 'None'
[0.312s] Level 5:colcon.colcon_core.verb:set package 'simple_interfaces_pkg' build argument 'catkin_cmake_args' from command line to 'None'
[0.312s] Level 5:colcon.colcon_core.verb:set package 'simple_interfaces_pkg' build argument 'catkin_skip_building_tests' from command line to 'False'
[0.312s] DEBUG:colcon.colcon_core.verb:Building package 'simple_interfaces_pkg' with the following arguments: {'ament_cmake_args': None, 'build_base': '/home/mahmudch/Desktop/ROS_udemy/code/rosCode/ros2_ws/build/simple_interfaces_pkg', 'catkin_cmake_args': None, 'catkin_skip_building_tests': False, 'cmake_args': None, 'cmake_clean_cache': False, 'cmake_clean_first': False, 'cmake_force_configure': False, 'cmake_target': None, 'cmake_target_skip_unavailable': False, 'install_base': '/home/mahmudch/Desktop/ROS_udemy/code/rosCode/ros2_ws/install/simple_interfaces_pkg', 'merge_install': False, 'path': '/home/mahmudch/Desktop/ROS_udemy/code/rosCode/ros2_ws/src/simple_interfaces_pkg', 'symlink_install': True, 'test_result_base': None}
[0.312s] Level 5:colcon.colcon_core.verb:set package 'simple_robot_description' build argument 'cmake_args' from command line to 'None'
[0.312s] Level 5:colcon.colcon_core.verb:set package 'simple_robot_description' build argument 'cmake_target' from command line to 'None'
[0.312s] Level 5:colcon.colcon_core.verb:set package 'simple_robot_description' build argument 'cmake_target_skip_unavailable' from command line to 'False'
[0.312s] Level 5:colcon.colcon_core.verb:set package 'simple_robot_description' build argument 'cmake_clean_cache' from command line to 'False'
[0.312s] Level 5:colcon.colcon_core.verb:set package 'simple_robot_description' build argument 'cmake_clean_first' from command line to 'False'
[0.313s] Level 5:colcon.colcon_core.verb:set package 'simple_robot_description' build argument 'cmake_force_configure' from command line to 'False'
[0.313s] Level 5:colcon.colcon_core.verb:set package 'simple_robot_description' build argument 'ament_cmake_args' from command line to 'None'
[0.313s] Level 5:colcon.colcon_core.verb:set package 'simple_robot_description' build argument 'catkin_cmake_args' from command line to 'None'
[0.313s] Level 5:colcon.colcon_core.verb:set package 'simple_robot_description' build argument 'catkin_skip_building_tests' from command line to 'False'
[0.313s] DEBUG:colcon.colcon_core.verb:Building package 'simple_robot_description' with the following arguments: {'ament_cmake_args': None, 'build_base': '/home/mahmudch/Desktop/ROS_udemy/code/rosCode/ros2_ws/build/simple_robot_description', 'catkin_cmake_args': None, 'catkin_skip_building_tests': False, 'cmake_args': None, 'cmake_clean_cache': False, 'cmake_clean_first': False, 'cmake_force_configure': False, 'cmake_target': None, 'cmake_target_skip_unavailable': False, 'install_base': '/home/mahmudch/Desktop/ROS_udemy/code/rosCode/ros2_ws/install/simple_robot_description', 'merge_install': False, 'path': '/home/mahmudch/Desktop/ROS_udemy/code/rosCode/ros2_ws/src/simple_robot_description', 'symlink_install': True, 'test_result_base': None}
[0.313s] Level 5:colcon.colcon_core.verb:set package 'car_homework_bringup' build argument 'cmake_args' from command line to 'None'
[0.313s] Level 5:colcon.colcon_core.verb:set package 'car_homework_bringup' build argument 'cmake_target' from command line to 'None'
[0.313s] Level 5:colcon.colcon_core.verb:set package 'car_homework_bringup' build argument 'cmake_target_skip_unavailable' from command line to 'False'
[0.313s] Level 5:colcon.colcon_core.verb:set package 'car_homework_bringup' build argument 'cmake_clean_cache' from command line to 'False'
[0.313s] Level 5:colcon.colcon_core.verb:set package 'car_homework_bringup' build argument 'cmake_clean_first' from command line to 'False'
[0.313s] Level 5:colcon.colcon_core.verb:set package 'car_homework_bringup' build argument 'cmake_force_configure' from command line to 'False'
[0.313s] Level 5:colcon.colcon_core.verb:set package 'car_homework_bringup' build argument 'ament_cmake_args' from command line to 'None'
[0.313s] Level 5:colcon.colcon_core.verb:set package 'car_homework_bringup' build argument 'catkin_cmake_args' from command line to 'None'
[0.313s] Level 5:colcon.colcon_core.verb:set package 'car_homework_bringup' build argument 'catkin_skip_building_tests' from command line to 'False'
[0.313s] DEBUG:colcon.colcon_core.verb:Building package 'car_homework_bringup' with the following arguments: {'ament_cmake_args': None, 'build_base': '/home/mahmudch/Desktop/ROS_udemy/code/rosCode/ros2_ws/build/car_homework_bringup', 'catkin_cmake_args': None, 'catkin_skip_building_tests': False, 'cmake_args': None, 'cmake_clean_cache': False, 'cmake_clean_first': False, 'cmake_force_configure': False, 'cmake_target': None, 'cmake_target_skip_unavailable': False, 'install_base': '/home/mahmudch/Desktop/ROS_udemy/code/rosCode/ros2_ws/install/car_homework_bringup', 'merge_install': False, 'path': '/home/mahmudch/Desktop/ROS_udemy/code/rosCode/ros2_ws/src/car_homework_bringup', 'symlink_install': True, 'test_result_base': None}
[0.313s] Level 5:colcon.colcon_core.verb:set package 'simple_py_pkg' build argument 'cmake_args' from command line to 'None'
[0.313s] Level 5:colcon.colcon_core.verb:set package 'simple_py_pkg' build argument 'cmake_target' from command line to 'None'
[0.313s] Level 5:colcon.colcon_core.verb:set package 'simple_py_pkg' build argument 'cmake_target_skip_unavailable' from command line to 'False'
[0.313s] Level 5:colcon.colcon_core.verb:set package 'simple_py_pkg' build argument 'cmake_clean_cache' from command line to 'False'
[0.313s] Level 5:colcon.colcon_core.verb:set package 'simple_py_pkg' build argument 'cmake_clean_first' from command line to 'False'
[0.313s] Level 5:colcon.colcon_core.verb:set package 'simple_py_pkg' build argument 'cmake_force_configure' from command line to 'False'
[0.313s] Level 5:colcon.colcon_core.verb:set package 'simple_py_pkg' build argument 'ament_cmake_args' from command line to 'None'
[0.313s] Level 5:colcon.colcon_core.verb:set package 'simple_py_pkg' build argument 'catkin_cmake_args' from command line to 'None'
[0.314s] Level 5:colcon.colcon_core.verb:set package 'simple_py_pkg' build argument 'catkin_skip_building_tests' from command line to 'False'
[0.314s] DEBUG:colcon.colcon_core.verb:Building package 'simple_py_pkg' with the following arguments: {'ament_cmake_args': None, 'build_base': '/home/mahmudch/Desktop/ROS_udemy/code/rosCode/ros2_ws/build/simple_py_pkg', 'catkin_cmake_args': None, 'catkin_skip_building_tests': False, 'cmake_args': None, 'cmake_clean_cache': False, 'cmake_clean_first': False, 'cmake_force_configure': False, 'cmake_target': None, 'cmake_target_skip_unavailable': False, 'install_base': '/home/mahmudch/Desktop/ROS_udemy/code/rosCode/ros2_ws/install/simple_py_pkg', 'merge_install': False, 'path': '/home/mahmudch/Desktop/ROS_udemy/code/rosCode/ros2_ws/src/simple_py_pkg', 'symlink_install': True, 'test_result_base': None}
[0.314s] Level 5:colcon.colcon_core.verb:set package 'simple_bringup' build argument 'cmake_args' from command line to 'None'
[0.314s] Level 5:colcon.colcon_core.verb:set package 'simple_bringup' build argument 'cmake_target' from command line to 'None'
[0.314s] Level 5:colcon.colcon_core.verb:set package 'simple_bringup' build argument 'cmake_target_skip_unavailable' from command line to 'False'
[0.314s] Level 5:colcon.colcon_core.verb:set package 'simple_bringup' build argument 'cmake_clean_cache' from command line to 'False'
[0.314s] Level 5:colcon.colcon_core.verb:set package 'simple_bringup' build argument 'cmake_clean_first' from command line to 'False'
[0.314s] Level 5:colcon.colcon_core.verb:set package 'simple_bringup' build argument 'cmake_force_configure' from command line to 'False'
[0.314s] Level 5:colcon.colcon_core.verb:set package 'simple_bringup' build argument 'ament_cmake_args' from command line to 'None'
[0.314s] Level 5:colcon.colcon_core.verb:set package 'simple_bringup' build argument 'catkin_cmake_args' from command line to 'None'
[0.314s] Level 5:colcon.colcon_core.verb:set package 'simple_bringup' build argument 'catkin_skip_building_tests' from command line to 'False'
[0.314s] DEBUG:colcon.colcon_core.verb:Building package 'simple_bringup' with the following arguments: {'ament_cmake_args': None, 'build_base': '/home/mahmudch/Desktop/ROS_udemy/code/rosCode/ros2_ws/build/simple_bringup', 'catkin_cmake_args': None, 'catkin_skip_building_tests': False, 'cmake_args': None, 'cmake_clean_cache': False, 'cmake_clean_first': False, 'cmake_force_configure': False, 'cmake_target': None, 'cmake_target_skip_unavailable': False, 'install_base': '/home/mahmudch/Desktop/ROS_udemy/code/rosCode/ros2_ws/install/simple_bringup', 'merge_install': False, 'path': '/home/mahmudch/Desktop/ROS_udemy/code/rosCode/ros2_ws/src/simple_bringup', 'symlink_install': True, 'test_result_base': None}
[0.314s] INFO:colcon.colcon_core.executor:Executing jobs using 'parallel' executor
[0.315s] DEBUG:colcon.colcon_parallel_executor.executor.parallel:run_until_complete
[0.315s] INFO:colcon.colcon_ros.task.ament_cmake.build:Building ROS package in '/home/mahmudch/Desktop/ROS_udemy/code/rosCode/ros2_ws/src/simple_interfaces_pkg' with build type 'ament_cmake'
[0.315s] INFO:colcon.colcon_cmake.task.cmake.build:Building CMake package in '/home/mahmudch/Desktop/ROS_udemy/code/rosCode/ros2_ws/src/simple_interfaces_pkg'
[0.317s] INFO:colcon.colcon_core.plugin_system:Skipping extension 'colcon_core.shell.bat': Not used on non-Windows systems
[0.317s] INFO:colcon.colcon_core.shell:Skip shell extension 'powershell' for command environment: Not usable outside of PowerShell
[0.317s] DEBUG:colcon.colcon_core.shell:Skip shell extension 'dsv' for command environment
[0.320s] INFO:colcon.colcon_ros.task.ament_cmake.build:Building ROS package in '/home/mahmudch/Desktop/ROS_udemy/code/rosCode/ros2_ws/src/car_homework_description' with build type 'ament_cmake'
[0.320s] INFO:colcon.colcon_cmake.task.cmake.build:Building CMake package in '/home/mahmudch/Desktop/ROS_udemy/code/rosCode/ros2_ws/src/car_homework_description'
[0.320s] INFO:colcon.colcon_core.shell:Skip shell extension 'powershell' for command environment: Not usable outside of PowerShell
[0.320s] DEBUG:colcon.colcon_core.shell:Skip shell extension 'dsv' for command environment
[0.323s] INFO:colcon.colcon_ros.task.ament_python.build:Building ROS package in '/home/mahmudch/Desktop/ROS_udemy/code/rosCode/ros2_ws/src/lidar_py_pkg' with build type 'ament_python'
[0.323s] Level 1:colcon.colcon_core.shell:create_environment_hook('lidar_py_pkg', 'ament_prefix_path')
[0.323s] INFO:colcon.colcon_core.shell:Creating environment hook '/home/mahmudch/Desktop/ROS_udemy/code/rosCode/ros2_ws/install/lidar_py_pkg/share/lidar_py_pkg/hook/ament_prefix_path.ps1'
[0.323s] INFO:colcon.colcon_core.shell:Creating environment descriptor '/home/mahmudch/Desktop/ROS_udemy/code/rosCode/ros2_ws/install/lidar_py_pkg/share/lidar_py_pkg/hook/ament_prefix_path.dsv'
[0.324s] INFO:colcon.colcon_core.shell:Creating environment hook '/home/mahmudch/Desktop/ROS_udemy/code/rosCode/ros2_ws/install/lidar_py_pkg/share/lidar_py_pkg/hook/ament_prefix_path.sh'
[0.324s] INFO:colcon.colcon_core.shell:Skip shell extension 'powershell' for command environment: Not usable outside of PowerShell
[0.324s] DEBUG:colcon.colcon_core.shell:Skip shell extension 'dsv' for command environment
[0.328s] INFO:colcon.colcon_ros.task.ament_cmake.build:Building ROS package in '/home/mahmudch/Desktop/ROS_udemy/code/rosCode/ros2_ws/src/simple_robot_description' with build type 'ament_cmake'
[0.328s] INFO:colcon.colcon_cmake.task.cmake.build:Building CMake package in '/home/mahmudch/Desktop/ROS_udemy/code/rosCode/ros2_ws/src/simple_robot_description'
[0.328s] INFO:colcon.colcon_core.shell:Skip shell extension 'powershell' for command environment: Not usable outside of PowerShell
[0.328s] DEBUG:colcon.colcon_core.shell:Skip shell extension 'dsv' for command environment
[0.336s] DEBUG:colcon.colcon_core.event_handler.log_command:Invoking command in '/home/mahmudch/Desktop/ROS_udemy/code/rosCode/ros2_ws/build/simple_interfaces_pkg': CMAKE_PREFIX_PATH=${CMAKE_PREFIX_PATH}:/home/mahmudch/robot_ws/install/robot_node_py_pkg:/opt/ros/humble /usr/bin/cmake /home/mahmudch/Desktop/ROS_udemy/code/rosCode/ros2_ws/src/simple_interfaces_pkg -DAMENT_CMAKE_SYMLINK_INSTALL=1 -DCMAKE_INSTALL_PREFIX=/home/mahmudch/Desktop/ROS_udemy/code/rosCode/ros2_ws/install/simple_interfaces_pkg
[0.338s] DEBUG:colcon.colcon_core.event_handler.log_command:Invoking command in '/home/mahmudch/Desktop/ROS_udemy/code/rosCode/ros2_ws/build/car_homework_description': CMAKE_PREFIX_PATH=${CMAKE_PREFIX_PATH}:/home/mahmudch/robot_ws/install/robot_node_py_pkg:/opt/ros/humble /usr/bin/cmake /home/mahmudch/Desktop/ROS_udemy/code/rosCode/ros2_ws/src/car_homework_description -DAMENT_CMAKE_SYMLINK_INSTALL=1 -DCMAKE_INSTALL_PREFIX=/home/mahmudch/Desktop/ROS_udemy/code/rosCode/ros2_ws/install/car_homework_description
[0.613s] INFO:colcon.colcon_core.task.python.build:Building Python package in '/home/mahmudch/Desktop/ROS_udemy/code/rosCode/ros2_ws/src/lidar_py_pkg'
[0.613s] INFO:colcon.colcon_core.shell:Skip shell extension 'powershell' for command environment: Not usable outside of PowerShell
[0.613s] DEBUG:colcon.colcon_core.shell:Skip shell extension 'dsv' for command environment
[0.623s] DEBUG:colcon.colcon_core.event_handler.log_command:Invoking command in '/home/mahmudch/Desktop/ROS_udemy/code/rosCode/ros2_ws/build/simple_robot_description': CMAKE_PREFIX_PATH=${CMAKE_PREFIX_PATH}:/home/mahmudch/robot_ws/install/robot_node_py_pkg:/opt/ros/humble /usr/bin/cmake /home/mahmudch/Desktop/ROS_udemy/code/rosCode/ros2_ws/src/simple_robot_description -DAMENT_CMAKE_SYMLINK_INSTALL=1 -DCMAKE_INSTALL_PREFIX=/home/mahmudch/Desktop/ROS_udemy/code/rosCode/ros2_ws/install/simple_robot_description
[1.028s] DEBUG:colcon.colcon_core.event_handler.log_command:Invoked command in '/home/mahmudch/Desktop/ROS_udemy/code/rosCode/ros2_ws/build/car_homework_description' returned '0': CMAKE_PREFIX_PATH=${CMAKE_PREFIX_PATH}:/home/mahmudch/robot_ws/install/robot_node_py_pkg:/opt/ros/humble /usr/bin/cmake /home/mahmudch/Desktop/ROS_udemy/code/rosCode/ros2_ws/src/car_homework_description -DAMENT_CMAKE_SYMLINK_INSTALL=1 -DCMAKE_INSTALL_PREFIX=/home/mahmudch/Desktop/ROS_udemy/code/rosCode/ros2_ws/install/car_homework_description
[1.029s] DEBUG:colcon.colcon_core.event_handler.log_command:Invoking command in '/home/mahmudch/Desktop/ROS_udemy/code/rosCode/ros2_ws/build/car_homework_description': CMAKE_PREFIX_PATH=${CMAKE_PREFIX_PATH}:/home/mahmudch/robot_ws/install/robot_node_py_pkg:/opt/ros/humble /usr/bin/cmake --build /home/mahmudch/Desktop/ROS_udemy/code/rosCode/ros2_ws/build/car_homework_description -- -j12 -l12
[1.059s] DEBUG:colcon.colcon_core.event_handler.log_command:Invoking command in '/home/mahmudch/Desktop/ROS_udemy/code/rosCode/ros2_ws/build/lidar_py_pkg': PYTHONPATH=/home/mahmudch/Desktop/ROS_udemy/code/rosCode/ros2_ws/build/lidar_py_pkg/prefix_override:/usr/lib/python3/dist-packages/colcon_core/task/python/colcon_distutils_commands:/home/mahmudch/Desktop/ROS_udemy/code/rosCode/ros2_ws/install/lidar_py_pkg/lib/python3.10/site-packages:${PYTHONPATH} /usr/bin/python3 -W ignore:setup.py install is deprecated -W ignore:easy_install command is deprecated setup.py develop --editable --build-directory /home/mahmudch/Desktop/ROS_udemy/code/rosCode/ros2_ws/build/lidar_py_pkg/build --no-deps symlink_data
[1.067s] DEBUG:colcon.colcon_core.event_handler.log_command:Invoked command in '/home/mahmudch/Desktop/ROS_udemy/code/rosCode/ros2_ws/build/car_homework_description' returned '0': CMAKE_PREFIX_PATH=${CMAKE_PREFIX_PATH}:/home/mahmudch/robot_ws/install/robot_node_py_pkg:/opt/ros/humble /usr/bin/cmake --build /home/mahmudch/Desktop/ROS_udemy/code/rosCode/ros2_ws/build/car_homework_description -- -j12 -l12
[1.076s] DEBUG:colcon.colcon_core.event_handler.log_command:Invoking command in '/home/mahmudch/Desktop/ROS_udemy/code/rosCode/ros2_ws/build/car_homework_description': CMAKE_PREFIX_PATH=${CMAKE_PREFIX_PATH}:/home/mahmudch/robot_ws/install/robot_node_py_pkg:/opt/ros/humble /usr/bin/cmake --install /home/mahmudch/Desktop/ROS_udemy/code/rosCode/ros2_ws/build/car_homework_description
[1.256s] DEBUG:colcon.colcon_core.event_handler.log_command:Invoked command in '/home/mahmudch/Desktop/ROS_udemy/code/rosCode/ros2_ws/build/simple_robot_description' returned '0': CMAKE_PREFIX_PATH=${CMAKE_PREFIX_PATH}:/home/mahmudch/robot_ws/install/robot_node_py_pkg:/opt/ros/humble /usr/bin/cmake /home/mahmudch/Desktop/ROS_udemy/code/rosCode/ros2_ws/src/simple_robot_description -DAMENT_CMAKE_SYMLINK_INSTALL=1 -DCMAKE_INSTALL_PREFIX=/home/mahmudch/Desktop/ROS_udemy/code/rosCode/ros2_ws/install/simple_robot_description
[1.257s] DEBUG:colcon.colcon_core.event_handler.log_command:Invoking command in '/home/mahmudch/Desktop/ROS_udemy/code/rosCode/ros2_ws/build/simple_robot_description': CMAKE_PREFIX_PATH=${CMAKE_PREFIX_PATH}:/home/mahmudch/robot_ws/install/robot_node_py_pkg:/opt/ros/humble /usr/bin/cmake --build /home/mahmudch/Desktop/ROS_udemy/code/rosCode/ros2_ws/build/simple_robot_description -- -j12 -l12
[1.291s] DEBUG:colcon.colcon_core.event_handler.log_command:Invoked command in '/home/mahmudch/Desktop/ROS_udemy/code/rosCode/ros2_ws/build/simple_robot_description' returned '0': CMAKE_PREFIX_PATH=${CMAKE_PREFIX_PATH}:/home/mahmudch/robot_ws/install/robot_node_py_pkg:/opt/ros/humble /usr/bin/cmake --build /home/mahmudch/Desktop/ROS_udemy/code/rosCode/ros2_ws/build/simple_robot_description -- -j12 -l12
[1.293s] DEBUG:colcon.colcon_core.event_handler.log_command:Invoking command in '/home/mahmudch/Desktop/ROS_udemy/code/rosCode/ros2_ws/build/simple_robot_description': CMAKE_PREFIX_PATH=${CMAKE_PREFIX_PATH}:/home/mahmudch/robot_ws/install/robot_node_py_pkg:/opt/ros/humble /usr/bin/cmake --install /home/mahmudch/Desktop/ROS_udemy/code/rosCode/ros2_ws/build/simple_robot_description
[1.308s] Level 1:colcon.colcon_core.environment:create_environment_scripts_only(car_homework_description)
[1.309s] DEBUG:colcon.colcon_core.event_handler.log_command:Invoked command in '/home/mahmudch/Desktop/ROS_udemy/code/rosCode/ros2_ws/build/car_homework_description' returned '0': CMAKE_PREFIX_PATH=${CMAKE_PREFIX_PATH}:/home/mahmudch/robot_ws/install/robot_node_py_pkg:/opt/ros/humble /usr/bin/cmake --install /home/mahmudch/Desktop/ROS_udemy/code/rosCode/ros2_ws/build/car_homework_description
[1.311s] Level 1:colcon.colcon_core.environment:checking '/home/mahmudch/Desktop/ROS_udemy/code/rosCode/ros2_ws/install/car_homework_description' for CMake module files
[1.312s] Level 1:colcon.colcon_core.environment:checking '/home/mahmudch/Desktop/ROS_udemy/code/rosCode/ros2_ws/install/car_homework_description' for CMake config files
[1.312s] Level 1:colcon.colcon_core.shell:create_environment_hook('car_homework_description', 'cmake_prefix_path')
[1.312s] INFO:colcon.colcon_core.shell:Creating environment hook '/home/mahmudch/Desktop/ROS_udemy/code/rosCode/ros2_ws/install/car_homework_description/share/car_homework_description/hook/cmake_prefix_path.ps1'
[1.313s] INFO:colcon.colcon_core.shell:Creating environment descriptor '/home/mahmudch/Desktop/ROS_udemy/code/rosCode/ros2_ws/install/car_homework_description/share/car_homework_description/hook/cmake_prefix_path.dsv'
[1.313s] INFO:colcon.colcon_core.shell:Creating environment hook '/home/mahmudch/Desktop/ROS_udemy/code/rosCode/ros2_ws/install/car_homework_description/share/car_homework_description/hook/cmake_prefix_path.sh'
[1.314s] Level 1:colcon.colcon_core.environment:checking '/home/mahmudch/Desktop/ROS_udemy/code/rosCode/ros2_ws/install/car_homework_description/bin'
[1.314s] Level 1:colcon.colcon_core.environment:checking '/home/mahmudch/Desktop/ROS_udemy/code/rosCode/ros2_ws/install/car_homework_description/lib/pkgconfig/car_homework_description.pc'
[1.314s] Level 1:colcon.colcon_core.environment:checking '/home/mahmudch/Desktop/ROS_udemy/code/rosCode/ros2_ws/install/car_homework_description/lib/python3.10/site-packages'
[1.314s] Level 1:colcon.colcon_core.environment:checking '/home/mahmudch/Desktop/ROS_udemy/code/rosCode/ros2_ws/install/car_homework_description/bin'
[1.315s] INFO:colcon.colcon_core.shell:Creating package script '/home/mahmudch/Desktop/ROS_udemy/code/rosCode/ros2_ws/install/car_homework_description/share/car_homework_description/package.ps1'
[1.316s] INFO:colcon.colcon_core.shell:Creating package descriptor '/home/mahmudch/Desktop/ROS_udemy/code/rosCode/ros2_ws/install/car_homework_description/share/car_homework_description/package.dsv'
[1.316s] INFO:colcon.colcon_core.shell:Creating package script '/home/mahmudch/Desktop/ROS_udemy/code/rosCode/ros2_ws/install/car_homework_description/share/car_homework_description/package.sh'
[1.317s] INFO:colcon.colcon_core.shell:Creating package script '/home/mahmudch/Desktop/ROS_udemy/code/rosCode/ros2_ws/install/car_homework_description/share/car_homework_description/package.bash'
[1.318s] INFO:colcon.colcon_core.shell:Creating package script '/home/mahmudch/Desktop/ROS_udemy/code/rosCode/ros2_ws/install/car_homework_description/share/car_homework_description/package.zsh'
[1.319s] Level 1:colcon.colcon_core.environment:create_file_with_runtime_dependencies(/home/mahmudch/Desktop/ROS_udemy/code/rosCode/ros2_ws/install/car_homework_description/share/colcon-core/packages/car_homework_description)
[1.319s] Level 1:colcon.colcon_core.environment:create_environment_scripts_only(car_homework_description)
[1.320s] Level 1:colcon.colcon_core.environment:checking '/home/mahmudch/Desktop/ROS_udemy/code/rosCode/ros2_ws/install/car_homework_description' for CMake module files
[1.320s] Level 1:colcon.colcon_core.environment:checking '/home/mahmudch/Desktop/ROS_udemy/code/rosCode/ros2_ws/install/car_homework_description' for CMake config files
[1.321s] Level 1:colcon.colcon_core.shell:create_environment_hook('car_homework_description', 'cmake_prefix_path')
[1.321s] INFO:colcon.colcon_core.shell:Creating environment hook '/home/mahmudch/Desktop/ROS_udemy/code/rosCode/ros2_ws/install/car_homework_description/share/car_homework_description/hook/cmake_prefix_path.ps1'
[1.321s] INFO:colcon.colcon_core.shell:Creating environment descriptor '/home/mahmudch/Desktop/ROS_udemy/code/rosCode/ros2_ws/install/car_homework_description/share/car_homework_description/hook/cmake_prefix_path.dsv'
[1.322s] INFO:colcon.colcon_core.shell:Creating environment hook '/home/mahmudch/Desktop/ROS_udemy/code/rosCode/ros2_ws/install/car_homework_description/share/car_homework_description/hook/cmake_prefix_path.sh'
[1.322s] Level 1:colcon.colcon_core.environment:checking '/home/mahmudch/Desktop/ROS_udemy/code/rosCode/ros2_ws/install/car_homework_description/bin'
[1.322s] Level 1:colcon.colcon_core.environment:checking '/home/mahmudch/Desktop/ROS_udemy/code/rosCode/ros2_ws/install/car_homework_description/lib/pkgconfig/car_homework_description.pc'
[1.322s] Level 1:colcon.colcon_core.environment:checking '/home/mahmudch/Desktop/ROS_udemy/code/rosCode/ros2_ws/install/car_homework_description/lib/python3.10/site-packages'
[1.323s] Level 1:colcon.colcon_core.environment:checking '/home/mahmudch/Desktop/ROS_udemy/code/rosCode/ros2_ws/install/car_homework_description/bin'
[1.323s] INFO:colcon.colcon_core.shell:Creating package script '/home/mahmudch/Desktop/ROS_udemy/code/rosCode/ros2_ws/install/car_homework_description/share/car_homework_description/package.ps1'
[1.324s] INFO:colcon.colcon_core.shell:Creating package descriptor '/home/mahmudch/Desktop/ROS_udemy/code/rosCode/ros2_ws/install/car_homework_description/share/car_homework_description/package.dsv'
[1.325s] INFO:colcon.colcon_core.shell:Creating package script '/home/mahmudch/Desktop/ROS_udemy/code/rosCode/ros2_ws/install/car_homework_description/share/car_homework_description/package.sh'
[1.325s] INFO:colcon.colcon_core.shell:Creating package script '/home/mahmudch/Desktop/ROS_udemy/code/rosCode/ros2_ws/install/car_homework_description/share/car_homework_description/package.bash'
[1.326s] INFO:colcon.colcon_core.shell:Creating package script '/home/mahmudch/Desktop/ROS_udemy/code/rosCode/ros2_ws/install/car_homework_description/share/car_homework_description/package.zsh'
[1.326s] Level 1:colcon.colcon_core.environment:create_file_with_runtime_dependencies(/home/mahmudch/Desktop/ROS_udemy/code/rosCode/ros2_ws/install/car_homework_description/share/colcon-core/packages/car_homework_description)
[1.326s] INFO:colcon.colcon_ros.task.ament_cmake.build:Building ROS package in '/home/mahmudch/Desktop/ROS_udemy/code/rosCode/ros2_ws/src/car_homework_bringup' with build type 'ament_cmake'
[1.327s] INFO:colcon.colcon_cmake.task.cmake.build:Building CMake package in '/home/mahmudch/Desktop/ROS_udemy/code/rosCode/ros2_ws/src/car_homework_bringup'
[1.327s] INFO:colcon.colcon_core.shell:Skip shell extension 'powershell' for command environment: Not usable outside of PowerShell
[1.327s] DEBUG:colcon.colcon_core.shell:Skip shell extension 'dsv' for command environment
[1.336s] DEBUG:colcon.colcon_core.event_handler.log_command:Invoking command in '/home/mahmudch/Desktop/ROS_udemy/code/rosCode/ros2_ws/build/car_homework_bringup': AMENT_PREFIX_PATH=/home/mahmudch/Desktop/ROS_udemy/code/rosCode/ros2_ws/install/car_homework_description:${AMENT_PREFIX_PATH} CMAKE_PREFIX_PATH=/home/mahmudch/Desktop/ROS_udemy/code/rosCode/ros2_ws/install/car_homework_description:/home/mahmudch/robot_ws/install/car_discription:/home/mahmudch/robot_ws/install/robot_node_py_pkg:/opt/ros/humble /usr/bin/cmake /home/mahmudch/Desktop/ROS_udemy/code/rosCode/ros2_ws/src/car_homework_bringup -DAMENT_CMAKE_SYMLINK_INSTALL=1 -DCMAKE_INSTALL_PREFIX=/home/mahmudch/Desktop/ROS_udemy/code/rosCode/ros2_ws/install/car_homework_bringup
[1.461s] Level 1:colcon.colcon_core.environment:create_environment_scripts_only(simple_robot_description)
[1.461s] Level 1:colcon.colcon_core.environment:checking '/home/mahmudch/Desktop/ROS_udemy/code/rosCode/ros2_ws/install/simple_robot_description' for CMake module files
[1.462s] DEBUG:colcon.colcon_core.event_handler.log_command:Invoked command in '/home/mahmudch/Desktop/ROS_udemy/code/rosCode/ros2_ws/build/simple_robot_description' returned '0': CMAKE_PREFIX_PATH=${CMAKE_PREFIX_PATH}:/home/mahmudch/robot_ws/install/robot_node_py_pkg:/opt/ros/humble /usr/bin/cmake --install /home/mahmudch/Desktop/ROS_udemy/code/rosCode/ros2_ws/build/simple_robot_description
[1.462s] Level 1:colcon.colcon_core.environment:checking '/home/mahmudch/Desktop/ROS_udemy/code/rosCode/ros2_ws/install/simple_robot_description' for CMake config files
[1.462s] Level 1:colcon.colcon_core.shell:create_environment_hook('simple_robot_description', 'cmake_prefix_path')
[1.463s] INFO:colcon.colcon_core.shell:Creating environment hook '/home/mahmudch/Desktop/ROS_udemy/code/rosCode/ros2_ws/install/simple_robot_description/share/simple_robot_description/hook/cmake_prefix_path.ps1'
[1.463s] INFO:colcon.colcon_core.shell:Creating environment descriptor '/home/mahmudch/Desktop/ROS_udemy/code/rosCode/ros2_ws/install/simple_robot_description/share/simple_robot_description/hook/cmake_prefix_path.dsv'
[1.464s] INFO:colcon.colcon_core.shell:Creating environment hook '/home/mahmudch/Desktop/ROS_udemy/code/rosCode/ros2_ws/install/simple_robot_description/share/simple_robot_description/hook/cmake_prefix_path.sh'
[1.464s] Level 1:colcon.colcon_core.environment:checking '/home/mahmudch/Desktop/ROS_udemy/code/rosCode/ros2_ws/install/simple_robot_description/bin'
[1.465s] Level 1:colcon.colcon_core.environment:checking '/home/mahmudch/Desktop/ROS_udemy/code/rosCode/ros2_ws/install/simple_robot_description/lib/pkgconfig/simple_robot_description.pc'
[1.465s] Level 1:colcon.colcon_core.environment:checking '/home/mahmudch/Desktop/ROS_udemy/code/rosCode/ros2_ws/install/simple_robot_description/lib/python3.10/site-packages'
[1.465s] Level 1:colcon.colcon_core.environment:checking '/home/mahmudch/Desktop/ROS_udemy/code/rosCode/ros2_ws/install/simple_robot_description/bin'
[1.466s] INFO:colcon.colcon_core.shell:Creating package script '/home/mahmudch/Desktop/ROS_udemy/code/rosCode/ros2_ws/install/simple_robot_description/share/simple_robot_description/package.ps1'
[1.466s] INFO:colcon.colcon_core.shell:Creating package descriptor '/home/mahmudch/Desktop/ROS_udemy/code/rosCode/ros2_ws/install/simple_robot_description/share/simple_robot_description/package.dsv'
[1.467s] INFO:colcon.colcon_core.shell:Creating package script '/home/mahmudch/Desktop/ROS_udemy/code/rosCode/ros2_ws/install/simple_robot_description/share/simple_robot_description/package.sh'
[1.467s] INFO:colcon.colcon_core.shell:Creating package script '/home/mahmudch/Desktop/ROS_udemy/code/rosCode/ros2_ws/install/simple_robot_description/share/simple_robot_description/package.bash'
[1.467s] INFO:colcon.colcon_core.shell:Creating package script '/home/mahmudch/Desktop/ROS_udemy/code/rosCode/ros2_ws/install/simple_robot_description/share/simple_robot_description/package.zsh'
[1.468s] Level 1:colcon.colcon_core.environment:create_file_with_runtime_dependencies(/home/mahmudch/Desktop/ROS_udemy/code/rosCode/ros2_ws/install/simple_robot_description/share/colcon-core/packages/simple_robot_description)
[1.468s] Level 1:colcon.colcon_core.environment:create_environment_scripts_only(simple_robot_description)
[1.468s] Level 1:colcon.colcon_core.environment:checking '/home/mahmudch/Desktop/ROS_udemy/code/rosCode/ros2_ws/install/simple_robot_description' for CMake module files
[1.469s] Level 1:colcon.colcon_core.environment:checking '/home/mahmudch/Desktop/ROS_udemy/code/rosCode/ros2_ws/install/simple_robot_description' for CMake config files
[1.469s] Level 1:colcon.colcon_core.shell:create_environment_hook('simple_robot_description', 'cmake_prefix_path')
[1.469s] INFO:colcon.colcon_core.shell:Creating environment hook '/home/mahmudch/Desktop/ROS_udemy/code/rosCode/ros2_ws/install/simple_robot_description/share/simple_robot_description/hook/cmake_prefix_path.ps1'
[1.470s] INFO:colcon.colcon_core.shell:Creating environment descriptor '/home/mahmudch/Desktop/ROS_udemy/code/rosCode/ros2_ws/install/simple_robot_description/share/simple_robot_description/hook/cmake_prefix_path.dsv'
[1.470s] INFO:colcon.colcon_core.shell:Creating environment hook '/home/mahmudch/Desktop/ROS_udemy/code/rosCode/ros2_ws/install/simple_robot_description/share/simple_robot_description/hook/cmake_prefix_path.sh'
[1.471s] Level 1:colcon.colcon_core.environment:checking '/home/mahmudch/Desktop/ROS_udemy/code/rosCode/ros2_ws/install/simple_robot_description/bin'
[1.471s] Level 1:colcon.colcon_core.environment:checking '/home/mahmudch/Desktop/ROS_udemy/code/rosCode/ros2_ws/install/simple_robot_description/lib/pkgconfig/simple_robot_description.pc'
[1.471s] Level 1:colcon.colcon_core.environment:checking '/home/mahmudch/Desktop/ROS_udemy/code/rosCode/ros2_ws/install/simple_robot_description/lib/python3.10/site-packages'
[1.471s] Level 1:colcon.colcon_core.environment:checking '/home/mahmudch/Desktop/ROS_udemy/code/rosCode/ros2_ws/install/simple_robot_description/bin'
[1.472s] INFO:colcon.colcon_core.shell:Creating package script '/home/mahmudch/Desktop/ROS_udemy/code/rosCode/ros2_ws/install/simple_robot_description/share/simple_robot_description/package.ps1'
[1.472s] INFO:colcon.colcon_core.shell:Creating package descriptor '/home/mahmudch/Desktop/ROS_udemy/code/rosCode/ros2_ws/install/simple_robot_description/share/simple_robot_description/package.dsv'
[1.473s] INFO:colcon.colcon_core.shell:Creating package script '/home/mahmudch/Desktop/ROS_udemy/code/rosCode/ros2_ws/install/simple_robot_description/share/simple_robot_description/package.sh'
[1.473s] INFO:colcon.colcon_core.shell:Creating package script '/home/mahmudch/Desktop/ROS_udemy/code/rosCode/ros2_ws/install/simple_robot_description/share/simple_robot_description/package.bash'
[1.473s] INFO:colcon.colcon_core.shell:Creating package script '/home/mahmudch/Desktop/ROS_udemy/code/rosCode/ros2_ws/install/simple_robot_description/share/simple_robot_description/package.zsh'
[1.474s] Level 1:colcon.colcon_core.environment:create_file_with_runtime_dependencies(/home/mahmudch/Desktop/ROS_udemy/code/rosCode/ros2_ws/install/simple_robot_description/share/colcon-core/packages/simple_robot_description)
[1.653s] Level 1:colcon.colcon_core.shell:create_environment_hook('lidar_py_pkg', 'pythonpath_develop')
[1.653s] INFO:colcon.colcon_core.shell:Creating environment hook '/home/mahmudch/Desktop/ROS_udemy/code/rosCode/ros2_ws/build/lidar_py_pkg/share/lidar_py_pkg/hook/pythonpath_develop.ps1'
[1.654s] DEBUG:colcon.colcon_core.event_handler.log_command:Invoked command in '/home/mahmudch/Desktop/ROS_udemy/code/rosCode/ros2_ws/build/lidar_py_pkg' returned '0': PYTHONPATH=/home/mahmudch/Desktop/ROS_udemy/code/rosCode/ros2_ws/build/lidar_py_pkg/prefix_override:/usr/lib/python3/dist-packages/colcon_core/task/python/colcon_distutils_commands:/home/mahmudch/Desktop/ROS_udemy/code/rosCode/ros2_ws/install/lidar_py_pkg/lib/python3.10/site-packages:${PYTHONPATH} /usr/bin/python3 -W ignore:setup.py install is deprecated -W ignore:easy_install command is deprecated setup.py develop --editable --build-directory /home/mahmudch/Desktop/ROS_udemy/code/rosCode/ros2_ws/build/lidar_py_pkg/build --no-deps symlink_data
[1.655s] INFO:colcon.colcon_core.shell:Creating environment descriptor '/home/mahmudch/Desktop/ROS_udemy/code/rosCode/ros2_ws/build/lidar_py_pkg/share/lidar_py_pkg/hook/pythonpath_develop.dsv'
[1.656s] INFO:colcon.colcon_core.shell:Creating environment hook '/home/mahmudch/Desktop/ROS_udemy/code/rosCode/ros2_ws/build/lidar_py_pkg/share/lidar_py_pkg/hook/pythonpath_develop.sh'
[1.657s] Level 1:colcon.colcon_core.environment:checking '/home/mahmudch/Desktop/ROS_udemy/code/rosCode/ros2_ws/install/lidar_py_pkg' for CMake module files
[1.657s] Level 1:colcon.colcon_core.environment:checking '/home/mahmudch/Desktop/ROS_udemy/code/rosCode/ros2_ws/install/lidar_py_pkg' for CMake config files
[1.658s] Level 1:colcon.colcon_core.environment:checking '/home/mahmudch/Desktop/ROS_udemy/code/rosCode/ros2_ws/install/lidar_py_pkg/lib'
[1.658s] Level 1:colcon.colcon_core.environment:checking '/home/mahmudch/Desktop/ROS_udemy/code/rosCode/ros2_ws/install/lidar_py_pkg/bin'
[1.658s] Level 1:colcon.colcon_core.environment:checking '/home/mahmudch/Desktop/ROS_udemy/code/rosCode/ros2_ws/install/lidar_py_pkg/lib/pkgconfig/lidar_py_pkg.pc'
[1.658s] Level 1:colcon.colcon_core.environment:checking '/home/mahmudch/Desktop/ROS_udemy/code/rosCode/ros2_ws/install/lidar_py_pkg/lib/python3.10/site-packages'
[1.658s] Level 1:colcon.colcon_core.shell:create_environment_hook('lidar_py_pkg', 'pythonpath')
[1.659s] INFO:colcon.colcon_core.shell:Creating environment hook '/home/mahmudch/Desktop/ROS_udemy/code/rosCode/ros2_ws/install/lidar_py_pkg/share/lidar_py_pkg/hook/pythonpath.ps1'
[1.659s] INFO:colcon.colcon_core.shell:Creating environment descriptor '/home/mahmudch/Desktop/ROS_udemy/code/rosCode/ros2_ws/install/lidar_py_pkg/share/lidar_py_pkg/hook/pythonpath.dsv'
[1.660s] INFO:colcon.colcon_core.shell:Creating environment hook '/home/mahmudch/Desktop/ROS_udemy/code/rosCode/ros2_ws/install/lidar_py_pkg/share/lidar_py_pkg/hook/pythonpath.sh'
[1.660s] Level 1:colcon.colcon_core.environment:checking '/home/mahmudch/Desktop/ROS_udemy/code/rosCode/ros2_ws/install/lidar_py_pkg/bin'
[1.660s] Level 1:colcon.colcon_core.environment:create_environment_scripts_only(lidar_py_pkg)
[1.661s] INFO:colcon.colcon_core.shell:Creating package script '/home/mahmudch/Desktop/ROS_udemy/code/rosCode/ros2_ws/install/lidar_py_pkg/share/lidar_py_pkg/package.ps1'
[1.662s] INFO:colcon.colcon_core.shell:Creating package descriptor '/home/mahmudch/Desktop/ROS_udemy/code/rosCode/ros2_ws/install/lidar_py_pkg/share/lidar_py_pkg/package.dsv'
[1.662s] INFO:colcon.colcon_core.shell:Creating package script '/home/mahmudch/Desktop/ROS_udemy/code/rosCode/ros2_ws/install/lidar_py_pkg/share/lidar_py_pkg/package.sh'
[1.663s] INFO:colcon.colcon_core.shell:Creating package script '/home/mahmudch/Desktop/ROS_udemy/code/rosCode/ros2_ws/install/lidar_py_pkg/share/lidar_py_pkg/package.bash'
[1.663s] INFO:colcon.colcon_core.shell:Creating package script '/home/mahmudch/Desktop/ROS_udemy/code/rosCode/ros2_ws/install/lidar_py_pkg/share/lidar_py_pkg/package.zsh'
[1.664s] Level 1:colcon.colcon_core.environment:create_file_with_runtime_dependencies(/home/mahmudch/Desktop/ROS_udemy/code/rosCode/ros2_ws/install/lidar_py_pkg/share/colcon-core/packages/lidar_py_pkg)
[1.930s] DEBUG:colcon.colcon_core.event_handler.log_command:Invoked command in '/home/mahmudch/Desktop/ROS_udemy/code/rosCode/ros2_ws/build/car_homework_bringup' returned '0': AMENT_PREFIX_PATH=/home/mahmudch/Desktop/ROS_udemy/code/rosCode/ros2_ws/install/car_homework_description:${AMENT_PREFIX_PATH} CMAKE_PREFIX_PATH=/home/mahmudch/Desktop/ROS_udemy/code/rosCode/ros2_ws/install/car_homework_description:/home/mahmudch/robot_ws/install/car_discription:/home/mahmudch/robot_ws/install/robot_node_py_pkg:/opt/ros/humble /usr/bin/cmake /home/mahmudch/Desktop/ROS_udemy/code/rosCode/ros2_ws/src/car_homework_bringup -DAMENT_CMAKE_SYMLINK_INSTALL=1 -DCMAKE_INSTALL_PREFIX=/home/mahmudch/Desktop/ROS_udemy/code/rosCode/ros2_ws/install/car_homework_bringup
[1.930s] DEBUG:colcon.colcon_core.event_handler.log_command:Invoking command in '/home/mahmudch/Desktop/ROS_udemy/code/rosCode/ros2_ws/build/car_homework_bringup': AMENT_PREFIX_PATH=/home/mahmudch/Desktop/ROS_udemy/code/rosCode/ros2_ws/install/car_homework_description:${AMENT_PREFIX_PATH} CMAKE_PREFIX_PATH=/home/mahmudch/Desktop/ROS_udemy/code/rosCode/ros2_ws/install/car_homework_description:/home/mahmudch/robot_ws/install/car_discription:/home/mahmudch/robot_ws/install/robot_node_py_pkg:/opt/ros/humble /usr/bin/cmake --build /home/mahmudch/Desktop/ROS_udemy/code/rosCode/ros2_ws/build/car_homework_bringup -- -j12 -l12
[1.961s] DEBUG:colcon.colcon_core.event_handler.log_command:Invoked command in '/home/mahmudch/Desktop/ROS_udemy/code/rosCode/ros2_ws/build/car_homework_bringup' returned '0': AMENT_PREFIX_PATH=/home/mahmudch/Desktop/ROS_udemy/code/rosCode/ros2_ws/install/car_homework_description:${AMENT_PREFIX_PATH} CMAKE_PREFIX_PATH=/home/mahmudch/Desktop/ROS_udemy/code/rosCode/ros2_ws/install/car_homework_description:/home/mahmudch/robot_ws/install/car_discription:/home/mahmudch/robot_ws/install/robot_node_py_pkg:/opt/ros/humble /usr/bin/cmake --build /home/mahmudch/Desktop/ROS_udemy/code/rosCode/ros2_ws/build/car_homework_bringup -- -j12 -l12
[1.962s] DEBUG:colcon.colcon_core.event_handler.log_command:Invoking command in '/home/mahmudch/Desktop/ROS_udemy/code/rosCode/ros2_ws/build/car_homework_bringup': AMENT_PREFIX_PATH=/home/mahmudch/Desktop/ROS_udemy/code/rosCode/ros2_ws/install/car_homework_description:${AMENT_PREFIX_PATH} CMAKE_PREFIX_PATH=/home/mahmudch/Desktop/ROS_udemy/code/rosCode/ros2_ws/install/car_homework_description:/home/mahmudch/robot_ws/install/car_discription:/home/mahmudch/robot_ws/install/robot_node_py_pkg:/opt/ros/humble /usr/bin/cmake --install /home/mahmudch/Desktop/ROS_udemy/code/rosCode/ros2_ws/build/car_homework_bringup
[1.994s] DEBUG:colcon.colcon_core.event_handler.log_command:Invoked command in '/home/mahmudch/Desktop/ROS_udemy/code/rosCode/ros2_ws/build/simple_interfaces_pkg' returned '0': CMAKE_PREFIX_PATH=${CMAKE_PREFIX_PATH}:/home/mahmudch/robot_ws/install/robot_node_py_pkg:/opt/ros/humble /usr/bin/cmake /home/mahmudch/Desktop/ROS_udemy/code/rosCode/ros2_ws/src/simple_interfaces_pkg -DAMENT_CMAKE_SYMLINK_INSTALL=1 -DCMAKE_INSTALL_PREFIX=/home/mahmudch/Desktop/ROS_udemy/code/rosCode/ros2_ws/install/simple_interfaces_pkg
[1.995s] DEBUG:colcon.colcon_core.event_handler.log_command:Invoking command in '/home/mahmudch/Desktop/ROS_udemy/code/rosCode/ros2_ws/build/simple_interfaces_pkg': CMAKE_PREFIX_PATH=${CMAKE_PREFIX_PATH}:/home/mahmudch/robot_ws/install/robot_node_py_pkg:/opt/ros/humble /usr/bin/cmake --build /home/mahmudch/Desktop/ROS_udemy/code/rosCode/ros2_ws/build/simple_interfaces_pkg -- -j12 -l12
[2.110s] Level 1:colcon.colcon_core.environment:create_environment_scripts_only(car_homework_bringup)
[2.110s] DEBUG:colcon.colcon_core.event_handler.log_command:Invoked command in '/home/mahmudch/Desktop/ROS_udemy/code/rosCode/ros2_ws/build/car_homework_bringup' returned '0': AMENT_PREFIX_PATH=/home/mahmudch/Desktop/ROS_udemy/code/rosCode/ros2_ws/install/car_homework_description:${AMENT_PREFIX_PATH} CMAKE_PREFIX_PATH=/home/mahmudch/Desktop/ROS_udemy/code/rosCode/ros2_ws/install/car_homework_description:/home/mahmudch/robot_ws/install/car_discription:/home/mahmudch/robot_ws/install/robot_node_py_pkg:/opt/ros/humble /usr/bin/cmake --install /home/mahmudch/Desktop/ROS_udemy/code/rosCode/ros2_ws/build/car_homework_bringup
[2.111s] Level 1:colcon.colcon_core.environment:checking '/home/mahmudch/Desktop/ROS_udemy/code/rosCode/ros2_ws/install/car_homework_bringup' for CMake module files
[2.111s] Level 1:colcon.colcon_core.environment:checking '/home/mahmudch/Desktop/ROS_udemy/code/rosCode/ros2_ws/install/car_homework_bringup' for CMake config files
[2.112s] Level 1:colcon.colcon_core.shell:create_environment_hook('car_homework_bringup', 'cmake_prefix_path')
[2.112s] INFO:colcon.colcon_core.shell:Creating environment hook '/home/mahmudch/Desktop/ROS_udemy/code/rosCode/ros2_ws/install/car_homework_bringup/share/car_homework_bringup/hook/cmake_prefix_path.ps1'
[2.113s] INFO:colcon.colcon_core.shell:Creating environment descriptor '/home/mahmudch/Desktop/ROS_udemy/code/rosCode/ros2_ws/install/car_homework_bringup/share/car_homework_bringup/hook/cmake_prefix_path.dsv'
[2.113s] INFO:colcon.colcon_core.shell:Creating environment hook '/home/mahmudch/Desktop/ROS_udemy/code/rosCode/ros2_ws/install/car_homework_bringup/share/car_homework_bringup/hook/cmake_prefix_path.sh'
[2.113s] Level 1:colcon.colcon_core.environment:checking '/home/mahmudch/Desktop/ROS_udemy/code/rosCode/ros2_ws/install/car_homework_bringup/bin'
[2.114s] Level 1:colcon.colcon_core.environment:checking '/home/mahmudch/Desktop/ROS_udemy/code/rosCode/ros2_ws/install/car_homework_bringup/lib/pkgconfig/car_homework_bringup.pc'
[2.114s] Level 1:colcon.colcon_core.environment:checking '/home/mahmudch/Desktop/ROS_udemy/code/rosCode/ros2_ws/install/car_homework_bringup/lib/python3.10/site-packages'
[2.114s] Level 1:colcon.colcon_core.environment:checking '/home/mahmudch/Desktop/ROS_udemy/code/rosCode/ros2_ws/install/car_homework_bringup/bin'
[2.114s] INFO:colcon.colcon_core.shell:Creating package script '/home/mahmudch/Desktop/ROS_udemy/code/rosCode/ros2_ws/install/car_homework_bringup/share/car_homework_bringup/package.ps1'
[2.115s] INFO:colcon.colcon_core.shell:Creating package descriptor '/home/mahmudch/Desktop/ROS_udemy/code/rosCode/ros2_ws/install/car_homework_bringup/share/car_homework_bringup/package.dsv'
[2.115s] INFO:colcon.colcon_core.shell:Creating package script '/home/mahmudch/Desktop/ROS_udemy/code/rosCode/ros2_ws/install/car_homework_bringup/share/car_homework_bringup/package.sh'
[2.116s] INFO:colcon.colcon_core.shell:Creating package script '/home/mahmudch/Desktop/ROS_udemy/code/rosCode/ros2_ws/install/car_homework_bringup/share/car_homework_bringup/package.bash'
[2.116s] INFO:colcon.colcon_core.shell:Creating package script '/home/mahmudch/Desktop/ROS_udemy/code/rosCode/ros2_ws/install/car_homework_bringup/share/car_homework_bringup/package.zsh'
[2.117s] Level 1:colcon.colcon_core.environment:create_file_with_runtime_dependencies(/home/mahmudch/Desktop/ROS_udemy/code/rosCode/ros2_ws/install/car_homework_bringup/share/colcon-core/packages/car_homework_bringup)
[2.117s] Level 1:colcon.colcon_core.environment:create_environment_scripts_only(car_homework_bringup)
[2.118s] Level 1:colcon.colcon_core.environment:checking '/home/mahmudch/Desktop/ROS_udemy/code/rosCode/ros2_ws/install/car_homework_bringup' for CMake module files
[2.118s] Level 1:colcon.colcon_core.environment:checking '/home/mahmudch/Desktop/ROS_udemy/code/rosCode/ros2_ws/install/car_homework_bringup' for CMake config files
[2.118s] Level 1:colcon.colcon_core.shell:create_environment_hook('car_homework_bringup', 'cmake_prefix_path')
[2.119s] INFO:colcon.colcon_core.shell:Creating environment hook '/home/mahmudch/Desktop/ROS_udemy/code/rosCode/ros2_ws/install/car_homework_bringup/share/car_homework_bringup/hook/cmake_prefix_path.ps1'
[2.119s] INFO:colcon.colcon_core.shell:Creating environment descriptor '/home/mahmudch/Desktop/ROS_udemy/code/rosCode/ros2_ws/install/car_homework_bringup/share/car_homework_bringup/hook/cmake_prefix_path.dsv'
[2.119s] INFO:colcon.colcon_core.shell:Creating environment hook '/home/mahmudch/Desktop/ROS_udemy/code/rosCode/ros2_ws/install/car_homework_bringup/share/car_homework_bringup/hook/cmake_prefix_path.sh'
[2.120s] Level 1:colcon.colcon_core.environment:checking '/home/mahmudch/Desktop/ROS_udemy/code/rosCode/ros2_ws/install/car_homework_bringup/bin'
[2.120s] Level 1:colcon.colcon_core.environment:checking '/home/mahmudch/Desktop/ROS_udemy/code/rosCode/ros2_ws/install/car_homework_bringup/lib/pkgconfig/car_homework_bringup.pc'
[2.120s] Level 1:colcon.colcon_core.environment:checking '/home/mahmudch/Desktop/ROS_udemy/code/rosCode/ros2_ws/install/car_homework_bringup/lib/python3.10/site-packages'
[2.121s] Level 1:colcon.colcon_core.environment:checking '/home/mahmudch/Desktop/ROS_udemy/code/rosCode/ros2_ws/install/car_homework_bringup/bin'
[2.121s] INFO:colcon.colcon_core.shell:Creating package script '/home/mahmudch/Desktop/ROS_udemy/code/rosCode/ros2_ws/install/car_homework_bringup/share/car_homework_bringup/package.ps1'
[2.122s] INFO:colcon.colcon_core.shell:Creating package descriptor '/home/mahmudch/Desktop/ROS_udemy/code/rosCode/ros2_ws/install/car_homework_bringup/share/car_homework_bringup/package.dsv'
[2.122s] INFO:colcon.colcon_core.shell:Creating package script '/home/mahmudch/Desktop/ROS_udemy/code/rosCode/ros2_ws/install/car_homework_bringup/share/car_homework_bringup/package.sh'
[2.123s] INFO:colcon.colcon_core.shell:Creating package script '/home/mahmudch/Desktop/ROS_udemy/code/rosCode/ros2_ws/install/car_homework_bringup/share/car_homework_bringup/package.bash'
[2.123s] INFO:colcon.colcon_core.shell:Creating package script '/home/mahmudch/Desktop/ROS_udemy/code/rosCode/ros2_ws/install/car_homework_bringup/share/car_homework_bringup/package.zsh'
[2.124s] Level 1:colcon.colcon_core.environment:create_file_with_runtime_dependencies(/home/mahmudch/Desktop/ROS_udemy/code/rosCode/ros2_ws/install/car_homework_bringup/share/colcon-core/packages/car_homework_bringup)
[4.288s] DEBUG:colcon.colcon_core.event_handler.log_command:Invoked command in '/home/mahmudch/Desktop/ROS_udemy/code/rosCode/ros2_ws/build/simple_interfaces_pkg' returned '0': CMAKE_PREFIX_PATH=${CMAKE_PREFIX_PATH}:/home/mahmudch/robot_ws/install/robot_node_py_pkg:/opt/ros/humble /usr/bin/cmake --build /home/mahmudch/Desktop/ROS_udemy/code/rosCode/ros2_ws/build/simple_interfaces_pkg -- -j12 -l12
[4.289s] DEBUG:colcon.colcon_core.event_handler.log_command:Invoking command in '/home/mahmudch/Desktop/ROS_udemy/code/rosCode/ros2_ws/build/simple_interfaces_pkg': CMAKE_PREFIX_PATH=${CMAKE_PREFIX_PATH}:/home/mahmudch/robot_ws/install/robot_node_py_pkg:/opt/ros/humble /usr/bin/cmake --install /home/mahmudch/Desktop/ROS_udemy/code/rosCode/ros2_ws/build/simple_interfaces_pkg
[4.802s] Level 1:colcon.colcon_core.environment:create_environment_scripts_only(simple_interfaces_pkg)
[4.802s] Level 1:colcon.colcon_core.environment:checking '/home/mahmudch/Desktop/ROS_udemy/code/rosCode/ros2_ws/install/simple_interfaces_pkg' for CMake module files
[4.803s] DEBUG:colcon.colcon_core.event_handler.log_command:Invoked command in '/home/mahmudch/Desktop/ROS_udemy/code/rosCode/ros2_ws/build/simple_interfaces_pkg' returned '0': CMAKE_PREFIX_PATH=${CMAKE_PREFIX_PATH}:/home/mahmudch/robot_ws/install/robot_node_py_pkg:/opt/ros/humble /usr/bin/cmake --install /home/mahmudch/Desktop/ROS_udemy/code/rosCode/ros2_ws/build/simple_interfaces_pkg
[4.803s] Level 1:colcon.colcon_core.environment:checking '/home/mahmudch/Desktop/ROS_udemy/code/rosCode/ros2_ws/install/simple_interfaces_pkg' for CMake config files
[4.804s] Level 1:colcon.colcon_core.shell:create_environment_hook('simple_interfaces_pkg', 'cmake_prefix_path')
[4.804s] INFO:colcon.colcon_core.shell:Creating environment hook '/home/mahmudch/Desktop/ROS_udemy/code/rosCode/ros2_ws/install/simple_interfaces_pkg/share/simple_interfaces_pkg/hook/cmake_prefix_path.ps1'
[4.804s] INFO:colcon.colcon_core.shell:Creating environment descriptor '/home/mahmudch/Desktop/ROS_udemy/code/rosCode/ros2_ws/install/simple_interfaces_pkg/share/simple_interfaces_pkg/hook/cmake_prefix_path.dsv'
[4.804s] INFO:colcon.colcon_core.shell:Creating environment hook '/home/mahmudch/Desktop/ROS_udemy/code/rosCode/ros2_ws/install/simple_interfaces_pkg/share/simple_interfaces_pkg/hook/cmake_prefix_path.sh'
[4.805s] Level 1:colcon.colcon_core.environment:checking '/home/mahmudch/Desktop/ROS_udemy/code/rosCode/ros2_ws/install/simple_interfaces_pkg/lib'
[4.805s] Level 1:colcon.colcon_core.shell:create_environment_hook('simple_interfaces_pkg', 'ld_library_path_lib')
[4.805s] INFO:colcon.colcon_core.shell:Creating environment hook '/home/mahmudch/Desktop/ROS_udemy/code/rosCode/ros2_ws/install/simple_interfaces_pkg/share/simple_interfaces_pkg/hook/ld_library_path_lib.ps1'
[4.805s] INFO:colcon.colcon_core.shell:Creating environment descriptor '/home/mahmudch/Desktop/ROS_udemy/code/rosCode/ros2_ws/install/simple_interfaces_pkg/share/simple_interfaces_pkg/hook/ld_library_path_lib.dsv'
[4.806s] INFO:colcon.colcon_core.shell:Creating environment hook '/home/mahmudch/Desktop/ROS_udemy/code/rosCode/ros2_ws/install/simple_interfaces_pkg/share/simple_interfaces_pkg/hook/ld_library_path_lib.sh'
[4.806s] Level 1:colcon.colcon_core.environment:checking '/home/mahmudch/Desktop/ROS_udemy/code/rosCode/ros2_ws/install/simple_interfaces_pkg/bin'
[4.806s] Level 1:colcon.colcon_core.environment:checking '/home/mahmudch/Desktop/ROS_udemy/code/rosCode/ros2_ws/install/simple_interfaces_pkg/lib/pkgconfig/simple_interfaces_pkg.pc'
[4.806s] Level 1:colcon.colcon_core.environment:checking '/home/mahmudch/Desktop/ROS_udemy/code/rosCode/ros2_ws/install/simple_interfaces_pkg/lib/python3.10/site-packages'
[4.806s] Level 1:colcon.colcon_core.environment:checking '/home/mahmudch/Desktop/ROS_udemy/code/rosCode/ros2_ws/install/simple_interfaces_pkg/bin'
[4.807s] INFO:colcon.colcon_core.shell:Creating package script '/home/mahmudch/Desktop/ROS_udemy/code/rosCode/ros2_ws/install/simple_interfaces_pkg/share/simple_interfaces_pkg/package.ps1'
[4.807s] INFO:colcon.colcon_core.shell:Creating package descriptor '/home/mahmudch/Desktop/ROS_udemy/code/rosCode/ros2_ws/install/simple_interfaces_pkg/share/simple_interfaces_pkg/package.dsv'
[4.807s] INFO:colcon.colcon_core.shell:Creating package script '/home/mahmudch/Desktop/ROS_udemy/code/rosCode/ros2_ws/install/simple_interfaces_pkg/share/simple_interfaces_pkg/package.sh'
[4.808s] INFO:colcon.colcon_core.shell:Creating package script '/home/mahmudch/Desktop/ROS_udemy/code/rosCode/ros2_ws/install/simple_interfaces_pkg/share/simple_interfaces_pkg/package.bash'
[4.808s] INFO:colcon.colcon_core.shell:Creating package script '/home/mahmudch/Desktop/ROS_udemy/code/rosCode/ros2_ws/install/simple_interfaces_pkg/share/simple_interfaces_pkg/package.zsh'
[4.808s] Level 1:colcon.colcon_core.environment:create_file_with_runtime_dependencies(/home/mahmudch/Desktop/ROS_udemy/code/rosCode/ros2_ws/install/simple_interfaces_pkg/share/colcon-core/packages/simple_interfaces_pkg)
[4.808s] Level 1:colcon.colcon_core.environment:create_environment_scripts_only(simple_interfaces_pkg)
[4.809s] Level 1:colcon.colcon_core.environment:checking '/home/mahmudch/Desktop/ROS_udemy/code/rosCode/ros2_ws/install/simple_interfaces_pkg' for CMake module files
[4.809s] Level 1:colcon.colcon_core.environment:checking '/home/mahmudch/Desktop/ROS_udemy/code/rosCode/ros2_ws/install/simple_interfaces_pkg' for CMake config files
[4.809s] Level 1:colcon.colcon_core.shell:create_environment_hook('simple_interfaces_pkg', 'cmake_prefix_path')
[4.810s] INFO:colcon.colcon_core.shell:Creating environment hook '/home/mahmudch/Desktop/ROS_udemy/code/rosCode/ros2_ws/install/simple_interfaces_pkg/share/simple_interfaces_pkg/hook/cmake_prefix_path.ps1'
[4.810s] INFO:colcon.colcon_core.shell:Creating environment descriptor '/home/mahmudch/Desktop/ROS_udemy/code/rosCode/ros2_ws/install/simple_interfaces_pkg/share/simple_interfaces_pkg/hook/cmake_prefix_path.dsv'
[4.810s] INFO:colcon.colcon_core.shell:Creating environment hook '/home/mahmudch/Desktop/ROS_udemy/code/rosCode/ros2_ws/install/simple_interfaces_pkg/share/simple_interfaces_pkg/hook/cmake_prefix_path.sh'
[4.811s] Level 1:colcon.colcon_core.environment:checking '/home/mahmudch/Desktop/ROS_udemy/code/rosCode/ros2_ws/install/simple_interfaces_pkg/lib'
[4.811s] Level 1:colcon.colcon_core.shell:create_environment_hook('simple_interfaces_pkg', 'ld_library_path_lib')
[4.811s] INFO:colcon.colcon_core.shell:Creating environment hook '/home/mahmudch/Desktop/ROS_udemy/code/rosCode/ros2_ws/install/simple_interfaces_pkg/share/simple_interfaces_pkg/hook/ld_library_path_lib.ps1'
[4.811s] INFO:colcon.colcon_core.shell:Creating environment descriptor '/home/mahmudch/Desktop/ROS_udemy/code/rosCode/ros2_ws/install/simple_interfaces_pkg/share/simple_interfaces_pkg/hook/ld_library_path_lib.dsv'
[4.811s] INFO:colcon.colcon_core.shell:Creating environment hook '/home/mahmudch/Desktop/ROS_udemy/code/rosCode/ros2_ws/install/simple_interfaces_pkg/share/simple_interfaces_pkg/hook/ld_library_path_lib.sh'
[4.812s] Level 1:colcon.colcon_core.environment:checking '/home/mahmudch/Desktop/ROS_udemy/code/rosCode/ros2_ws/install/simple_interfaces_pkg/bin'
[4.812s] Level 1:colcon.colcon_core.environment:checking '/home/mahmudch/Desktop/ROS_udemy/code/rosCode/ros2_ws/install/simple_interfaces_pkg/lib/pkgconfig/simple_interfaces_pkg.pc'
[4.812s] Level 1:colcon.colcon_core.environment:checking '/home/mahmudch/Desktop/ROS_udemy/code/rosCode/ros2_ws/install/simple_interfaces_pkg/lib/python3.10/site-packages'
[4.812s] Level 1:colcon.colcon_core.environment:checking '/home/mahmudch/Desktop/ROS_udemy/code/rosCode/ros2_ws/install/simple_interfaces_pkg/bin'
[4.812s] INFO:colcon.colcon_core.shell:Creating package script '/home/mahmudch/Desktop/ROS_udemy/code/rosCode/ros2_ws/install/simple_interfaces_pkg/share/simple_interfaces_pkg/package.ps1'
[4.813s] INFO:colcon.colcon_core.shell:Creating package descriptor '/home/mahmudch/Desktop/ROS_udemy/code/rosCode/ros2_ws/install/simple_interfaces_pkg/share/simple_interfaces_pkg/package.dsv'
[4.813s] INFO:colcon.colcon_core.shell:Creating package script '/home/mahmudch/Desktop/ROS_udemy/code/rosCode/ros2_ws/install/simple_interfaces_pkg/share/simple_interfaces_pkg/package.sh'
[4.813s] INFO:colcon.colcon_core.shell:Creating package script '/home/mahmudch/Desktop/ROS_udemy/code/rosCode/ros2_ws/install/simple_interfaces_pkg/share/simple_interfaces_pkg/package.bash'
[4.814s] INFO:colcon.colcon_core.shell:Creating package script '/home/mahmudch/Desktop/ROS_udemy/code/rosCode/ros2_ws/install/simple_interfaces_pkg/share/simple_interfaces_pkg/package.zsh'
[4.814s] Level 1:colcon.colcon_core.environment:create_file_with_runtime_dependencies(/home/mahmudch/Desktop/ROS_udemy/code/rosCode/ros2_ws/install/simple_interfaces_pkg/share/colcon-core/packages/simple_interfaces_pkg)
[4.814s] INFO:colcon.colcon_ros.task.ament_python.build:Building ROS package in '/home/mahmudch/Desktop/ROS_udemy/code/rosCode/ros2_ws/src/simple_py_pkg' with build type 'ament_python'
[4.814s] Level 1:colcon.colcon_core.shell:create_environment_hook('simple_py_pkg', 'ament_prefix_path')
[4.814s] INFO:colcon.colcon_core.shell:Creating environment hook '/home/mahmudch/Desktop/ROS_udemy/code/rosCode/ros2_ws/install/simple_py_pkg/share/simple_py_pkg/hook/ament_prefix_path.ps1'
[4.815s] INFO:colcon.colcon_core.shell:Creating environment descriptor '/home/mahmudch/Desktop/ROS_udemy/code/rosCode/ros2_ws/install/simple_py_pkg/share/simple_py_pkg/hook/ament_prefix_path.dsv'
[4.815s] INFO:colcon.colcon_core.shell:Creating environment hook '/home/mahmudch/Desktop/ROS_udemy/code/rosCode/ros2_ws/install/simple_py_pkg/share/simple_py_pkg/hook/ament_prefix_path.sh'
[4.816s] INFO:colcon.colcon_core.shell:Skip shell extension 'powershell' for command environment: Not usable outside of PowerShell
[4.816s] DEBUG:colcon.colcon_core.shell:Skip shell extension 'dsv' for command environment
[5.040s] INFO:colcon.colcon_core.task.python.build:Building Python package in '/home/mahmudch/Desktop/ROS_udemy/code/rosCode/ros2_ws/src/simple_py_pkg'
[5.041s] INFO:colcon.colcon_core.shell:Skip shell extension 'powershell' for command environment: Not usable outside of PowerShell
[5.041s] DEBUG:colcon.colcon_core.shell:Skip shell extension 'dsv' for command environment
[5.335s] DEBUG:colcon.colcon_core.event_handler.log_command:Invoking command in '/home/mahmudch/Desktop/ROS_udemy/code/rosCode/ros2_ws/build/simple_py_pkg': AMENT_PREFIX_PATH=/home/mahmudch/Desktop/ROS_udemy/code/rosCode/ros2_ws/install/simple_interfaces_pkg:${AMENT_PREFIX_PATH} CMAKE_PREFIX_PATH=/home/mahmudch/Desktop/ROS_udemy/code/rosCode/ros2_ws/install/simple_interfaces_pkg:${CMAKE_PREFIX_PATH} LD_LIBRARY_PATH=/home/mahmudch/Desktop/ROS_udemy/code/rosCode/ros2_ws/install/simple_interfaces_pkg/lib:${LD_LIBRARY_PATH} PYTHONPATH=/home/mahmudch/Desktop/ROS_udemy/code/rosCode/ros2_ws/build/simple_py_pkg/prefix_override:/usr/lib/python3/dist-packages/colcon_core/task/python/colcon_distutils_commands:/home/mahmudch/Desktop/ROS_udemy/code/rosCode/ros2_ws/install/simple_py_pkg/lib/python3.10/site-packages:/home/mahmudch/Desktop/ROS_udemy/code/rosCode/ros2_ws/install/simple_interfaces_pkg/local/lib/python3.10/dist-packages:${PYTHONPATH} /usr/bin/python3 -W ignore:setup.py install is deprecated -W ignore:easy_install command is deprecated setup.py develop --editable --build-directory /home/mahmudch/Desktop/ROS_udemy/code/rosCode/ros2_ws/build/simple_py_pkg/build --no-deps symlink_data
[5.720s] Level 1:colcon.colcon_core.shell:create_environment_hook('simple_py_pkg', 'pythonpath_develop')
[5.721s] INFO:colcon.colcon_core.shell:Creating environment hook '/home/mahmudch/Desktop/ROS_udemy/code/rosCode/ros2_ws/build/simple_py_pkg/share/simple_py_pkg/hook/pythonpath_develop.ps1'
[5.721s] DEBUG:colcon.colcon_core.event_handler.log_command:Invoked command in '/home/mahmudch/Desktop/ROS_udemy/code/rosCode/ros2_ws/build/simple_py_pkg' returned '0': AMENT_PREFIX_PATH=/home/mahmudch/Desktop/ROS_udemy/code/rosCode/ros2_ws/install/simple_interfaces_pkg:${AMENT_PREFIX_PATH} CMAKE_PREFIX_PATH=/home/mahmudch/Desktop/ROS_udemy/code/rosCode/ros2_ws/install/simple_interfaces_pkg:${CMAKE_PREFIX_PATH} LD_LIBRARY_PATH=/home/mahmudch/Desktop/ROS_udemy/code/rosCode/ros2_ws/install/simple_interfaces_pkg/lib:${LD_LIBRARY_PATH} PYTHONPATH=/home/mahmudch/Desktop/ROS_udemy/code/rosCode/ros2_ws/build/simple_py_pkg/prefix_override:/usr/lib/python3/dist-packages/colcon_core/task/python/colcon_distutils_commands:/home/mahmudch/Desktop/ROS_udemy/code/rosCode/ros2_ws/install/simple_py_pkg/lib/python3.10/site-packages:/home/mahmudch/Desktop/ROS_udemy/code/rosCode/ros2_ws/install/simple_interfaces_pkg/local/lib/python3.10/dist-packages:${PYTHONPATH} /usr/bin/python3 -W ignore:setup.py install is deprecated -W ignore:easy_install command is deprecated setup.py develop --editable --build-directory /home/mahmudch/Desktop/ROS_udemy/code/rosCode/ros2_ws/build/simple_py_pkg/build --no-deps symlink_data
[5.721s] INFO:colcon.colcon_core.shell:Creating environment descriptor '/home/mahmudch/Desktop/ROS_udemy/code/rosCode/ros2_ws/build/simple_py_pkg/share/simple_py_pkg/hook/pythonpath_develop.dsv'
[5.722s] INFO:colcon.colcon_core.shell:Creating environment hook '/home/mahmudch/Desktop/ROS_udemy/code/rosCode/ros2_ws/build/simple_py_pkg/share/simple_py_pkg/hook/pythonpath_develop.sh'
[5.722s] Level 1:colcon.colcon_core.environment:checking '/home/mahmudch/Desktop/ROS_udemy/code/rosCode/ros2_ws/install/simple_py_pkg' for CMake module files
[5.722s] Level 1:colcon.colcon_core.environment:checking '/home/mahmudch/Desktop/ROS_udemy/code/rosCode/ros2_ws/install/simple_py_pkg' for CMake config files
[5.723s] Level 1:colcon.colcon_core.environment:checking '/home/mahmudch/Desktop/ROS_udemy/code/rosCode/ros2_ws/install/simple_py_pkg/lib'
[5.723s] Level 1:colcon.colcon_core.environment:checking '/home/mahmudch/Desktop/ROS_udemy/code/rosCode/ros2_ws/install/simple_py_pkg/bin'
[5.723s] Level 1:colcon.colcon_core.environment:checking '/home/mahmudch/Desktop/ROS_udemy/code/rosCode/ros2_ws/install/simple_py_pkg/lib/pkgconfig/simple_py_pkg.pc'
[5.723s] Level 1:colcon.colcon_core.environment:checking '/home/mahmudch/Desktop/ROS_udemy/code/rosCode/ros2_ws/install/simple_py_pkg/lib/python3.10/site-packages'
[5.723s] Level 1:colcon.colcon_core.shell:create_environment_hook('simple_py_pkg', 'pythonpath')
[5.723s] INFO:colcon.colcon_core.shell:Creating environment hook '/home/mahmudch/Desktop/ROS_udemy/code/rosCode/ros2_ws/install/simple_py_pkg/share/simple_py_pkg/hook/pythonpath.ps1'
[5.723s] INFO:colcon.colcon_core.shell:Creating environment descriptor '/home/mahmudch/Desktop/ROS_udemy/code/rosCode/ros2_ws/install/simple_py_pkg/share/simple_py_pkg/hook/pythonpath.dsv'
[5.724s] INFO:colcon.colcon_core.shell:Creating environment hook '/home/mahmudch/Desktop/ROS_udemy/code/rosCode/ros2_ws/install/simple_py_pkg/share/simple_py_pkg/hook/pythonpath.sh'
[5.724s] Level 1:colcon.colcon_core.environment:checking '/home/mahmudch/Desktop/ROS_udemy/code/rosCode/ros2_ws/install/simple_py_pkg/bin'
[5.724s] Level 1:colcon.colcon_core.environment:create_environment_scripts_only(simple_py_pkg)
[5.724s] INFO:colcon.colcon_core.shell:Creating package script '/home/mahmudch/Desktop/ROS_udemy/code/rosCode/ros2_ws/install/simple_py_pkg/share/simple_py_pkg/package.ps1'
[5.725s] INFO:colcon.colcon_core.shell:Creating package descriptor '/home/mahmudch/Desktop/ROS_udemy/code/rosCode/ros2_ws/install/simple_py_pkg/share/simple_py_pkg/package.dsv'
[5.725s] INFO:colcon.colcon_core.shell:Creating package script '/home/mahmudch/Desktop/ROS_udemy/code/rosCode/ros2_ws/install/simple_py_pkg/share/simple_py_pkg/package.sh'
[5.725s] INFO:colcon.colcon_core.shell:Creating package script '/home/mahmudch/Desktop/ROS_udemy/code/rosCode/ros2_ws/install/simple_py_pkg/share/simple_py_pkg/package.bash'
[5.726s] INFO:colcon.colcon_core.shell:Creating package script '/home/mahmudch/Desktop/ROS_udemy/code/rosCode/ros2_ws/install/simple_py_pkg/share/simple_py_pkg/package.zsh'
[5.726s] Level 1:colcon.colcon_core.environment:create_file_with_runtime_dependencies(/home/mahmudch/Desktop/ROS_udemy/code/rosCode/ros2_ws/install/simple_py_pkg/share/colcon-core/packages/simple_py_pkg)
[5.726s] INFO:colcon.colcon_ros.task.ament_cmake.build:Building ROS package in '/home/mahmudch/Desktop/ROS_udemy/code/rosCode/ros2_ws/src/simple_bringup' with build type 'ament_cmake'
[5.726s] INFO:colcon.colcon_cmake.task.cmake.build:Building CMake package in '/home/mahmudch/Desktop/ROS_udemy/code/rosCode/ros2_ws/src/simple_bringup'
[5.726s] INFO:colcon.colcon_core.shell:Skip shell extension 'powershell' for command environment: Not usable outside of PowerShell
[5.727s] DEBUG:colcon.colcon_core.shell:Skip shell extension 'dsv' for command environment
[5.735s] DEBUG:colcon.colcon_core.event_handler.log_command:Invoking command in '/home/mahmudch/Desktop/ROS_udemy/code/rosCode/ros2_ws/build/simple_bringup': AMENT_PREFIX_PATH=/home/mahmudch/Desktop/ROS_udemy/code/rosCode/ros2_ws/install/simple_py_pkg:/home/mahmudch/Desktop/ROS_udemy/code/rosCode/ros2_ws/install/simple_interfaces_pkg:${AMENT_PREFIX_PATH} CMAKE_PREFIX_PATH=/home/mahmudch/Desktop/ROS_udemy/code/rosCode/ros2_ws/install/simple_interfaces_pkg:/home/mahmudch/robot_ws/install/car_discription:/home/mahmudch/robot_ws/install/robot_node_py_pkg:/opt/ros/humble LD_LIBRARY_PATH=/home/mahmudch/Desktop/ROS_udemy/code/rosCode/ros2_ws/install/simple_interfaces_pkg/lib:${LD_LIBRARY_PATH} PYTHONPATH=/home/mahmudch/Desktop/ROS_udemy/code/rosCode/ros2_ws/build/simple_py_pkg:/home/mahmudch/Desktop/ROS_udemy/code/rosCode/ros2_ws/install/simple_py_pkg/lib/python3.10/site-packages:/home/mahmudch/Desktop/ROS_udemy/code/rosCode/ros2_ws/install/simple_interfaces_pkg/local/lib/python3.10/dist-packages:${PYTHONPATH} /usr/bin/cmake /home/mahmudch/Desktop/ROS_udemy/code/rosCode/ros2_ws/src/simple_bringup -DAMENT_CMAKE_SYMLINK_INSTALL=1 -DCMAKE_INSTALL_PREFIX=/home/mahmudch/Desktop/ROS_udemy/code/rosCode/ros2_ws/install/simple_bringup
[6.204s] DEBUG:colcon.colcon_core.event_handler.log_command:Invoked command in '/home/mahmudch/Desktop/ROS_udemy/code/rosCode/ros2_ws/build/simple_bringup' returned '0': AMENT_PREFIX_PATH=/home/mahmudch/Desktop/ROS_udemy/code/rosCode/ros2_ws/install/simple_py_pkg:/home/mahmudch/Desktop/ROS_udemy/code/rosCode/ros2_ws/install/simple_interfaces_pkg:${AMENT_PREFIX_PATH} CMAKE_PREFIX_PATH=/home/mahmudch/Desktop/ROS_udemy/code/rosCode/ros2_ws/install/simple_interfaces_pkg:/home/mahmudch/robot_ws/install/car_discription:/home/mahmudch/robot_ws/install/robot_node_py_pkg:/opt/ros/humble LD_LIBRARY_PATH=/home/mahmudch/Desktop/ROS_udemy/code/rosCode/ros2_ws/install/simple_interfaces_pkg/lib:${LD_LIBRARY_PATH} PYTHONPATH=/home/mahmudch/Desktop/ROS_udemy/code/rosCode/ros2_ws/build/simple_py_pkg:/home/mahmudch/Desktop/ROS_udemy/code/rosCode/ros2_ws/install/simple_py_pkg/lib/python3.10/site-packages:/home/mahmudch/Desktop/ROS_udemy/code/rosCode/ros2_ws/install/simple_interfaces_pkg/local/lib/python3.10/dist-packages:${PYTHONPATH} /usr/bin/cmake /home/mahmudch/Desktop/ROS_udemy/code/rosCode/ros2_ws/src/simple_bringup -DAMENT_CMAKE_SYMLINK_INSTALL=1 -DCMAKE_INSTALL_PREFIX=/home/mahmudch/Desktop/ROS_udemy/code/rosCode/ros2_ws/install/simple_bringup
[6.204s] DEBUG:colcon.colcon_core.event_handler.log_command:Invoking command in '/home/mahmudch/Desktop/ROS_udemy/code/rosCode/ros2_ws/build/simple_bringup': AMENT_PREFIX_PATH=/home/mahmudch/Desktop/ROS_udemy/code/rosCode/ros2_ws/install/simple_py_pkg:/home/mahmudch/Desktop/ROS_udemy/code/rosCode/ros2_ws/install/simple_interfaces_pkg:${AMENT_PREFIX_PATH} CMAKE_PREFIX_PATH=/home/mahmudch/Desktop/ROS_udemy/code/rosCode/ros2_ws/install/simple_interfaces_pkg:/home/mahmudch/robot_ws/install/car_discription:/home/mahmudch/robot_ws/install/robot_node_py_pkg:/opt/ros/humble LD_LIBRARY_PATH=/home/mahmudch/Desktop/ROS_udemy/code/rosCode/ros2_ws/install/simple_interfaces_pkg/lib:${LD_LIBRARY_PATH} PYTHONPATH=/home/mahmudch/Desktop/ROS_udemy/code/rosCode/ros2_ws/build/simple_py_pkg:/home/mahmudch/Desktop/ROS_udemy/code/rosCode/ros2_ws/install/simple_py_pkg/lib/python3.10/site-packages:/home/mahmudch/Desktop/ROS_udemy/code/rosCode/ros2_ws/install/simple_interfaces_pkg/local/lib/python3.10/dist-packages:${PYTHONPATH} /usr/bin/cmake --build /home/mahmudch/Desktop/ROS_udemy/code/rosCode/ros2_ws/build/simple_bringup -- -j12 -l12
[6.228s] DEBUG:colcon.colcon_core.event_handler.log_command:Invoked command in '/home/mahmudch/Desktop/ROS_udemy/code/rosCode/ros2_ws/build/simple_bringup' returned '0': AMENT_PREFIX_PATH=/home/mahmudch/Desktop/ROS_udemy/code/rosCode/ros2_ws/install/simple_py_pkg:/home/mahmudch/Desktop/ROS_udemy/code/rosCode/ros2_ws/install/simple_interfaces_pkg:${AMENT_PREFIX_PATH} CMAKE_PREFIX_PATH=/home/mahmudch/Desktop/ROS_udemy/code/rosCode/ros2_ws/install/simple_interfaces_pkg:/home/mahmudch/robot_ws/install/car_discription:/home/mahmudch/robot_ws/install/robot_node_py_pkg:/opt/ros/humble LD_LIBRARY_PATH=/home/mahmudch/Desktop/ROS_udemy/code/rosCode/ros2_ws/install/simple_interfaces_pkg/lib:${LD_LIBRARY_PATH} PYTHONPATH=/home/mahmudch/Desktop/ROS_udemy/code/rosCode/ros2_ws/build/simple_py_pkg:/home/mahmudch/Desktop/ROS_udemy/code/rosCode/ros2_ws/install/simple_py_pkg/lib/python3.10/site-packages:/home/mahmudch/Desktop/ROS_udemy/code/rosCode/ros2_ws/install/simple_interfaces_pkg/local/lib/python3.10/dist-packages:${PYTHONPATH} /usr/bin/cmake --build /home/mahmudch/Desktop/ROS_udemy/code/rosCode/ros2_ws/build/simple_bringup -- -j12 -l12
[6.229s] DEBUG:colcon.colcon_core.event_handler.log_command:Invoking command in '/home/mahmudch/Desktop/ROS_udemy/code/rosCode/ros2_ws/build/simple_bringup': AMENT_PREFIX_PATH=/home/mahmudch/Desktop/ROS_udemy/code/rosCode/ros2_ws/install/simple_py_pkg:/home/mahmudch/Desktop/ROS_udemy/code/rosCode/ros2_ws/install/simple_interfaces_pkg:${AMENT_PREFIX_PATH} CMAKE_PREFIX_PATH=/home/mahmudch/Desktop/ROS_udemy/code/rosCode/ros2_ws/install/simple_interfaces_pkg:/home/mahmudch/robot_ws/install/car_discription:/home/mahmudch/robot_ws/install/robot_node_py_pkg:/opt/ros/humble LD_LIBRARY_PATH=/home/mahmudch/Desktop/ROS_udemy/code/rosCode/ros2_ws/install/simple_interfaces_pkg/lib:${LD_LIBRARY_PATH} PYTHONPATH=/home/mahmudch/Desktop/ROS_udemy/code/rosCode/ros2_ws/build/simple_py_pkg:/home/mahmudch/Desktop/ROS_udemy/code/rosCode/ros2_ws/install/simple_py_pkg/lib/python3.10/site-packages:/home/mahmudch/Desktop/ROS_udemy/code/rosCode/ros2_ws/install/simple_interfaces_pkg/local/lib/python3.10/dist-packages:${PYTHONPATH} /usr/bin/cmake --install /home/mahmudch/Desktop/ROS_udemy/code/rosCode/ros2_ws/build/simple_bringup
[6.327s] Level 1:colcon.colcon_core.environment:create_environment_scripts_only(simple_bringup)
[6.327s] Level 1:colcon.colcon_core.environment:checking '/home/mahmudch/Desktop/ROS_udemy/code/rosCode/ros2_ws/install/simple_bringup' for CMake module files
[6.328s] DEBUG:colcon.colcon_core.event_handler.log_command:Invoked command in '/home/mahmudch/Desktop/ROS_udemy/code/rosCode/ros2_ws/build/simple_bringup' returned '0': AMENT_PREFIX_PATH=/home/mahmudch/Desktop/ROS_udemy/code/rosCode/ros2_ws/install/simple_py_pkg:/home/mahmudch/Desktop/ROS_udemy/code/rosCode/ros2_ws/install/simple_interfaces_pkg:${AMENT_PREFIX_PATH} CMAKE_PREFIX_PATH=/home/mahmudch/Desktop/ROS_udemy/code/rosCode/ros2_ws/install/simple_interfaces_pkg:/home/mahmudch/robot_ws/install/car_discription:/home/mahmudch/robot_ws/install/robot_node_py_pkg:/opt/ros/humble LD_LIBRARY_PATH=/home/mahmudch/Desktop/ROS_udemy/code/rosCode/ros2_ws/install/simple_interfaces_pkg/lib:${LD_LIBRARY_PATH} PYTHONPATH=/home/mahmudch/Desktop/ROS_udemy/code/rosCode/ros2_ws/build/simple_py_pkg:/home/mahmudch/Desktop/ROS_udemy/code/rosCode/ros2_ws/install/simple_py_pkg/lib/python3.10/site-packages:/home/mahmudch/Desktop/ROS_udemy/code/rosCode/ros2_ws/install/simple_interfaces_pkg/local/lib/python3.10/dist-packages:${PYTHONPATH} /usr/bin/cmake --install /home/mahmudch/Desktop/ROS_udemy/code/rosCode/ros2_ws/build/simple_bringup
[6.328s] Level 1:colcon.colcon_core.environment:checking '/home/mahmudch/Desktop/ROS_udemy/code/rosCode/ros2_ws/install/simple_bringup' for CMake config files
[6.328s] Level 1:colcon.colcon_core.shell:create_environment_hook('simple_bringup', 'cmake_prefix_path')
[6.328s] INFO:colcon.colcon_core.shell:Creating environment hook '/home/mahmudch/Desktop/ROS_udemy/code/rosCode/ros2_ws/install/simple_bringup/share/simple_bringup/hook/cmake_prefix_path.ps1'
[6.329s] INFO:colcon.colcon_core.shell:Creating environment descriptor '/home/mahmudch/Desktop/ROS_udemy/code/rosCode/ros2_ws/install/simple_bringup/share/simple_bringup/hook/cmake_prefix_path.dsv'
[6.329s] INFO:colcon.colcon_core.shell:Creating environment hook '/home/mahmudch/Desktop/ROS_udemy/code/rosCode/ros2_ws/install/simple_bringup/share/simple_bringup/hook/cmake_prefix_path.sh'
[6.329s] Level 1:colcon.colcon_core.environment:checking '/home/mahmudch/Desktop/ROS_udemy/code/rosCode/ros2_ws/install/simple_bringup/bin'
[6.329s] Level 1:colcon.colcon_core.environment:checking '/home/mahmudch/Desktop/ROS_udemy/code/rosCode/ros2_ws/install/simple_bringup/lib/pkgconfig/simple_bringup.pc'
[6.330s] Level 1:colcon.colcon_core.environment:checking '/home/mahmudch/Desktop/ROS_udemy/code/rosCode/ros2_ws/install/simple_bringup/lib/python3.10/site-packages'
[6.330s] Level 1:colcon.colcon_core.environment:checking '/home/mahmudch/Desktop/ROS_udemy/code/rosCode/ros2_ws/install/simple_bringup/bin'
[6.330s] INFO:colcon.colcon_core.shell:Creating package script '/home/mahmudch/Desktop/ROS_udemy/code/rosCode/ros2_ws/install/simple_bringup/share/simple_bringup/package.ps1'
[6.330s] INFO:colcon.colcon_core.shell:Creating package descriptor '/home/mahmudch/Desktop/ROS_udemy/code/rosCode/ros2_ws/install/simple_bringup/share/simple_bringup/package.dsv'
[6.331s] INFO:colcon.colcon_core.shell:Creating package script '/home/mahmudch/Desktop/ROS_udemy/code/rosCode/ros2_ws/install/simple_bringup/share/simple_bringup/package.sh'
[6.331s] INFO:colcon.colcon_core.shell:Creating package script '/home/mahmudch/Desktop/ROS_udemy/code/rosCode/ros2_ws/install/simple_bringup/share/simple_bringup/package.bash'
[6.331s] INFO:colcon.colcon_core.shell:Creating package script '/home/mahmudch/Desktop/ROS_udemy/code/rosCode/ros2_ws/install/simple_bringup/share/simple_bringup/package.zsh'
[6.332s] Level 1:colcon.colcon_core.environment:create_file_with_runtime_dependencies(/home/mahmudch/Desktop/ROS_udemy/code/rosCode/ros2_ws/install/simple_bringup/share/colcon-core/packages/simple_bringup)
[6.332s] Level 1:colcon.colcon_core.environment:create_environment_scripts_only(simple_bringup)
[6.332s] Level 1:colcon.colcon_core.environment:checking '/home/mahmudch/Desktop/ROS_udemy/code/rosCode/ros2_ws/install/simple_bringup' for CMake module files
[6.332s] Level 1:colcon.colcon_core.environment:checking '/home/mahmudch/Desktop/ROS_udemy/code/rosCode/ros2_ws/install/simple_bringup' for CMake config files
[6.333s] Level 1:colcon.colcon_core.shell:create_environment_hook('simple_bringup', 'cmake_prefix_path')
[6.333s] INFO:colcon.colcon_core.shell:Creating environment hook '/home/mahmudch/Desktop/ROS_udemy/code/rosCode/ros2_ws/install/simple_bringup/share/simple_bringup/hook/cmake_prefix_path.ps1'
[6.333s] INFO:colcon.colcon_core.shell:Creating environment descriptor '/home/mahmudch/Desktop/ROS_udemy/code/rosCode/ros2_ws/install/simple_bringup/share/simple_bringup/hook/cmake_prefix_path.dsv'
[6.333s] INFO:colcon.colcon_core.shell:Creating environment hook '/home/mahmudch/Desktop/ROS_udemy/code/rosCode/ros2_ws/install/simple_bringup/share/simple_bringup/hook/cmake_prefix_path.sh'
[6.334s] Level 1:colcon.colcon_core.environment:checking '/home/mahmudch/Desktop/ROS_udemy/code/rosCode/ros2_ws/install/simple_bringup/bin'
[6.334s] Level 1:colcon.colcon_core.environment:checking '/home/mahmudch/Desktop/ROS_udemy/code/rosCode/ros2_ws/install/simple_bringup/lib/pkgconfig/simple_bringup.pc'
[6.334s] Level 1:colcon.colcon_core.environment:checking '/home/mahmudch/Desktop/ROS_udemy/code/rosCode/ros2_ws/install/simple_bringup/lib/python3.10/site-packages'
[6.334s] Level 1:colcon.colcon_core.environment:checking '/home/mahmudch/Desktop/ROS_udemy/code/rosCode/ros2_ws/install/simple_bringup/bin'
[6.335s] INFO:colcon.colcon_core.shell:Creating package script '/home/mahmudch/Desktop/ROS_udemy/code/rosCode/ros2_ws/install/simple_bringup/share/simple_bringup/package.ps1'
[6.335s] INFO:colcon.colcon_core.shell:Creating package descriptor '/home/mahmudch/Desktop/ROS_udemy/code/rosCode/ros2_ws/install/simple_bringup/share/simple_bringup/package.dsv'
[6.335s] INFO:colcon.colcon_core.shell:Creating package script '/home/mahmudch/Desktop/ROS_udemy/code/rosCode/ros2_ws/install/simple_bringup/share/simple_bringup/package.sh'
[6.336s] INFO:colcon.colcon_core.shell:Creating package script '/home/mahmudch/Desktop/ROS_udemy/code/rosCode/ros2_ws/install/simple_bringup/share/simple_bringup/package.bash'
[6.336s] INFO:colcon.colcon_core.shell:Creating package script '/home/mahmudch/Desktop/ROS_udemy/code/rosCode/ros2_ws/install/simple_bringup/share/simple_bringup/package.zsh'
[6.336s] Level 1:colcon.colcon_core.environment:create_file_with_runtime_dependencies(/home/mahmudch/Desktop/ROS_udemy/code/rosCode/ros2_ws/install/simple_bringup/share/colcon-core/packages/simple_bringup)
[6.336s] DEBUG:colcon.colcon_parallel_executor.executor.parallel:closing loop
[6.336s] DEBUG:colcon.colcon_parallel_executor.executor.parallel:loop closed
[6.337s] DEBUG:colcon.colcon_parallel_executor.executor.parallel:run_until_complete finished with '0'
[6.337s] DEBUG:colcon.colcon_core.event_reactor:joining thread
[6.340s] INFO:colcon.colcon_core.plugin_system:Skipping extension 'colcon_notification.desktop_notification.terminal_notifier': Not used on non-Darwin systems
[6.340s] INFO:colcon.colcon_core.plugin_system:Skipping extension 'colcon_notification.desktop_notification.win32': Not used on non-Windows systems
[6.341s] INFO:colcon.colcon_notification.desktop_notification:Sending desktop notification using 'notify2'
[6.351s] DEBUG:colcon.colcon_core.event_reactor:joined thread
[6.351s] INFO:colcon.colcon_core.shell:Creating prefix script '/home/mahmudch/Desktop/ROS_udemy/code/rosCode/ros2_ws/install/local_setup.ps1'
[6.352s] INFO:colcon.colcon_core.shell:Creating prefix util module '/home/mahmudch/Desktop/ROS_udemy/code/rosCode/ros2_ws/install/_local_setup_util_ps1.py'
[6.354s] INFO:colcon.colcon_core.shell:Creating prefix chain script '/home/mahmudch/Desktop/ROS_udemy/code/rosCode/ros2_ws/install/setup.ps1'
[6.355s] INFO:colcon.colcon_core.shell:Creating prefix script '/home/mahmudch/Desktop/ROS_udemy/code/rosCode/ros2_ws/install/local_setup.sh'
[6.357s] INFO:colcon.colcon_core.shell:Creating prefix util module '/home/mahmudch/Desktop/ROS_udemy/code/rosCode/ros2_ws/install/_local_setup_util_sh.py'
[6.358s] INFO:colcon.colcon_core.shell:Creating prefix chain script '/home/mahmudch/Desktop/ROS_udemy/code/rosCode/ros2_ws/install/setup.sh'
[6.359s] INFO:colcon.colcon_core.shell:Creating prefix script '/home/mahmudch/Desktop/ROS_udemy/code/rosCode/ros2_ws/install/local_setup.bash'
[6.359s] INFO:colcon.colcon_core.shell:Creating prefix chain script '/home/mahmudch/Desktop/ROS_udemy/code/rosCode/ros2_ws/install/setup.bash'
[6.360s] INFO:colcon.colcon_core.shell:Creating prefix script '/home/mahmudch/Desktop/ROS_udemy/code/rosCode/ros2_ws/install/local_setup.zsh'
[6.361s] INFO:colcon.colcon_core.shell:Creating prefix chain script '/home/mahmudch/Desktop/ROS_udemy/code/rosCode/ros2_ws/install/setup.zsh'
